Archive member included because of file (symbol)

c:/infineon/tools/dave ide/4.5.0.202105191637/eclipse/arm-gcc-49/bin/../lib/gcc/arm-none-eabi/4.9.3/armv7e-m/softfp\libgcc.a(_aeabi_uldivmod.o)
                              ./Dave/Generated/TIMER/timer.o (__aeabi_uldivmod)
c:/infineon/tools/dave ide/4.5.0.202105191637/eclipse/arm-gcc-49/bin/../lib/gcc/arm-none-eabi/4.9.3/armv7e-m/softfp\libgcc.a(bpabi.o)
                              c:/infineon/tools/dave ide/4.5.0.202105191637/eclipse/arm-gcc-49/bin/../lib/gcc/arm-none-eabi/4.9.3/armv7e-m/softfp\libgcc.a(_aeabi_uldivmod.o) (__gnu_uldivmod_helper)
c:/infineon/tools/dave ide/4.5.0.202105191637/eclipse/arm-gcc-49/bin/../lib/gcc/arm-none-eabi/4.9.3/armv7e-m/softfp\libgcc.a(_dvmd_tls.o)
                              c:/infineon/tools/dave ide/4.5.0.202105191637/eclipse/arm-gcc-49/bin/../lib/gcc/arm-none-eabi/4.9.3/armv7e-m/softfp\libgcc.a(_aeabi_uldivmod.o) (__aeabi_ldiv0)
c:/infineon/tools/dave ide/4.5.0.202105191637/eclipse/arm-gcc-49/bin/../lib/gcc/arm-none-eabi/4.9.3/armv7e-m/softfp\libgcc.a(_divdi3.o)
                              c:/infineon/tools/dave ide/4.5.0.202105191637/eclipse/arm-gcc-49/bin/../lib/gcc/arm-none-eabi/4.9.3/armv7e-m/softfp\libgcc.a(bpabi.o) (__divdi3)
c:/infineon/tools/dave ide/4.5.0.202105191637/eclipse/arm-gcc-49/bin/../lib/gcc/arm-none-eabi/4.9.3/armv7e-m/softfp\libgcc.a(_udivdi3.o)
                              c:/infineon/tools/dave ide/4.5.0.202105191637/eclipse/arm-gcc-49/bin/../lib/gcc/arm-none-eabi/4.9.3/armv7e-m/softfp\libgcc.a(bpabi.o) (__udivdi3)
c:/infineon/tools/dave ide/4.5.0.202105191637/eclipse/arm-gcc-49/bin/../lib/gcc/arm-none-eabi/4.9.3/../../../../arm-none-eabi/lib/armv7e-m/softfp\libg_nano.a(lib_a-atoi.o)
                              ./main.o (atoi)
c:/infineon/tools/dave ide/4.5.0.202105191637/eclipse/arm-gcc-49/bin/../lib/gcc/arm-none-eabi/4.9.3/../../../../arm-none-eabi/lib/armv7e-m/softfp\libg_nano.a(lib_a-errno.o)
                              ./Libraries/Newlib/syscalls.o (__errno)
c:/infineon/tools/dave ide/4.5.0.202105191637/eclipse/arm-gcc-49/bin/../lib/gcc/arm-none-eabi/4.9.3/../../../../arm-none-eabi/lib/armv7e-m/softfp\libg_nano.a(lib_a-impure.o)
                              c:/infineon/tools/dave ide/4.5.0.202105191637/eclipse/arm-gcc-49/bin/../lib/gcc/arm-none-eabi/4.9.3/../../../../arm-none-eabi/lib/armv7e-m/softfp\libg_nano.a(lib_a-errno.o) (_impure_ptr)
c:/infineon/tools/dave ide/4.5.0.202105191637/eclipse/arm-gcc-49/bin/../lib/gcc/arm-none-eabi/4.9.3/../../../../arm-none-eabi/lib/armv7e-m/softfp\libg_nano.a(lib_a-init.o)
                              ./Startup/startup_XMC4700.o (__libc_init_array)
c:/infineon/tools/dave ide/4.5.0.202105191637/eclipse/arm-gcc-49/bin/../lib/gcc/arm-none-eabi/4.9.3/../../../../arm-none-eabi/lib/armv7e-m/softfp\libg_nano.a(lib_a-memcmp.o)
                              ./Dave/Generated/E_EEPROM_XMC4/e_eeprom_xmc4.o (memcmp)
c:/infineon/tools/dave ide/4.5.0.202105191637/eclipse/arm-gcc-49/bin/../lib/gcc/arm-none-eabi/4.9.3/../../../../arm-none-eabi/lib/armv7e-m/softfp\libg_nano.a(lib_a-memcpy.o)
                              ./Libraries/XMCLib/src/xmc_eth_mac.o (memcpy)
c:/infineon/tools/dave ide/4.5.0.202105191637/eclipse/arm-gcc-49/bin/../lib/gcc/arm-none-eabi/4.9.3/../../../../arm-none-eabi/lib/armv7e-m/softfp\libg_nano.a(lib_a-memset.o)
                              ./Libraries/XMCLib/src/xmc_usbd.o (memset)
c:/infineon/tools/dave ide/4.5.0.202105191637/eclipse/arm-gcc-49/bin/../lib/gcc/arm-none-eabi/4.9.3/../../../../arm-none-eabi/lib/armv7e-m/softfp\libg_nano.a(lib_a-rand.o)
                              ./Dave/Generated/ETH_LWIP/lwip/core/ipv4/igmp.o (rand)
c:/infineon/tools/dave ide/4.5.0.202105191637/eclipse/arm-gcc-49/bin/../lib/gcc/arm-none-eabi/4.9.3/../../../../arm-none-eabi/lib/armv7e-m/softfp\libg_nano.a(lib_a-strcmp.o)
                              ./main.o (strcmp)
c:/infineon/tools/dave ide/4.5.0.202105191637/eclipse/arm-gcc-49/bin/../lib/gcc/arm-none-eabi/4.9.3/../../../../arm-none-eabi/lib/armv7e-m/softfp\libg_nano.a(lib_a-strlen.o)
                              ./Dave/Generated/ETH_LWIP/lwip/core/pbuf.o (strlen)
c:/infineon/tools/dave ide/4.5.0.202105191637/eclipse/arm-gcc-49/bin/../lib/gcc/arm-none-eabi/4.9.3/../../../../arm-none-eabi/lib/armv7e-m/softfp\libg_nano.a(lib_a-strtol.o)
                              c:/infineon/tools/dave ide/4.5.0.202105191637/eclipse/arm-gcc-49/bin/../lib/gcc/arm-none-eabi/4.9.3/../../../../arm-none-eabi/lib/armv7e-m/softfp\libg_nano.a(lib_a-atoi.o) (_strtol_r)
c:/infineon/tools/dave ide/4.5.0.202105191637/eclipse/arm-gcc-49/bin/../lib/gcc/arm-none-eabi/4.9.3/../../../../arm-none-eabi/lib/armv7e-m/softfp\libg_nano.a(lib_a-ctype_.o)
                              c:/infineon/tools/dave ide/4.5.0.202105191637/eclipse/arm-gcc-49/bin/../lib/gcc/arm-none-eabi/4.9.3/../../../../arm-none-eabi/lib/armv7e-m/softfp\libg_nano.a(lib_a-strtol.o) (__ctype_ptr__)
[...]
Memory Configuration

Name             Origin             Length             Attributes
FLASH_0_cached   0x08000000         0x00010000         xr
FLASH_0_uncached 0x0c000000         0x00010000         xr
FLASH_1_cached   0x08020000         0x001e0000         xr
FLASH_1_uncached 0x0c020000         0x001e0000         xr
PSRAM_1          0x1ffe8000         0x00018000         !xr
DSRAM_1_system   0x20000000         0x00020000         !xr
DSRAM_2_comm     0x20020000         0x00020000         !xr
SRAM_combined    0x1ffe8000         0x00058000         !xr
*default*        0x00000000         0xffffffff

Linker script and memory map

LOAD ./Startup/startup_XMC4700.o
LOAD ./Startup/system_XMC4700.o
LOAD ./Libraries/XMCLib/src/xmc4_eru.o
LOAD ./Libraries/XMCLib/src/xmc4_flash.o
LOAD ./Libraries/XMCLib/src/xmc4_gpio.o
LOAD ./Libraries/XMCLib/src/xmc4_rtc.o
LOAD ./Libraries/XMCLib/src/xmc4_scu.o
LOAD ./Libraries/XMCLib/src/xmc_can.o
LOAD ./Libraries/XMCLib/src/xmc_ccu4.o
LOAD ./Libraries/XMCLib/src/xmc_ccu8.o
LOAD ./Libraries/XMCLib/src/xmc_common.o
LOAD ./Libraries/XMCLib/src/xmc_dac.o
LOAD ./Libraries/XMCLib/src/xmc_dma.o
LOAD ./Libraries/XMCLib/src/xmc_dsd.o
LOAD ./Libraries/XMCLib/src/xmc_ebu.o
LOAD ./Libraries/XMCLib/src/xmc_ecat.o
LOAD ./Libraries/XMCLib/src/xmc_eru.o
LOAD ./Libraries/XMCLib/src/xmc_eth_mac.o
LOAD ./Libraries/XMCLib/src/xmc_eth_phy_dp83848.o
LOAD ./Libraries/XMCLib/src/xmc_eth_phy_ksz8031rnl.o
LOAD ./Libraries/XMCLib/src/xmc_eth_phy_ksz8081rnb.o
LOAD ./Libraries/XMCLib/src/xmc_fce.o
LOAD ./Libraries/XMCLib/src/xmc_gpio.o
LOAD ./Libraries/XMCLib/src/xmc_hrpwm.o
LOAD ./Libraries/XMCLib/src/xmc_i2c.o
LOAD ./Libraries/XMCLib/src/xmc_i2s.o
LOAD ./Libraries/XMCLib/src/xmc_ledts.o
LOAD ./Libraries/XMCLib/src/xmc_posif.o
LOAD ./Libraries/XMCLib/src/xmc_rtc.o
LOAD ./Libraries/XMCLib/src/xmc_sdmmc.o
LOAD ./Libraries/XMCLib/src/xmc_spi.o
LOAD ./Libraries/XMCLib/src/xmc_uart.o
LOAD ./Libraries/XMCLib/src/xmc_usbd.o
LOAD ./Libraries/XMCLib/src/xmc_usbh.o
LOAD ./Libraries/XMCLib/src/xmc_usic.o
LOAD ./Libraries/XMCLib/src/xmc_vadc.o
LOAD ./Libraries/XMCLib/src/xmc_wdt.o
LOAD ./Libraries/Newlib/syscalls.o
LOAD ./Dave/Generated/TIMER/timer.o
LOAD ./Dave/Generated/TIMER/timer_conf.o
LOAD ./Dave/Generated/SYSTIMER/systimer.o
LOAD ./Dave/Generated/SYSTIMER/systimer_conf.o
LOAD ./Dave/Generated/SPI_MASTER/spi_master.o
LOAD ./Dave/Generated/SPI_MASTER/spi_master_conf.o
LOAD ./Dave/Generated/PIN_INTERRUPT/pin_interrupt.o
LOAD ./Dave/Generated/PIN_INTERRUPT/pin_interrupt_conf.o
LOAD ./Dave/Generated/INTERRUPT/interrupt.o
LOAD ./Dave/Generated/INTERRUPT/interrupt_conf.o
LOAD ./Dave/Generated/GLOBAL_DMA/global_dma.o
LOAD ./Dave/Generated/GLOBAL_DMA/global_dma_conf.o
LOAD ./Dave/Generated/GLOBAL_CCU4/global_ccu4.o
LOAD ./Dave/Generated/GLOBAL_CCU4/global_ccu4_conf.o
LOAD ./Dave/Generated/E_EEPROM_XMC4/e_eeprom_xmc4.o
LOAD ./Dave/Generated/E_EEPROM_XMC4/e_eeprom_xmc4_conf.o
LOAD ./Dave/Generated/ETH_LWIP/lwip/port/netif/ethernetif.o
LOAD ./Dave/Generated/ETH_LWIP/lwip/port/include/arch/memcpy.o
LOAD ./Dave/Generated/ETH_LWIP/lwip/port/sys_arch.o
LOAD ./Dave/Generated/ETH_LWIP/lwip/netif/ppp/auth.o
LOAD ./Dave/Generated/ETH_LWIP/lwip/netif/ppp/chap.o
LOAD ./Dave/Generated/ETH_LWIP/lwip/netif/ppp/chpms.o
LOAD ./Dave/Generated/ETH_LWIP/lwip/netif/ppp/fsm.o
LOAD ./Dave/Generated/ETH_LWIP/lwip/netif/ppp/ipcp.o
LOAD ./Dave/Generated/ETH_LWIP/lwip/netif/ppp/lcp.o
LOAD ./Dave/Generated/ETH_LWIP/lwip/netif/ppp/magic.o
LOAD ./Dave/Generated/ETH_LWIP/lwip/netif/ppp/md5.o
LOAD ./Dave/Generated/ETH_LWIP/lwip/netif/ppp/pap.o
LOAD ./Dave/Generated/ETH_LWIP/lwip/netif/ppp/ppp.o
LOAD ./Dave/Generated/ETH_LWIP/lwip/netif/ppp/ppp_oe.o
LOAD ./Dave/Generated/ETH_LWIP/lwip/netif/ppp/randm.o
LOAD ./Dave/Generated/ETH_LWIP/lwip/netif/ppp/vj.o
LOAD ./Dave/Generated/ETH_LWIP/lwip/netif/etharp.o
LOAD ./Dave/Generated/ETH_LWIP/lwip/netif/slipif.o
LOAD ./Dave/Generated/ETH_LWIP/lwip/core/snmp/asn1_dec.o
LOAD ./Dave/Generated/ETH_LWIP/lwip/core/snmp/asn1_enc.o
LOAD ./Dave/Generated/ETH_LWIP/lwip/core/snmp/mib2.o
LOAD ./Dave/Generated/ETH_LWIP/lwip/core/snmp/mib_structs.o
LOAD ./Dave/Generated/ETH_LWIP/lwip/core/snmp/msg_in.o
LOAD ./Dave/Generated/ETH_LWIP/lwip/core/snmp/msg_out.o
LOAD ./Dave/Generated/ETH_LWIP/lwip/core/ipv4/autoip.o
LOAD ./Dave/Generated/ETH_LWIP/lwip/core/ipv4/icmp.o
LOAD ./Dave/Generated/ETH_LWIP/lwip/core/ipv4/igmp.o
LOAD ./Dave/Generated/ETH_LWIP/lwip/core/ipv4/inet.o
LOAD ./Dave/Generated/ETH_LWIP/lwip/core/ipv4/inet_chksum.o
LOAD ./Dave/Generated/ETH_LWIP/lwip/core/ipv4/ip.o
LOAD ./Dave/Generated/ETH_LWIP/lwip/core/ipv4/ip_addr.o
LOAD ./Dave/Generated/ETH_LWIP/lwip/core/ipv4/ip_frag.o
LOAD ./Dave/Generated/ETH_LWIP/lwip/core/def.o
LOAD ./Dave/Generated/ETH_LWIP/lwip/core/dhcp.o
LOAD ./Dave/Generated/ETH_LWIP/lwip/core/dns.o
LOAD ./Dave/Generated/ETH_LWIP/lwip/core/init.o
LOAD ./Dave/Generated/ETH_LWIP/lwip/core/mem.o
LOAD ./Dave/Generated/ETH_LWIP/lwip/core/memp.o
LOAD ./Dave/Generated/ETH_LWIP/lwip/core/netif.o
LOAD ./Dave/Generated/ETH_LWIP/lwip/core/pbuf.o
LOAD ./Dave/Generated/ETH_LWIP/lwip/core/raw.o
LOAD ./Dave/Generated/ETH_LWIP/lwip/core/stats.o
LOAD ./Dave/Generated/ETH_LWIP/lwip/core/sys.o
LOAD ./Dave/Generated/ETH_LWIP/lwip/core/tcp.o
LOAD ./Dave/Generated/ETH_LWIP/lwip/core/tcp_in.o
LOAD ./Dave/Generated/ETH_LWIP/lwip/core/tcp_out.o
LOAD ./Dave/Generated/ETH_LWIP/lwip/core/timers.o
LOAD ./Dave/Generated/ETH_LWIP/lwip/core/udp.o
LOAD ./Dave/Generated/ETH_LWIP/lwip/api/api_lib.o
LOAD ./Dave/Generated/ETH_LWIP/lwip/api/api_msg.o
LOAD ./Dave/Generated/ETH_LWIP/lwip/api/err.o
LOAD ./Dave/Generated/ETH_LWIP/lwip/api/netbuf.o
LOAD ./Dave/Generated/ETH_LWIP/lwip/api/netdb.o
LOAD ./Dave/Generated/ETH_LWIP/lwip/api/netifapi.o
LOAD ./Dave/Generated/ETH_LWIP/lwip/api/sockets.o
LOAD ./Dave/Generated/ETH_LWIP/lwip/api/tcpip.o
LOAD ./Dave/Generated/ETH_LWIP/eth_lwip.o
LOAD ./Dave/Generated/ETH_LWIP/eth_lwip_conf.o
LOAD ./Dave/Generated/ETH_LWIP/xmc_eth_phy_dp83848.o
LOAD ./Dave/Generated/ETH_LWIP/xmc_eth_phy_ksz8031rnl.o
LOAD ./Dave/Generated/ETH_LWIP/xmc_eth_phy_ksz8081rnl.o
LOAD ./Dave/Generated/DIGITAL_IO/digital_io.o
LOAD ./Dave/Generated/DIGITAL_IO/digital_io_conf.o
LOAD ./Dave/Generated/CPU_CTRL_XMC4/cpu_ctrl_xmc4.o
LOAD ./Dave/Generated/CPU_CTRL_XMC4/cpu_ctrl_xmc4_conf.o
LOAD ./Dave/Generated/CLOCK_XMC4/clock_xmc4.o
LOAD ./Dave/Generated/CLOCK_XMC4/clock_xmc4_conf.o
LOAD ./Dave/Generated/DAVE.o
LOAD ./main.o
LOAD c:/infineon/tools/dave ide/4.5.0.202105191637/eclipse/arm-gcc-49/bin/../lib/gcc/arm-none-eabi/4.9.3/../../../../arm-none-eabi/lib/armv7e-m/softfp\libm.a
START GROUP
LOAD c:/infineon/tools/dave ide/4.5.0.202105191637/eclipse/arm-gcc-49/bin/../lib/gcc/arm-none-eabi/4.9.3/armv7e-m/softfp\libgcc.a
LOAD c:/infineon/tools/dave ide/4.5.0.202105191637/eclipse/arm-gcc-49/bin/../lib/gcc/arm-none-eabi/4.9.3/../../../../arm-none-eabi/lib/armv7e-m/softfp\libg_nano.a
LOAD c:/infineon/tools/dave ide/4.5.0.202105191637/eclipse/arm-gcc-49/bin/../lib/gcc/arm-none-eabi/4.9.3/../../../../arm-none-eabi/lib/armv7e-m/softfp\libc_nano.a
END GROUP
START GROUP
LOAD c:/infineon/tools/dave ide/4.5.0.202105191637/eclipse/arm-gcc-49/bin/../lib/gcc/arm-none-eabi/4.9.3/armv7e-m/softfp\libgcc.a
LOAD c:/infineon/tools/dave ide/4.5.0.202105191637/eclipse/arm-gcc-49/bin/../lib/gcc/arm-none-eabi/4.9.3/../../../../arm-none-eabi/lib/armv7e-m/softfp\libc_nano.a
LOAD c:/infineon/tools/dave ide/4.5.0.202105191637/eclipse/arm-gcc-49/bin/../lib/gcc/arm-none-eabi/4.9.3/../../../../arm-none-eabi/lib/armv7e-m/softfp\libnosys.a
END GROUP
START GROUP
LOAD c:/infineon/tools/dave ide/4.5.0.202105191637/eclipse/arm-gcc-49/bin/../lib/gcc/arm-none-eabi/4.9.3/armv7e-m/softfp\libgcc.a
LOAD c:/infineon/tools/dave ide/4.5.0.202105191637/eclipse/arm-gcc-49/bin/../lib/gcc/arm-none-eabi/4.9.3/../../../../arm-none-eabi/lib/armv7e-m/softfp\libc_nano.a
LOAD c:/infineon/tools/dave ide/4.5.0.202105191637/eclipse/arm-gcc-49/bin/../lib/gcc/arm-none-eabi/4.9.3/../../../../arm-none-eabi/lib/armv7e-m/softfp\libnosys.a
END GROUP
                0x00000800                stack_size = DEFINED (stack_size)?stack_size:0x800
                0x00000040                no_init_size = 0x40

.reset          0x08000000      0x300 load address 0x0c000000
 *(.reset)
 .reset         0x08000000      0x29c ./Startup/startup_XMC4700.o
                0x08000000                __Vectors
                0x08000200                Reset_Handler
                0x08000298                DSD0_7_IRQHandler
                0x08000298                DebugMon_Handler
                0x08000298                VADC0_C0_0_IRQHandler
                0x08000298                CAN0_4_IRQHandler
                0x08000298                VADC0_G2_0_IRQHandler
                0x08000298                USIC0_5_IRQHandler
                0x08000298                POSIF0_0_IRQHandler
                0x08000298                POSIF1_0_IRQHandler
                0x08000298                HardFault_Handler
                0x08000298                VADC0_G1_1_IRQHandler
                0x08000298                PendSV_Handler
                0x08000298                NMI_Handler
                0x08000298                USIC1_3_IRQHandler
                0x08000298                CCU40_2_IRQHandler
                0x08000298                SCU_0_IRQHandler
                0x08000298                ERU0_0_IRQHandler
                0x08000298                CCU41_0_IRQHandler
                0x08000298                USIC1_5_IRQHandler
                0x08000298                DSD0_4_IRQHandler
                0x08000298                CCU80_1_IRQHandler
                0x08000298                CCU81_0_IRQHandler
                0x08000298                UsageFault_Handler
                0x08000298                USIC0_0_IRQHandler
                0x08000298                POSIF1_1_IRQHandler
                0x08000298                CCU81_1_IRQHandler
                0x08000298                ERU1_1_IRQHandler
                0x08000298                VADC0_G2_3_IRQHandler
                0x08000298                VADC0_G2_2_IRQHandler
                0x08000298                CCU42_3_IRQHandler
                0x08000298                DSD0_5_IRQHandler
                0x08000298                VADC0_C0_3_IRQHandler
                0x08000298                CAN0_6_IRQHandler
                0x08000298                VADC0_G0_1_IRQHandler
                0x08000298                CCU81_2_IRQHandler
                0x08000298                USIC2_4_IRQHandler
                0x08000298                CCU81_3_IRQHandler
                0x08000298                CCU42_1_IRQHandler
                0x08000298                USIC1_1_IRQHandler
                0x08000298                USIC2_5_IRQHandler
                0x08000298                CCU40_0_IRQHandler
                0x08000298                CAN0_0_IRQHandler
                0x08000298                ERU1_0_IRQHandler
                0x08000298                CCU42_2_IRQHandler
                0x08000298                Default_Handler
                0x08000298                USIC1_4_IRQHandler
                0x08000298                ERU1_3_IRQHandler
                0x08000298                USIC1_0_IRQHandler
                0x08000298                POSIF0_1_IRQHandler
                0x08000298                VADC0_G0_0_IRQHandler
                0x08000298                DSD0_2_IRQHandler
                0x08000298                CCU80_3_IRQHandler
                0x08000298                CCU41_3_IRQHandler
                0x08000298                CCU80_2_IRQHandler
                0x08000298                VADC0_G1_3_IRQHandler
                0x08000298                VADC0_G0_3_IRQHandler
                0x08000298                PMU0_0_IRQHandler
                0x08000298                CAN0_7_IRQHandler
                0x08000298                DSD0_1_IRQHandler
                0x08000298                CCU41_2_IRQHandler
                0x08000298                VADC0_C0_1_IRQHandler
                0x08000298                CCU43_2_IRQHandler
                0x08000298                USIC2_2_IRQHandler
                0x08000298                MemManage_Handler
                0x08000298                VADC0_G3_1_IRQHandler
                0x08000298                DAC0_0_IRQHandler
                0x08000298                SVC_Handler
                0x08000298                VADC0_G3_3_IRQHandler
                0x08000298                ERU1_2_IRQHandler
                0x08000298                CCU41_1_IRQHandler
                0x08000298                DSD0_6_IRQHandler
                0x08000298                VADC0_G1_2_IRQHandler
                0x08000298                USIC2_3_IRQHandler
                0x08000298                CAN0_2_IRQHandler
                0x08000298                USIC2_0_IRQHandler
                0x08000298                VADC0_G0_2_IRQHandler
                0x08000298                VADC0_G2_1_IRQHandler
                0x08000298                CAN0_3_IRQHandler
                0x08000298                USIC0_3_IRQHandler
                0x08000298                DSD0_0_IRQHandler
                0x08000298                VADC0_C0_2_IRQHandler
                0x08000298                CCU42_0_IRQHandler
                0x08000298                FCE0_0_IRQHandler
                0x08000298                VADC0_G1_0_IRQHandler
                0x08000298                USB0_0_IRQHandler
                0x08000298                CAN0_5_IRQHandler
                0x08000298                CCU80_0_IRQHandler
                0x08000298                CCU40_1_IRQHandler
                0x08000298                USIC2_1_IRQHandler
                0x08000298                USIC0_1_IRQHandler
                0x08000298                VADC0_G3_2_IRQHandler
                0x08000298                CCU40_3_IRQHandler
                0x08000298                BusFault_Handler
                0x08000298                LEDTS0_0_IRQHandler
                0x08000298                USIC0_4_IRQHandler
                0x08000298                CCU43_3_IRQHandler
                0x08000298                ERU0_1_IRQHandler
                0x08000298                VADC0_G3_0_IRQHandler
                0x08000298                USIC1_2_IRQHandler
                0x08000298                DSD0_3_IRQHandler
                0x08000298                SDMMC0_0_IRQHandler
                0x08000298                CAN0_1_IRQHandler
                0x08000298                USIC0_2_IRQHandler
                0x08000298                DAC0_1_IRQHandler
                0x08000300                . = ALIGN (0x100)
 *fill*         0x0800029c       0x64 ff

.text           0x08020000     0x9d08 load address 0x0c020000
                0x08020000                sText = .
 *(.text .text.* .gnu.linkonce.t.*)
 .text.SystemInit
                0x08020000       0x20 ./Startup/system_XMC4700.o
                0x08020000                SystemInit
 .text.SystemCoreClockUpdate
                0x08020020       0xd4 ./Startup/system_XMC4700.o
                0x08020020                SystemCoreClockUpdate
 .text.XMC_ERU_Enable
                0x080200f4       0x2c ./Libraries/XMCLib/src/xmc4_eru.o
                0x080200f4                XMC_ERU_Enable
 .text.XMC_FLASH_lEnterPageModeCommand
                0x08020120       0x20 ./Libraries/XMCLib/src/xmc4_flash.o
                0x08020120                XMC_FLASH_lEnterPageModeCommand
 .text.XMC_FLASH_lLoadPageCommand
                0x08020140       0x30 ./Libraries/XMCLib/src/xmc4_flash.o
                0x08020140                XMC_FLASH_lLoadPageCommand
 .text.XMC_FLASH_lWritePageCommand
                0x08020170       0x44 ./Libraries/XMCLib/src/xmc4_flash.o
                0x08020170                XMC_FLASH_lWritePageCommand
 .text.XMC_FLASH_lEraseSectorCommand
                0x080201b4       0x58 ./Libraries/XMCLib/src/xmc4_flash.o
                0x080201b4                XMC_FLASH_lEraseSectorCommand
 .text.XMC_FLASH_lClearStatusCommand
                0x0802020c       0x20 ./Libraries/XMCLib/src/xmc4_flash.o
                0x0802020c                XMC_FLASH_lClearStatusCommand
 .text.XMC_FLASH_ClearStatus
                0x0802022c        0xc ./Libraries/XMCLib/src/xmc4_flash.o
                0x0802022c                XMC_FLASH_ClearStatus
 .text.XMC_FLASH_GetStatus
                0x08020238       0x1c ./Libraries/XMCLib/src/xmc4_flash.o
                0x08020238                XMC_FLASH_GetStatus
 .text.XMC_FLASH_ProgramPage
                0x08020254       0x68 ./Libraries/XMCLib/src/xmc4_flash.o
                0x08020254                XMC_FLASH_ProgramPage
 .text.XMC_FLASH_EraseSector
                0x080202bc       0x30 ./Libraries/XMCLib/src/xmc4_flash.o
                0x080202bc                XMC_FLASH_EraseSector
 .text.XMC_GPIO_Init
                0x080202ec      0x140 ./Libraries/XMCLib/src/xmc4_gpio.o
                0x080202ec                XMC_GPIO_Init
 .text.XMC_SCU_CLOCK_GetCpuClockFrequency
                0x0802042c       0x18 ./Libraries/XMCLib/src/xmc4_scu.o
 .text.XMC_SCU_lDelay
                0x08020444       0x44 ./Libraries/XMCLib/src/xmc4_scu.o
 .text.XMC_SCU_CLOCK_Init
                0x08020488       0xe0 ./Libraries/XMCLib/src/xmc4_scu.o
                0x08020488                XMC_SCU_CLOCK_Init
 .text.XMC_SCU_RESET_DeassertPeripheralReset
                0x08020568       0x38 ./Libraries/XMCLib/src/xmc4_scu.o
                0x08020568                XMC_SCU_RESET_DeassertPeripheralReset
 .text.XMC_SCU_RESET_IsPeripheralResetAsserted
                0x080205a0       0x48 ./Libraries/XMCLib/src/xmc4_scu.o
                0x080205a0                XMC_SCU_RESET_IsPeripheralResetAsserted
 .text.XMC_SCU_CLOCK_GetPeripheralClockFrequency
                0x080205e8       0x20 ./Libraries/XMCLib/src/xmc4_scu.o
                0x080205e8                XMC_SCU_CLOCK_GetPeripheralClockFrequency
 .text.XMC_SCU_CLOCK_SetSystemClockSource
                0x08020608       0x28 ./Libraries/XMCLib/src/xmc4_scu.o
                0x08020608                XMC_SCU_CLOCK_SetSystemClockSource
 .text.XMC_SCU_CLOCK_SetUsbClockSource
                0x08020630       0x28 ./Libraries/XMCLib/src/xmc4_scu.o
                0x08020630                XMC_SCU_CLOCK_SetUsbClockSource
 .text.XMC_SCU_CLOCK_SetWdtClockSource
                0x08020658       0x28 ./Libraries/XMCLib/src/xmc4_scu.o
                0x08020658                XMC_SCU_CLOCK_SetWdtClockSource
 .text.XMC_SCU_CLOCK_SetSystemPllClockSource
                0x08020680       0x40 ./Libraries/XMCLib/src/xmc4_scu.o
                0x08020680                XMC_SCU_CLOCK_SetSystemPllClockSource
 .text.XMC_SCU_HIB_SetRtcClockSource
                0x080206c0       0x3c ./Libraries/XMCLib/src/xmc4_scu.o
                0x080206c0                XMC_SCU_HIB_SetRtcClockSource
 .text.XMC_SCU_HIB_SetStandbyClockSource
                0x080206fc       0x3c ./Libraries/XMCLib/src/xmc4_scu.o
                0x080206fc                XMC_SCU_HIB_SetStandbyClockSource
 .text.XMC_SCU_CLOCK_SetSystemClockDivider
                0x08020738       0x28 ./Libraries/XMCLib/src/xmc4_scu.o
                0x08020738                XMC_SCU_CLOCK_SetSystemClockDivider
 .text.XMC_SCU_CLOCK_SetCcuClockDivider
                0x08020760       0x28 ./Libraries/XMCLib/src/xmc4_scu.o
                0x08020760                XMC_SCU_CLOCK_SetCcuClockDivider
 .text.XMC_SCU_CLOCK_SetCpuClockDivider
                0x08020788       0x28 ./Libraries/XMCLib/src/xmc4_scu.o
                0x08020788                XMC_SCU_CLOCK_SetCpuClockDivider
 .text.XMC_SCU_CLOCK_SetPeripheralClockDivider
                0x080207b0       0x28 ./Libraries/XMCLib/src/xmc4_scu.o
                0x080207b0                XMC_SCU_CLOCK_SetPeripheralClockDivider
 .text.XMC_SCU_CLOCK_SetUsbClockDivider
                0x080207d8       0x28 ./Libraries/XMCLib/src/xmc4_scu.o
                0x080207d8                XMC_SCU_CLOCK_SetUsbClockDivider
 .text.XMC_SCU_CLOCK_SetEbuClockDivider
                0x08020800       0x28 ./Libraries/XMCLib/src/xmc4_scu.o
                0x08020800                XMC_SCU_CLOCK_SetEbuClockDivider
 .text.XMC_SCU_CLOCK_SetWdtClockDivider
                0x08020828       0x28 ./Libraries/XMCLib/src/xmc4_scu.o
                0x08020828                XMC_SCU_CLOCK_SetWdtClockDivider
 .text.XMC_SCU_CLOCK_EnableClock
                0x08020850       0x20 ./Libraries/XMCLib/src/xmc4_scu.o
                0x08020850                XMC_SCU_CLOCK_EnableClock
 .text.XMC_SCU_CLOCK_UngatePeripheralClock
                0x08020870       0x38 ./Libraries/XMCLib/src/xmc4_scu.o
                0x08020870                XMC_SCU_CLOCK_UngatePeripheralClock
 .text.XMC_SCU_CLOCK_IsPeripheralClockGated
                0x080208a8       0x48 ./Libraries/XMCLib/src/xmc4_scu.o
                0x080208a8                XMC_SCU_CLOCK_IsPeripheralClockGated
 .text.XMC_SCU_CLOCK_StartUsbPll
                0x080208f0       0x74 ./Libraries/XMCLib/src/xmc4_scu.o
                0x080208f0                XMC_SCU_CLOCK_StartUsbPll
 .text.XMC_SCU_CLOCK_SetBackupClockCalibrationMode
                0x08020964       0x4c ./Libraries/XMCLib/src/xmc4_scu.o
                0x08020964                XMC_SCU_CLOCK_SetBackupClockCalibrationMode
 .text.XMC_SCU_HIB_EnableHibernateDomain
                0x080209b0       0x58 ./Libraries/XMCLib/src/xmc4_scu.o
                0x080209b0                XMC_SCU_HIB_EnableHibernateDomain
 .text.XMC_SCU_CLOCK_IsLowPowerOscillatorStable
                0x08020a08       0x24 ./Libraries/XMCLib/src/xmc4_scu.o
                0x08020a08                XMC_SCU_CLOCK_IsLowPowerOscillatorStable
 .text.XMC_SCU_CLOCK_EnableLowPowerOscillator
                0x08020a2c       0x64 ./Libraries/XMCLib/src/xmc4_scu.o
                0x08020a2c                XMC_SCU_CLOCK_EnableLowPowerOscillator
 .text.XMC_SCU_CLOCK_EnableHighPerformanceOscillator
                0x08020a90       0x50 ./Libraries/XMCLib/src/xmc4_scu.o
                0x08020a90                XMC_SCU_CLOCK_EnableHighPerformanceOscillator
 .text.XMC_SCU_CLOCK_IsHighPerformanceOscillatorStable
                0x08020ae0       0x28 ./Libraries/XMCLib/src/xmc4_scu.o
                0x08020ae0                XMC_SCU_CLOCK_IsHighPerformanceOscillatorStable
 .text.XMC_SCU_CLOCK_EnableSystemPll
                0x08020b08       0x20 ./Libraries/XMCLib/src/xmc4_scu.o
                0x08020b08                XMC_SCU_CLOCK_EnableSystemPll
 .text.XMC_SCU_CLOCK_DisableSystemPll
                0x08020b28       0x20 ./Libraries/XMCLib/src/xmc4_scu.o
                0x08020b28                XMC_SCU_CLOCK_DisableSystemPll
 .text.XMC_SCU_CLOCK_StartSystemPll
                0x08020b48      0x174 ./Libraries/XMCLib/src/xmc4_scu.o
                0x08020b48                XMC_SCU_CLOCK_StartSystemPll
 .text.XMC_SCU_CLOCK_StepSystemPllFrequency
                0x08020cbc       0x2c ./Libraries/XMCLib/src/xmc4_scu.o
                0x08020cbc                XMC_SCU_CLOCK_StepSystemPllFrequency
 .text.XMC_CCU4_StartPrescaler
                0x08020ce8       0x20 ./Libraries/XMCLib/src/xmc_ccu4.o
 .text.XMC_CCU4_lDeassertReset
                0x08020d08       0x68 ./Libraries/XMCLib/src/xmc_ccu4.o
 .text.XMC_CCU4_lUngateClock
                0x08020d70       0x68 ./Libraries/XMCLib/src/xmc_ccu4.o
 .text.XMC_CCU4_EnableModule
                0x08020dd8       0x20 ./Libraries/XMCLib/src/xmc_ccu4.o
                0x08020dd8                XMC_CCU4_EnableModule
 .text.XMC_CCU4_Init
                0x08020df8       0x3c ./Libraries/XMCLib/src/xmc_ccu4.o
                0x08020df8                XMC_CCU4_Init
 .text.XMC_CCU4_SLICE_CompareInit
                0x08020e34       0x6c ./Libraries/XMCLib/src/xmc_ccu4.o
                0x08020e34                XMC_CCU4_SLICE_CompareInit
 .text.XMC_CCU4_SLICE_SetInterruptNode
                0x08020ea0       0xb0 ./Libraries/XMCLib/src/xmc_ccu4.o
                0x08020ea0                XMC_CCU4_SLICE_SetInterruptNode
 .text.XMC_DMA_GetEventStatus
                0x08020f50       0x1c ./Libraries/XMCLib/src/xmc_dma.o
 .text.XMC_DMA_GetChannelsTransferCompleteStatus
                0x08020f6c       0x1c ./Libraries/XMCLib/src/xmc_dma.o
 .text.XMC_DMA_GetChannelsBlockCompleteStatus
                0x08020f88       0x1c ./Libraries/XMCLib/src/xmc_dma.o
 .text.XMC_DMA_GetChannelsSourceTransactionCompleteStatus
                0x08020fa4       0x1c ./Libraries/XMCLib/src/xmc_dma.o
 .text.XMC_DMA_GetChannelsDestinationTransactionCompleteStatus
                0x08020fc0       0x1c ./Libraries/XMCLib/src/xmc_dma.o
 .text.XMC_DMA_GetChannelsErrorStatus
                0x08020fdc       0x1c ./Libraries/XMCLib/src/xmc_dma.o
 .text.XMC_DMA_Init
                0x08020ff8       0x14 ./Libraries/XMCLib/src/xmc_dma.o
                0x08020ff8                XMC_DMA_Init
 .text.XMC_DMA_Enable
                0x0802100c       0x44 ./Libraries/XMCLib/src/xmc_dma.o
                0x0802100c                XMC_DMA_Enable
 .text.XMC_DMA_IsEnabled
                0x08021050       0xe4 ./Libraries/XMCLib/src/xmc_dma.o
                0x08021050                XMC_DMA_IsEnabled
 .text.XMC_DMA_EnableRequestLine
                0x08021134       0x98 ./Libraries/XMCLib/src/xmc_dma.o
                0x08021134                XMC_DMA_EnableRequestLine
 .text.XMC_DMA_CH_IsEnabled
                0x080211cc       0x34 ./Libraries/XMCLib/src/xmc_dma.o
                0x080211cc                XMC_DMA_CH_IsEnabled
 .text.XMC_DMA_CH_Init
                0x08021200      0x40c ./Libraries/XMCLib/src/xmc_dma.o
                0x08021200                XMC_DMA_CH_Init
 .text.XMC_DMA_CH_EnableEvent
                0x0802160c       0x50 ./Libraries/XMCLib/src/xmc_dma.o
                0x0802160c                XMC_DMA_CH_EnableEvent
 .text.XMC_DMA_CH_ClearEventStatus
                0x0802165c       0x4c ./Libraries/XMCLib/src/xmc_dma.o
                0x0802165c                XMC_DMA_CH_ClearEventStatus
 .text.XMC_DMA_CH_SetEventHandler
                0x080216a8       0x44 ./Libraries/XMCLib/src/xmc_dma.o
                0x080216a8                XMC_DMA_CH_SetEventHandler
 .text.XMC_DMA_IRQHandler
                0x080216ec      0x220 ./Libraries/XMCLib/src/xmc_dma.o
                0x080216ec                XMC_DMA_IRQHandler
 .text.XMC_ERU_ETL_Init
                0x0802190c       0x4c ./Libraries/XMCLib/src/xmc_eru.o
                0x0802190c                XMC_ERU_ETL_Init
 .text.XMC_ERU_OGU_SetServiceRequestMode
                0x08021958       0x3c ./Libraries/XMCLib/src/xmc_eru.o
                0x08021958                XMC_ERU_OGU_SetServiceRequestMode
 .text.XMC_ETH_MAC_Reset
                0x08021994       0x40 ./Libraries/XMCLib/src/xmc_eth_mac.o
 .text.XMC_ETH_MAC_SetAddress
                0x080219d4       0x2c ./Libraries/XMCLib/src/xmc_eth_mac.o
 .text.XMC_SCU_CLOCK_GetSystemClockFrequency
                0x08021a00       0x28 ./Libraries/XMCLib/src/xmc_eth_mac.o
 .text.XMC_SCU_CLOCK_GetEthernetClockFrequency
                0x08021a28       0x10 ./Libraries/XMCLib/src/xmc_eth_mac.o
 .text.XCM_ETH_MAC_IsNormalEvent
                0x08021a38       0x28 ./Libraries/XMCLib/src/xmc_eth_mac.o
 .text.XCM_ETH_MAC_IsAbnormalEvent
                0x08021a60       0x28 ./Libraries/XMCLib/src/xmc_eth_mac.o
 .text.XMC_ETH_MAC_Init
                0x08021a88       0xa8 ./Libraries/XMCLib/src/xmc_eth_mac.o
                0x08021a88                XMC_ETH_MAC_Init
 .text.XMC_ETH_MAC_InitRxDescriptors
                0x08021b30       0xb0 ./Libraries/XMCLib/src/xmc_eth_mac.o
                0x08021b30                XMC_ETH_MAC_InitRxDescriptors
 .text.XMC_ETH_MAC_InitTxDescriptors
                0x08021be0       0xa0 ./Libraries/XMCLib/src/xmc_eth_mac.o
                0x08021be0                XMC_ETH_MAC_InitTxDescriptors
 .text.XMC_ETH_MAC_GetRxFrameSize
                0x08021c80       0x70 ./Libraries/XMCLib/src/xmc_eth_mac.o
                0x08021c80                XMC_ETH_MAC_GetRxFrameSize
 .text.XMC_ETH_MAC_SetManagmentClockDivider
                0x08021cf0       0xa0 ./Libraries/XMCLib/src/xmc_eth_mac.o
                0x08021cf0                XMC_ETH_MAC_SetManagmentClockDivider
 .text.XMC_ETH_MAC_Enable
                0x08021d90       0x24 ./Libraries/XMCLib/src/xmc_eth_mac.o
                0x08021d90                XMC_ETH_MAC_Enable
 .text.XMC_ETH_MAC_ReadPhy
                0x08021db4       0x74 ./Libraries/XMCLib/src/xmc_eth_mac.o
                0x08021db4                XMC_ETH_MAC_ReadPhy
 .text.XMC_ETH_MAC_WritePhy
                0x08021e28       0x78 ./Libraries/XMCLib/src/xmc_eth_mac.o
                0x08021e28                XMC_ETH_MAC_WritePhy
 .text.XMC_ETH_MAC_EnableEvent
                0x08021ea0       0x70 ./Libraries/XMCLib/src/xmc_eth_mac.o
                0x08021ea0                XMC_ETH_MAC_EnableEvent
 .text.XMC_ETH_MAC_DisableEvent
                0x08021f10       0x4c ./Libraries/XMCLib/src/xmc_eth_mac.o
                0x08021f10                XMC_ETH_MAC_DisableEvent
 .text.XMC_ETH_MAC_ClearEventStatus
                0x08021f5c       0x5c ./Libraries/XMCLib/src/xmc_eth_mac.o
                0x08021f5c                XMC_ETH_MAC_ClearEventStatus
 .text.XMC_ETH_MAC_ReturnRxDescriptor
                0x08021fb8       0x60 ./Libraries/XMCLib/src/xmc_eth_mac.o
                0x08021fb8                XMC_ETH_MAC_ReturnRxDescriptor
 .text.XMC_ETH_MAC_ReturnTxDescriptor
                0x08022018       0x74 ./Libraries/XMCLib/src/xmc_eth_mac.o
                0x08022018                XMC_ETH_MAC_ReturnTxDescriptor
 .text.XMC_FCE_Init
                0x0802208c       0x2c ./Libraries/XMCLib/src/xmc_fce.o
                0x0802208c                XMC_FCE_Init
 .text.XMC_FCE_Enable
                0x080220b8       0x28 ./Libraries/XMCLib/src/xmc_fce.o
                0x080220b8                XMC_FCE_Enable
 .text.XMC_FCE_CalculateCRC32
                0x080220e0       0x64 ./Libraries/XMCLib/src/xmc_fce.o
                0x080220e0                XMC_FCE_CalculateCRC32
 .text.XMC_GPIO_SetHardwareControl
                0x08022144       0x44 ./Libraries/XMCLib/src/xmc_gpio.o
                0x08022144                XMC_GPIO_SetHardwareControl
 .text.XMC_SPI_CH_Init
                0x08022188       0x68 ./Libraries/XMCLib/src/xmc_spi.o
                0x08022188                XMC_SPI_CH_Init
 .text.XMC_SPI_CH_EnableSlaveSelect
                0x080221f0       0x2c ./Libraries/XMCLib/src/xmc_spi.o
                0x080221f0                XMC_SPI_CH_EnableSlaveSelect
 .text.XMC_SPI_CH_GetReceivedData
                0x0802221c       0x34 ./Libraries/XMCLib/src/xmc_spi.o
                0x0802221c                XMC_SPI_CH_GetReceivedData
 .text.XMC_SPI_CH_EnableEvent
                0x08022250       0x34 ./Libraries/XMCLib/src/xmc_spi.o
                0x08022250                XMC_SPI_CH_EnableEvent
 .text.XMC_SPI_CH_DisableEvent
                0x08022284       0x38 ./Libraries/XMCLib/src/xmc_spi.o
                0x08022284                XMC_SPI_CH_DisableEvent
 .text.XMC_USIC_CH_Enable
                0x080222bc       0x98 ./Libraries/XMCLib/src/xmc_usic.o
                0x080222bc                XMC_USIC_CH_Enable
 .text.XMC_USIC_CH_SetBaudrate
                0x08022354       0xe0 ./Libraries/XMCLib/src/xmc_usic.o
                0x08022354                XMC_USIC_CH_SetBaudrate
 .text.XMC_USIC_CH_SetInterruptNodePointer
                0x08022434       0x38 ./Libraries/XMCLib/src/xmc_usic.o
                0x08022434                XMC_USIC_CH_SetInterruptNodePointer
 .text.XMC_USIC_Enable
                0x0802246c       0x68 ./Libraries/XMCLib/src/xmc_usic.o
                0x0802246c                XMC_USIC_Enable
 .text._sbrk    0x080224d4       0x68 ./Libraries/Newlib/syscalls.o
                0x080224d4                _sbrk
 .text._init    0x0802253c        0xc ./Libraries/Newlib/syscalls.o
                0x0802253c                _init
 .text.XMC_CCU4_EnableClock
                0x08022548       0x28 ./Dave/Generated/TIMER/timer.o
 .text.XMC_CCU4_SLICE_StartTimer
                0x08022570       0x18 ./Dave/Generated/TIMER/timer.o
 .text.XMC_CCU4_SLICE_ClearTimer
                0x08022588       0x18 ./Dave/Generated/TIMER/timer.o
 .text.XMC_CCU4_SLICE_SetTimerPeriodMatch
                0x080225a0       0x1c ./Dave/Generated/TIMER/timer.o
 .text.XMC_CCU4_SLICE_SetTimerCompareMatch
                0x080225bc       0x1c ./Dave/Generated/TIMER/timer.o
 .text.XMC_CCU4_EnableShadowTransfer
                0x080225d8       0x1c ./Dave/Generated/TIMER/timer.o
 .text.XMC_CCU4_SLICE_GetTimerValue
                0x080225f4       0x1c ./Dave/Generated/TIMER/timer.o
 .text.XMC_CCU4_SLICE_EnableEvent
                0x08022610       0x2c ./Dave/Generated/TIMER/timer.o
 .text.XMC_CCU4_SLICE_ClearEvent
                0x0802263c       0x2c ./Dave/Generated/TIMER/timer.o
 .text.TIMER_Init
                0x08022668       0x3c ./Dave/Generated/TIMER/timer.o
                0x08022668                TIMER_Init
 .text.TIMER_ClearEvent
                0x080226a4       0x24 ./Dave/Generated/TIMER/timer.o
                0x080226a4                TIMER_ClearEvent
 .text.TIMER_GetTime
                0x080226c8       0x88 ./Dave/Generated/TIMER/timer.o
                0x080226c8                TIMER_GetTime
 .text.TIMER_CCU4_lInit
                0x08022750       0x98 ./Dave/Generated/TIMER/timer.o
                0x08022750                TIMER_CCU4_lInit
 .text.TIMER_CCU4_lShadowTransfer
                0x080227e8       0x3c ./Dave/Generated/TIMER/timer.o
                0x080227e8                TIMER_CCU4_lShadowTransfer
 .text.NVIC_GetPriorityGrouping
                0x08022824       0x1c ./Dave/Generated/SYSTIMER/systimer.o
 .text.NVIC_SetPriority
                0x08022840       0x54 ./Dave/Generated/SYSTIMER/systimer.o
 .text.NVIC_EncodePriority
                0x08022894       0x64 ./Dave/Generated/SYSTIMER/systimer.o
 .text.SysTick_Config
                0x080228f8       0x44 ./Dave/Generated/SYSTIMER/systimer.o
 .text.SYSTIMER_lInsertTimerList
                0x0802293c      0x1c4 ./Dave/Generated/SYSTIMER/systimer.o
 .text.SYSTIMER_lRemoveTimerList
                0x08022b00       0xc0 ./Dave/Generated/SYSTIMER/systimer.o
 .text.SYSTIMER_lTimerHandler
                0x08022bc0       0xcc ./Dave/Generated/SYSTIMER/systimer.o
 .text.SysTick_Handler
                0x08022c8c       0x48 ./Dave/Generated/SYSTIMER/systimer.o
                0x08022c8c                SysTick_Handler
 .text.SYSTIMER_Init
                0x08022cd4       0x70 ./Dave/Generated/SYSTIMER/systimer.o
                0x08022cd4                SYSTIMER_Init
 .text.SYSTIMER_CreateTimer
                0x08022d44      0x13c ./Dave/Generated/SYSTIMER/systimer.o
                0x08022d44                SYSTIMER_CreateTimer
 .text.SYSTIMER_StartTimer
                0x08022e80       0x80 ./Dave/Generated/SYSTIMER/systimer.o
                0x08022e80                SYSTIMER_StartTimer
 .text.SYSTIMER_GetTickCount
                0x08022f00       0x18 ./Dave/Generated/SYSTIMER/systimer.o
                0x08022f00                SYSTIMER_GetTickCount
 .text.XMC_SPI_CH_SetTransmitMode
                0x08022f18       0x2c ./Dave/Generated/SPI_MASTER/spi_master.o
 .text.XMC_DMA_CH_Enable
                0x08022f44       0x24 ./Dave/Generated/SPI_MASTER/spi_master.o
 .text.XMC_DMA_CH_SetSourceAddress
                0x08022f68       0x28 ./Dave/Generated/SPI_MASTER/spi_master.o
 .text.XMC_DMA_CH_SetDestinationAddress
                0x08022f90       0x2c ./Dave/Generated/SPI_MASTER/spi_master.o
 .text.XMC_DMA_CH_SetBlockSize
                0x08022fbc       0x2c ./Dave/Generated/SPI_MASTER/spi_master.o
 .text.SPI_MASTER_Init
                0x08022fe8       0x20 ./Dave/Generated/SPI_MASTER/spi_master.o
                0x08022fe8                SPI_MASTER_Init
 .text.SPI_MASTER_Transmit
                0x08023008       0x34 ./Dave/Generated/SPI_MASTER/spi_master.o
                0x08023008                SPI_MASTER_Transmit
 .text.SPI_MASTER_Receive
                0x0802303c       0x34 ./Dave/Generated/SPI_MASTER/spi_master.o
                0x0802303c                SPI_MASTER_Receive
 .text.SPI_MASTER_StartTransmitDMA
                0x08023070      0x1a8 ./Dave/Generated/SPI_MASTER/spi_master.o
                0x08023070                SPI_MASTER_StartTransmitDMA
 .text.SPI_MASTER_StartReceiveDMA
                0x08023218       0xac ./Dave/Generated/SPI_MASTER/spi_master.o
                0x08023218                SPI_MASTER_StartReceiveDMA
 .text.SPI_MASTER_Transfer
                0x080232c4       0xb0 ./Dave/Generated/SPI_MASTER/spi_master.o
                0x080232c4                SPI_MASTER_Transfer
 .text.SPI_MASTER_lReceiveDMA
                0x08023374       0xb4 ./Dave/Generated/SPI_MASTER/spi_master.o
 .text.SPI_MASTER_lStdRBUFFlush
                0x08023428       0x1c ./Dave/Generated/SPI_MASTER/spi_master.o
 .text.XMC_USIC_CH_SetInputSource
                0x08023444       0x3c ./Dave/Generated/SPI_MASTER/spi_master_conf.o
 .text.XMC_USIC_CH_SetWordLength
                0x08023480       0x2c ./Dave/Generated/SPI_MASTER/spi_master_conf.o
 .text.XMC_USIC_CH_SetFrameLength
                0x080234ac       0x2c ./Dave/Generated/SPI_MASTER/spi_master_conf.o
 .text.XMC_USIC_CH_GetTransmitBufferStatus
                0x080234d8       0x20 ./Dave/Generated/SPI_MASTER/spi_master_conf.o
 .text.XMC_USIC_CH_TriggerServiceRequest
                0x080234f8       0x20 ./Dave/Generated/SPI_MASTER/spi_master_conf.o
 .text.XMC_USIC_CH_ConfigureShiftClockOutput
                0x08023518       0x2c ./Dave/Generated/SPI_MASTER/spi_master_conf.o
 .text.XMC_USIC_CH_SetMode
                0x08023544       0x28 ./Dave/Generated/SPI_MASTER/spi_master_conf.o
 .text.XMC_SPI_CH_Start
                0x0802356c       0x18 ./Dave/Generated/SPI_MASTER/spi_master_conf.o
 .text.XMC_SPI_CH_SetBitOrderMsbFirst
                0x08023584       0x20 ./Dave/Generated/SPI_MASTER/spi_master_conf.o
 .text.XMC_SPI_CH_SetSlaveSelectDelay
                0x080235a4       0x2c ./Dave/Generated/SPI_MASTER/spi_master_conf.o
 .text.XMC_SPI_CH_DisableFEM
                0x080235d0       0x20 ./Dave/Generated/SPI_MASTER/spi_master_conf.o
 .text.XMC_SPI_CH_ConfigureShiftClockOutput
                0x080235f0       0x1c ./Dave/Generated/SPI_MASTER/spi_master_conf.o
 .text.XMC_SPI_CH_SetWordLength
                0x0802360c       0x1c ./Dave/Generated/SPI_MASTER/spi_master_conf.o
 .text.XMC_SPI_CH_SetFrameLength
                0x08023628       0x1c ./Dave/Generated/SPI_MASTER/spi_master_conf.o
 .text.XMC_SPI_CH_SetInputSource
                0x08023644       0x44 ./Dave/Generated/SPI_MASTER/spi_master_conf.o
 .text.SPI_MASTER_ADC_lInit
                0x08023688      0x150 ./Dave/Generated/SPI_MASTER/spi_master_conf.o
 .text.SPI_MASTER_ADC_DMA_tx_handler
                0x080237d8       0x38 ./Dave/Generated/SPI_MASTER/spi_master_conf.o
                0x080237d8                SPI_MASTER_ADC_DMA_tx_handler
 .text.SPI_MASTER_ADC_DMA_rx_handler
                0x08023810       0x44 ./Dave/Generated/SPI_MASTER/spi_master_conf.o
                0x08023810                SPI_MASTER_ADC_DMA_rx_handler
 .text.SPI_MASTER_TC_lInit
                0x08023854      0x164 ./Dave/Generated/SPI_MASTER/spi_master_conf.o
 .text.SPI_MASTER_TC_DMA_tx_handler
                0x080239b8       0x38 ./Dave/Generated/SPI_MASTER/spi_master_conf.o
                0x080239b8                SPI_MASTER_TC_DMA_tx_handler
 .text.SPI_MASTER_TC_DMA_rx_handler
                0x080239f0       0x44 ./Dave/Generated/SPI_MASTER/spi_master_conf.o
                0x080239f0                SPI_MASTER_TC_DMA_rx_handler
 .text.NVIC_GetPriorityGrouping
                0x08023a34       0x1c ./Dave/Generated/PIN_INTERRUPT/pin_interrupt.o
 .text.NVIC_EnableIRQ
                0x08023a50       0x30 ./Dave/Generated/PIN_INTERRUPT/pin_interrupt.o
 .text.NVIC_ClearPendingIRQ
                0x08023a80       0x34 ./Dave/Generated/PIN_INTERRUPT/pin_interrupt.o
 .text.NVIC_SetPriority
                0x08023ab4       0x54 ./Dave/Generated/PIN_INTERRUPT/pin_interrupt.o
 .text.NVIC_EncodePriority
                0x08023b08       0x64 ./Dave/Generated/PIN_INTERRUPT/pin_interrupt.o
 .text.PIN_INTERRUPT_Init
                0x08023b6c       0xa0 ./Dave/Generated/PIN_INTERRUPT/pin_interrupt.o
                0x08023b6c                PIN_INTERRUPT_Init
 .text.NVIC_GetPriorityGrouping
                0x08023c0c       0x1c ./Dave/Generated/INTERRUPT/interrupt.o
 .text.NVIC_EnableIRQ
                0x08023c28       0x30 ./Dave/Generated/INTERRUPT/interrupt.o
 .text.NVIC_SetPriority
                0x08023c58       0x54 ./Dave/Generated/INTERRUPT/interrupt.o
 .text.NVIC_EncodePriority
                0x08023cac       0x64 ./Dave/Generated/INTERRUPT/interrupt.o
 .text.INTERRUPT_Enable
                0x08023d10       0x1c ./Dave/Generated/INTERRUPT/interrupt.o
 .text.INTERRUPT_Init
                0x08023d2c       0x4c ./Dave/Generated/INTERRUPT/interrupt.o
                0x08023d2c                INTERRUPT_Init
 .text.NVIC_GetPriorityGrouping
                0x08023d78       0x1c ./Dave/Generated/GLOBAL_DMA/global_dma.o
 .text.NVIC_EnableIRQ
                0x08023d94       0x30 ./Dave/Generated/GLOBAL_DMA/global_dma.o
 .text.NVIC_SetPriority
                0x08023dc4       0x54 ./Dave/Generated/GLOBAL_DMA/global_dma.o
 .text.NVIC_EncodePriority
                0x08023e18       0x64 ./Dave/Generated/GLOBAL_DMA/global_dma.o
 .text.GLOBAL_DMA_Init
                0x08023e7c       0x6c ./Dave/Generated/GLOBAL_DMA/global_dma.o
                0x08023e7c                GLOBAL_DMA_Init
 .text.GPDMA0_0_IRQHandler
                0x08023ee8       0x10 ./Dave/Generated/GLOBAL_DMA/global_dma_conf.o
                0x08023ee8                GPDMA0_0_IRQHandler
 .text.GPDMA1_0_IRQHandler
                0x08023ef8       0x10 ./Dave/Generated/GLOBAL_DMA/global_dma_conf.o
                0x08023ef8                GPDMA1_0_IRQHandler
 .text.XMC_CCU4_StartPrescaler
                0x08023f08       0x20 ./Dave/Generated/GLOBAL_CCU4/global_ccu4.o
 .text.GLOBAL_CCU4_Init
                0x08023f28       0x40 ./Dave/Generated/GLOBAL_CCU4/global_ccu4.o
                0x08023f28                GLOBAL_CCU4_Init
 .text.XMC_FLASH_SetMargin
                0x08023f68       0x34 ./Dave/Generated/E_EEPROM_XMC4/e_eeprom_xmc4.o
 .text.XMC_FLASH_EnableDoubleBitErrorTrap
                0x08023f9c       0x28 ./Dave/Generated/E_EEPROM_XMC4/e_eeprom_xmc4.o
 .text.XMC_FLASH_DisableDoubleBitErrorTrap
                0x08023fc4       0x28 ./Dave/Generated/E_EEPROM_XMC4/e_eeprom_xmc4.o
 .text.XMC_FCE_InitializeSeedValue
                0x08023fec       0x1c ./Dave/Generated/E_EEPROM_XMC4/e_eeprom_xmc4.o
 .text.E_EEPROM_XMC4_Init
                0x08024008       0xd4 ./Dave/Generated/E_EEPROM_XMC4/e_eeprom_xmc4.o
                0x08024008                E_EEPROM_XMC4_Init
 .text.E_EEPROM_XMC4_WriteArray
                0x080240dc       0x64 ./Dave/Generated/E_EEPROM_XMC4/e_eeprom_xmc4.o
                0x080240dc                E_EEPROM_XMC4_WriteArray
 .text.E_EEPROM_XMC4_ReadArray
                0x08024140       0x4c ./Dave/Generated/E_EEPROM_XMC4/e_eeprom_xmc4.o
                0x08024140                E_EEPROM_XMC4_ReadArray
 .text.E_EEPROM_XMC4_UpdateFlashContents
                0x0802418c       0xa4 ./Dave/Generated/E_EEPROM_XMC4/e_eeprom_xmc4.o
                0x0802418c                E_EEPROM_XMC4_UpdateFlashContents
 .text.E_EEPROM_XMC4_IsFlashEmpty
                0x08024230       0x28 ./Dave/Generated/E_EEPROM_XMC4/e_eeprom_xmc4.o
                0x08024230                E_EEPROM_XMC4_IsFlashEmpty
 .text.E_EEPROM_XMC4_lWriteToFlash
                0x08024258       0x7c ./Dave/Generated/E_EEPROM_XMC4/e_eeprom_xmc4.o
 .text.E_EEPROM_XMC4_lInitReadSectorInfo
                0x080242d4       0xac ./Dave/Generated/E_EEPROM_XMC4/e_eeprom_xmc4.o
 .text.E_EEPROM_XMC4_lInitEraseStateMachine
                0x08024380       0x80 ./Dave/Generated/E_EEPROM_XMC4/e_eeprom_xmc4.o
 .text.E_EEPROM_XMC4_lCalculateCRC
                0x08024400       0x30 ./Dave/Generated/E_EEPROM_XMC4/e_eeprom_xmc4.o
 .text.E_EEPROM_XMC4_lCopyFlashToRam
                0x08024430       0x4c ./Dave/Generated/E_EEPROM_XMC4/e_eeprom_xmc4.o
 .text.NVIC_GetPriorityGrouping
                0x0802447c       0x1c ./Dave/Generated/ETH_LWIP/lwip/port/netif/ethernetif.o
 .text.NVIC_EnableIRQ
                0x08024498       0x30 ./Dave/Generated/ETH_LWIP/lwip/port/netif/ethernetif.o
 .text.NVIC_DisableIRQ
                0x080244c8       0x34 ./Dave/Generated/ETH_LWIP/lwip/port/netif/ethernetif.o
 .text.NVIC_ClearPendingIRQ
                0x080244fc       0x34 ./Dave/Generated/ETH_LWIP/lwip/port/netif/ethernetif.o
 .text.NVIC_SetPriority
                0x08024530       0x54 ./Dave/Generated/ETH_LWIP/lwip/port/netif/ethernetif.o
 .text.NVIC_EncodePriority
                0x08024584       0x64 ./Dave/Generated/ETH_LWIP/lwip/port/netif/ethernetif.o
 .text.XMC_ETH_MAC_SetPortControl
                0x080245e8       0x20 ./Dave/Generated/ETH_LWIP/lwip/port/netif/ethernetif.o
 .text.XMC_ETH_MAC_DisableJumboFrame
                0x08024608       0x24 ./Dave/Generated/ETH_LWIP/lwip/port/netif/ethernetif.o
 .text.XMC_ETH_MAC_SetLink
                0x0802462c       0x34 ./Dave/Generated/ETH_LWIP/lwip/port/netif/ethernetif.o
 .text.XMC_ETH_MAC_IsRxDescriptorOwnedByDma
                0x08024660       0x28 ./Dave/Generated/ETH_LWIP/lwip/port/netif/ethernetif.o
 .text.XMC_ETH_MAC_IsTxDescriptorOwnedByDma
                0x08024688       0x28 ./Dave/Generated/ETH_LWIP/lwip/port/netif/ethernetif.o
 .text.XMC_ETH_MAC_EnableRx
                0x080246b0       0x40 ./Dave/Generated/ETH_LWIP/lwip/port/netif/ethernetif.o
 .text.XMC_ETH_MAC_DisableRx
                0x080246f0       0x40 ./Dave/Generated/ETH_LWIP/lwip/port/netif/ethernetif.o
 .text.XMC_ETH_MAC_EnableTx
                0x08024730       0x40 ./Dave/Generated/ETH_LWIP/lwip/port/netif/ethernetif.o
 .text.XMC_ETH_MAC_DisableTx
                0x08024770       0x40 ./Dave/Generated/ETH_LWIP/lwip/port/netif/ethernetif.o
 .text.XMC_ETH_MAC_ResumeTx
                0x080247b0       0x30 ./Dave/Generated/ETH_LWIP/lwip/port/netif/ethernetif.o
 .text.XMC_ETH_MAC_ResumeRx
                0x080247e0       0x30 ./Dave/Generated/ETH_LWIP/lwip/port/netif/ethernetif.o
 .text.XMC_ETH_MAC_GetTxBuffer
                0x08024810       0x24 ./Dave/Generated/ETH_LWIP/lwip/port/netif/ethernetif.o
 .text.XMC_ETH_MAC_GetRxBuffer
                0x08024834       0x24 ./Dave/Generated/ETH_LWIP/lwip/port/netif/ethernetif.o
 .text.XMC_ETH_MAC_SetTxBufferSize
                0x08024858       0x28 ./Dave/Generated/ETH_LWIP/lwip/port/netif/ethernetif.o
 .text.ethernetif_link_callback
                0x08024880      0x10c ./Dave/Generated/ETH_LWIP/lwip/port/netif/ethernetif.o
 .text.ethernetif_link_status
                0x0802498c       0x60 ./Dave/Generated/ETH_LWIP/lwip/port/netif/ethernetif.o
 .text.low_level_init
                0x080249ec      0x140 ./Dave/Generated/ETH_LWIP/lwip/port/netif/ethernetif.o
 .text.low_level_output
                0x08024b2c       0xb0 ./Dave/Generated/ETH_LWIP/lwip/port/netif/ethernetif.o
 .text.low_level_input
                0x08024bdc       0xc8 ./Dave/Generated/ETH_LWIP/lwip/port/netif/ethernetif.o
 .text.ethernetif_input
                0x08024ca4       0x70 ./Dave/Generated/ETH_LWIP/lwip/port/netif/ethernetif.o
 .text.ethernetif_init
                0x08024d14       0x4c ./Dave/Generated/ETH_LWIP/lwip/port/netif/ethernetif.o
                0x08024d14                ethernetif_init
 .text.ETH0_0_IRQHandler
                0x08024d60       0x1c ./Dave/Generated/ETH_LWIP/lwip/port/netif/ethernetif.o
                0x08024d60                ETH0_0_IRQHandler
 .text.ETH_LWIP_Error
                0x08024d7c       0x24 ./Dave/Generated/ETH_LWIP/lwip/port/netif/ethernetif.o
                0x08024d7c                ETH_LWIP_Error
 .text.thumb2_memcpy
                0x08024da0       0x3c ./Dave/Generated/ETH_LWIP/lwip/port/include/arch/memcpy.o
                0x08024da0                thumb2_memcpy
 .text.sys_now  0x08024ddc       0x28 ./Dave/Generated/ETH_LWIP/lwip/port/sys_arch.o
                0x08024ddc                sys_now
 .text.etharp_free_entry
                0x08024e04       0x64 ./Dave/Generated/ETH_LWIP/lwip/netif/etharp.o
 .text.etharp_tmr
                0x08024e68       0xdc ./Dave/Generated/ETH_LWIP/lwip/netif/etharp.o
                0x08024e68                etharp_tmr
 .text.etharp_find_entry
                0x08024f44      0x1e8 ./Dave/Generated/ETH_LWIP/lwip/netif/etharp.o
 .text.etharp_send_ip
                0x0802512c       0x54 ./Dave/Generated/ETH_LWIP/lwip/netif/etharp.o
 .text.etharp_update_arp_entry
                0x08025180      0x11c ./Dave/Generated/ETH_LWIP/lwip/netif/etharp.o
 .text.etharp_cleanup_netif
                0x0802529c       0x60 ./Dave/Generated/ETH_LWIP/lwip/netif/etharp.o
                0x0802529c                etharp_cleanup_netif
 .text.etharp_arp_input
                0x080252fc      0x184 ./Dave/Generated/ETH_LWIP/lwip/netif/etharp.o
 .text.etharp_output_to_arp_index
                0x08025480       0x9c ./Dave/Generated/ETH_LWIP/lwip/netif/etharp.o
 .text.etharp_output
                0x0802551c      0x190 ./Dave/Generated/ETH_LWIP/lwip/netif/etharp.o
                0x0802551c                etharp_output
 .text.etharp_query
                0x080256ac      0x1f4 ./Dave/Generated/ETH_LWIP/lwip/netif/etharp.o
                0x080256ac                etharp_query
 .text.etharp_raw
                0x080258a0       0xf8 ./Dave/Generated/ETH_LWIP/lwip/netif/etharp.o
 .text.etharp_request
                0x08025998       0x48 ./Dave/Generated/ETH_LWIP/lwip/netif/etharp.o
                0x08025998                etharp_request
 .text.ethernet_input
                0x080259e0       0xfc ./Dave/Generated/ETH_LWIP/lwip/netif/etharp.o
                0x080259e0                ethernet_input
 .text.icmp_input
                0x08025adc      0x1c8 ./Dave/Generated/ETH_LWIP/lwip/core/ipv4/icmp.o
                0x08025adc                icmp_input
 .text.icmp_dest_unreach
                0x08025ca4       0x20 ./Dave/Generated/ETH_LWIP/lwip/core/ipv4/icmp.o
                0x08025ca4                icmp_dest_unreach
 .text.icmp_send_response
                0x08025cc4       0xac ./Dave/Generated/ETH_LWIP/lwip/core/ipv4/icmp.o
 .text.igmp_init
                0x08025d70       0x28 ./Dave/Generated/ETH_LWIP/lwip/core/ipv4/igmp.o
                0x08025d70                igmp_init
 .text.igmp_start
                0x08025d98       0x54 ./Dave/Generated/ETH_LWIP/lwip/core/ipv4/igmp.o
                0x08025d98                igmp_start
 .text.igmp_report_groups
                0x08025dec       0x38 ./Dave/Generated/ETH_LWIP/lwip/core/ipv4/igmp.o
                0x08025dec                igmp_report_groups
 .text.igmp_lookfor_group
                0x08025e24       0x4c ./Dave/Generated/ETH_LWIP/lwip/core/ipv4/igmp.o
                0x08025e24                igmp_lookfor_group
 .text.igmp_lookup_group
                0x08025e70       0x80 ./Dave/Generated/ETH_LWIP/lwip/core/ipv4/igmp.o
 .text.igmp_input
                0x08025ef0      0x168 ./Dave/Generated/ETH_LWIP/lwip/core/ipv4/igmp.o
                0x08025ef0                igmp_input
 .text.igmp_tmr
                0x08026058       0x48 ./Dave/Generated/ETH_LWIP/lwip/core/ipv4/igmp.o
                0x08026058                igmp_tmr
 .text.igmp_timeout
                0x080260a0       0x20 ./Dave/Generated/ETH_LWIP/lwip/core/ipv4/igmp.o
 .text.igmp_start_timer
                0x080260c0       0x3c ./Dave/Generated/ETH_LWIP/lwip/core/ipv4/igmp.o
 .text.igmp_delaying_member
                0x080260fc       0x48 ./Dave/Generated/ETH_LWIP/lwip/core/ipv4/igmp.o
 .text.igmp_ip_output_if
                0x08026144       0x44 ./Dave/Generated/ETH_LWIP/lwip/core/ipv4/igmp.o
 .text.igmp_send
                0x08026188       0xc4 ./Dave/Generated/ETH_LWIP/lwip/core/ipv4/igmp.o
 .text.lwip_standard_chksum
                0x0802624c       0xbc ./Dave/Generated/ETH_LWIP/lwip/core/ipv4/inet_chksum.o
 .text.inet_chksum
                0x08026308       0x24 ./Dave/Generated/ETH_LWIP/lwip/core/ipv4/inet_chksum.o
                0x08026308                inet_chksum
 .text.inet_chksum_pbuf
                0x0802632c       0x98 ./Dave/Generated/ETH_LWIP/lwip/core/ipv4/inet_chksum.o
                0x0802632c                inet_chksum_pbuf
 .text.ip_route
                0x080263c4       0x78 ./Dave/Generated/ETH_LWIP/lwip/core/ipv4/ip.o
                0x080263c4                ip_route
 .text.ip_input
                0x0802643c      0x248 ./Dave/Generated/ETH_LWIP/lwip/core/ipv4/ip.o
                0x0802643c                ip_input
 .text.ip_output_if
                0x08026684       0x40 ./Dave/Generated/ETH_LWIP/lwip/core/ipv4/ip.o
                0x08026684                ip_output_if
 .text.ip_output_if_opt
                0x080266c4      0x15c ./Dave/Generated/ETH_LWIP/lwip/core/ipv4/ip.o
                0x080266c4                ip_output_if_opt
 .text.ip_output
                0x08026820       0x4c ./Dave/Generated/ETH_LWIP/lwip/core/ipv4/ip.o
                0x08026820                ip_output
 .text.ip4_addr_isbroadcast
                0x0802686c       0x78 ./Dave/Generated/ETH_LWIP/lwip/core/ipv4/ip_addr.o
                0x0802686c                ip4_addr_isbroadcast
 .text.ipaddr_aton
                0x080268e4      0x238 ./Dave/Generated/ETH_LWIP/lwip/core/ipv4/ip_addr.o
                0x080268e4                ipaddr_aton
 .text.lwip_htons
                0x08026b1c       0x2c ./Dave/Generated/ETH_LWIP/lwip/core/def.o
                0x08026b1c                lwip_htons
 .text.lwip_ntohs
                0x08026b48       0x1c ./Dave/Generated/ETH_LWIP/lwip/core/def.o
                0x08026b48                lwip_ntohs
 .text.lwip_htonl
                0x08026b64       0x34 ./Dave/Generated/ETH_LWIP/lwip/core/def.o
                0x08026b64                lwip_htonl
 .text.lwip_init
                0x08026b98       0x20 ./Dave/Generated/ETH_LWIP/lwip/core/init.o
                0x08026b98                lwip_init
 .text.plug_holes
                0x08026bb8       0xbc ./Dave/Generated/ETH_LWIP/lwip/core/mem.o
 .text.mem_init
                0x08026c74       0x78 ./Dave/Generated/ETH_LWIP/lwip/core/mem.o
                0x08026c74                mem_init
 .text.mem_free
                0x08026cec       0x5c ./Dave/Generated/ETH_LWIP/lwip/core/mem.o
                0x08026cec                mem_free
 .text.mem_trim
                0x08026d48      0x174 ./Dave/Generated/ETH_LWIP/lwip/core/mem.o
                0x08026d48                mem_trim
 .text.mem_malloc
                0x08026ebc      0x148 ./Dave/Generated/ETH_LWIP/lwip/core/mem.o
                0x08026ebc                mem_malloc
 .text.memp_init
                0x08027004       0x98 ./Dave/Generated/ETH_LWIP/lwip/core/memp.o
                0x08027004                memp_init
 .text.memp_malloc
                0x0802709c       0x44 ./Dave/Generated/ETH_LWIP/lwip/core/memp.o
                0x0802709c                memp_malloc
 .text.memp_free
                0x080270e0       0x3c ./Dave/Generated/ETH_LWIP/lwip/core/memp.o
                0x080270e0                memp_free
 .text.netif_init
                0x0802711c        0xc ./Dave/Generated/ETH_LWIP/lwip/core/netif.o
                0x0802711c                netif_init
 .text.netif_add
                0x08027128       0xa4 ./Dave/Generated/ETH_LWIP/lwip/core/netif.o
                0x08027128                netif_add
 .text.netif_set_addr
                0x080271cc       0x2c ./Dave/Generated/ETH_LWIP/lwip/core/netif.o
                0x080271cc                netif_set_addr
 .text.netif_set_ipaddr
                0x080271f8       0x28 ./Dave/Generated/ETH_LWIP/lwip/core/netif.o
                0x080271f8                netif_set_ipaddr
 .text.netif_set_gw
                0x08027220       0x28 ./Dave/Generated/ETH_LWIP/lwip/core/netif.o
                0x08027220                netif_set_gw
 .text.netif_set_netmask
                0x08027248       0x28 ./Dave/Generated/ETH_LWIP/lwip/core/netif.o
                0x08027248                netif_set_netmask
 .text.netif_set_default
                0x08027270       0x1c ./Dave/Generated/ETH_LWIP/lwip/core/netif.o
                0x08027270                netif_set_default
 .text.netif_set_up
                0x0802728c       0x6c ./Dave/Generated/ETH_LWIP/lwip/core/netif.o
                0x0802728c                netif_set_up
 .text.netif_set_down
                0x080272f8       0x44 ./Dave/Generated/ETH_LWIP/lwip/core/netif.o
                0x080272f8                netif_set_down
 .text.netif_set_link_up
                0x0802733c       0x7c ./Dave/Generated/ETH_LWIP/lwip/core/netif.o
                0x0802733c                netif_set_link_up
 .text.netif_set_link_down
                0x080273b8       0x40 ./Dave/Generated/ETH_LWIP/lwip/core/netif.o
                0x080273b8                netif_set_link_down
 .text.netif_set_link_callback
                0x080273f8       0x20 ./Dave/Generated/ETH_LWIP/lwip/core/netif.o
                0x080273f8                netif_set_link_callback
 .text.pbuf_alloc
                0x08027418      0x1f4 ./Dave/Generated/ETH_LWIP/lwip/core/pbuf.o
                0x08027418                pbuf_alloc
 .text.pbuf_realloc
                0x0802760c       0xb0 ./Dave/Generated/ETH_LWIP/lwip/core/pbuf.o
                0x0802760c                pbuf_realloc
 .text.pbuf_header
                0x080276bc       0xe4 ./Dave/Generated/ETH_LWIP/lwip/core/pbuf.o
                0x080276bc                pbuf_header
 .text.pbuf_free
                0x080277a0       0x88 ./Dave/Generated/ETH_LWIP/lwip/core/pbuf.o
                0x080277a0                pbuf_free
 .text.pbuf_ref
                0x08027828       0x24 ./Dave/Generated/ETH_LWIP/lwip/core/pbuf.o
                0x08027828                pbuf_ref
 .text.pbuf_cat
                0x0802784c       0x60 ./Dave/Generated/ETH_LWIP/lwip/core/pbuf.o
                0x0802784c                pbuf_cat
 .text.pbuf_chain
                0x080278ac       0x20 ./Dave/Generated/ETH_LWIP/lwip/core/pbuf.o
                0x080278ac                pbuf_chain
 .text.pbuf_copy
                0x080278cc      0x118 ./Dave/Generated/ETH_LWIP/lwip/core/pbuf.o
                0x080278cc                pbuf_copy
 .text.raw_input
                0x080279e4       0xc0 ./Dave/Generated/ETH_LWIP/lwip/core/raw.o
                0x080279e4                raw_input
 .text.arp_timer
                0x08027aa4       0x24 ./Dave/Generated/ETH_LWIP/lwip/core/timers.o
 .text.igmp_timer
                0x08027ac8       0x20 ./Dave/Generated/ETH_LWIP/lwip/core/timers.o
 .text.sys_timeouts_init
                0x08027ae8       0x34 ./Dave/Generated/ETH_LWIP/lwip/core/timers.o
                0x08027ae8                sys_timeouts_init
 .text.sys_timeout
                0x08027b1c       0xdc ./Dave/Generated/ETH_LWIP/lwip/core/timers.o
                0x08027b1c                sys_timeout
 .text.sys_check_timeouts
                0x08027bf8       0x8c ./Dave/Generated/ETH_LWIP/lwip/core/timers.o
                0x08027bf8                sys_check_timeouts
 .text.udp_init
                0x08027c84        0xc ./Dave/Generated/ETH_LWIP/lwip/core/udp.o
                0x08027c84                udp_init
 .text.udp_new_port
                0x08027c90       0x74 ./Dave/Generated/ETH_LWIP/lwip/core/udp.o
 .text.udp_input
                0x08027d04      0x22c ./Dave/Generated/ETH_LWIP/lwip/core/udp.o
                0x08027d04                udp_input
 .text.udp_sendto_if
                0x08027f30      0x158 ./Dave/Generated/ETH_LWIP/lwip/core/udp.o
                0x08027f30                udp_sendto_if
 .text.udp_bind
                0x08028088       0xc0 ./Dave/Generated/ETH_LWIP/lwip/core/udp.o
                0x08028088                udp_bind
 .text.udp_new  0x08028148       0x30 ./Dave/Generated/ETH_LWIP/lwip/core/udp.o
                0x08028148                udp_new
 .text.ETH_LWIP_Init
                0x08028178       0xa8 ./Dave/Generated/ETH_LWIP/eth_lwip.o
                0x08028178                ETH_LWIP_Init
 .text.XMC_ETH_PHY_IsDeviceIdValid
                0x08028220       0x68 ./Dave/Generated/ETH_LWIP/xmc_eth_phy_ksz8081rnl.o
 .text.XMC_ETH_PHY_Init
                0x08028288       0x98 ./Dave/Generated/ETH_LWIP/xmc_eth_phy_ksz8081rnl.o
                0x08028288                XMC_ETH_PHY_Init
 .text.XMC_ETH_PHY_Reset
                0x08028320       0x50 ./Dave/Generated/ETH_LWIP/xmc_eth_phy_ksz8081rnl.o
                0x08028320                XMC_ETH_PHY_Reset
 .text.XMC_ETH_PHY_GetLinkStatus
                0x08028370       0x34 ./Dave/Generated/ETH_LWIP/xmc_eth_phy_ksz8081rnl.o
                0x08028370                XMC_ETH_PHY_GetLinkStatus
 .text.XMC_ETH_PHY_GetLinkSpeed
                0x080283a4       0x38 ./Dave/Generated/ETH_LWIP/xmc_eth_phy_ksz8081rnl.o
                0x080283a4                XMC_ETH_PHY_GetLinkSpeed
 .text.XMC_ETH_PHY_GetLinkDuplex
                0x080283dc       0x38 ./Dave/Generated/ETH_LWIP/xmc_eth_phy_ksz8081rnl.o
                0x080283dc                XMC_ETH_PHY_GetLinkDuplex
 .text.XMC_ETH_PHY_IsAutonegotiationCompleted
                0x08028414       0x34 ./Dave/Generated/ETH_LWIP/xmc_eth_phy_ksz8081rnl.o
                0x08028414                XMC_ETH_PHY_IsAutonegotiationCompleted
 .text.DIGITAL_IO_Init
                0x08028448       0x40 ./Dave/Generated/DIGITAL_IO/digital_io.o
                0x08028448                DIGITAL_IO_Init
 .text.NVIC_SetPriorityGrouping
                0x08028488       0x48 ./Dave/Generated/CPU_CTRL_XMC4/cpu_ctrl_xmc4_conf.o
 .text.SystemCoreSetup
                0x080284d0       0xa0 ./Dave/Generated/CPU_CTRL_XMC4/cpu_ctrl_xmc4_conf.o
                0x080284d0                SystemCoreSetup
 .text.CLOCK_XMC4_Init
                0x08028570       0x20 ./Dave/Generated/CLOCK_XMC4/clock_xmc4.o
                0x08028570                CLOCK_XMC4_Init
 .text.OSCHP_GetFrequency
                0x08028590       0x14 ./Dave/Generated/CLOCK_XMC4/clock_xmc4.o
                0x08028590                OSCHP_GetFrequency
 .text.SystemCoreClockSetup
                0x080285a4       0x54 ./Dave/Generated/CLOCK_XMC4/clock_xmc4_conf.o
                0x080285a4                SystemCoreClockSetup
 .text.DAVE_Init
                0x080285f8      0x114 ./Dave/Generated/DAVE.o
                0x080285f8                DAVE_Init
 .text.NVIC_EnableIRQ
                0x0802870c       0x30 ./main.o
 .text.XMC_USIC_CH_SetFrameLength
                0x0802873c       0x2c ./main.o
 .text.XMC_SPI_CH_SetFrameLength
                0x08028768       0x1c ./main.o
 .text.SPI_MASTER_IsRxBusy
                0x08028784       0x1c ./main.o
 .text.SPI_MASTER_EnableSlaveSelectSignal
                0x080287a0       0x2c ./main.o
 .text.PIN_INTERRUPT_Enable
                0x080287cc       0x1c ./main.o
 .text.INTERRUPT_Enable
                0x080287e8       0x1c ./main.o
 .text.load_flash_config
                0x08028804       0xd0 ./main.o
                0x08028804                load_flash_config
 .text.local_udp_reset
                0x080288d4       0x40 ./main.o
                0x080288d4                local_udp_reset
 .text.local_udp_init
                0x08028914       0x3c ./main.o
                0x08028914                local_udp_init
 .text.send_data
                0x08028950       0x64 ./main.o
                0x08028950                send_data
 .text.parse_command
                0x080289b4      0x1b4 ./main.o
                0x080289b4                parse_command
 .text.main     0x08028b68      0x2c0 ./main.o
                0x08028b68                main
 .text.CCU43_1_IRQHandler
                0x08028e28       0x20 ./main.o
                0x08028e28                CCU43_1_IRQHandler
 .text.CCU43_0_IRQHandler
                0x08028e48       0x48 ./main.o
                0x08028e48                CCU43_0_IRQHandler
 .text.ERU0_3_IRQHandler
                0x08028e90       0x3c ./main.o
                0x08028e90                ERU0_3_IRQHandler
 .text.ERU0_2_IRQHandler
                0x08028ecc       0x3c ./main.o
                0x08028ecc                ERU0_2_IRQHandler
 .text.adc_register_config
                0x08028f08      0x21c ./main.o
                0x08028f08                adc_register_config
 .text.xmc_ADC_setup
                0x08029124       0xe0 ./main.o
                0x08029124                xmc_ADC_setup
 .text.atoi     0x08029204        0x8 c:/infineon/tools/dave ide/4.5.0.202105191637/eclipse/arm-gcc-49/bin/../lib/gcc/arm-none-eabi/4.9.3/../../../../arm-none-eabi/lib/armv7e-m/softfp\libg_nano.a(lib_a-atoi.o)
                0x08029204                atoi
 .text.__errno  0x0802920c        0xc c:/infineon/tools/dave ide/4.5.0.202105191637/eclipse/arm-gcc-49/bin/../lib/gcc/arm-none-eabi/4.9.3/../../../../arm-none-eabi/lib/armv7e-m/softfp\libg_nano.a(lib_a-errno.o)
                0x0802920c                __errno
 .text.__libc_init_array
                0x08029218       0x4c c:/infineon/tools/dave ide/4.5.0.202105191637/eclipse/arm-gcc-49/bin/../lib/gcc/arm-none-eabi/4.9.3/../../../../arm-none-eabi/lib/armv7e-m/softfp\libg_nano.a(lib_a-init.o)
                0x08029218                __libc_init_array
 .text.memcmp   0x08029264       0x20 c:/infineon/tools/dave ide/4.5.0.202105191637/eclipse/arm-gcc-49/bin/../lib/gcc/arm-none-eabi/4.9.3/../../../../arm-none-eabi/lib/armv7e-m/softfp\libg_nano.a(lib_a-memcmp.o)
                0x08029264                memcmp
 .text.memcpy   0x08029284       0x16 c:/infineon/tools/dave ide/4.5.0.202105191637/eclipse/arm-gcc-49/bin/../lib/gcc/arm-none-eabi/4.9.3/../../../../arm-none-eabi/lib/armv7e-m/softfp\libg_nano.a(lib_a-memcpy.o)
                0x08029284                memcpy
 .text.memset   0x0802929a       0x10 c:/infineon/tools/dave ide/4.5.0.202105191637/eclipse/arm-gcc-49/bin/../lib/gcc/arm-none-eabi/4.9.3/../../../../arm-none-eabi/lib/armv7e-m/softfp\libg_nano.a(lib_a-memset.o)
                0x0802929a                memset
 *fill*         0x080292aa        0x2 
 .text.rand     0x080292ac       0x74 c:/infineon/tools/dave ide/4.5.0.202105191637/eclipse/arm-gcc-49/bin/../lib/gcc/arm-none-eabi/4.9.3/../../../../arm-none-eabi/lib/armv7e-m/softfp\libg_nano.a(lib_a-rand.o)
                0x080292ac                rand
 .text          0x08029320       0x14 c:/infineon/tools/dave ide/4.5.0.202105191637/eclipse/arm-gcc-49/bin/../lib/gcc/arm-none-eabi/4.9.3/../../../../arm-none-eabi/lib/armv7e-m/softfp\libg_nano.a(lib_a-strcmp.o)
                0x08029320                strcmp
 .text.strlen   0x08029334       0x10 c:/infineon/tools/dave ide/4.5.0.202105191637/eclipse/arm-gcc-49/bin/../lib/gcc/arm-none-eabi/4.9.3/../../../../arm-none-eabi/lib/armv7e-m/softfp\libg_nano.a(lib_a-strlen.o)
                0x08029334                strlen
 .text._strtol_r
                0x08029344      0x10c c:/infineon/tools/dave ide/4.5.0.202105191637/eclipse/arm-gcc-49/bin/../lib/gcc/arm-none-eabi/4.9.3/../../../../arm-none-eabi/lib/armv7e-m/softfp\libg_nano.a(lib_a-strtol.o)
                0x08029344                _strtol_r
 .text.strtol   0x08029450       0x1c c:/infineon/tools/dave ide/4.5.0.202105191637/eclipse/arm-gcc-49/bin/../lib/gcc/arm-none-eabi/4.9.3/../../../../arm-none-eabi/lib/armv7e-m/softfp\libg_nano.a(lib_a-strtol.o)
                0x08029450                strtol
 .text.malloc   0x0802946c       0x10 c:/infineon/tools/dave ide/4.5.0.202105191637/eclipse/arm-gcc-49/bin/../lib/gcc/arm-none-eabi/4.9.3/../../../../arm-none-eabi/lib/armv7e-m/softfp\libg_nano.a(lib_a-malloc.o)
                0x0802946c                malloc
 .text._malloc_r
                0x0802947c       0xac c:/infineon/tools/dave ide/4.5.0.202105191637/eclipse/arm-gcc-49/bin/../lib/gcc/arm-none-eabi/4.9.3/../../../../arm-none-eabi/lib/armv7e-m/softfp\libg_nano.a(lib_a-nano-mallocr.o)
                0x0802947c                _malloc_r
 .text._sbrk_r  0x08029528       0x20 c:/infineon/tools/dave ide/4.5.0.202105191637/eclipse/arm-gcc-49/bin/../lib/gcc/arm-none-eabi/4.9.3/../../../../arm-none-eabi/lib/armv7e-m/softfp\libg_nano.a(lib_a-sbrkr.o)
                0x08029528                _sbrk_r
 *(.init)
 *(.fini)
 *crtbegin.o(.ctors)
 *crtbegin?.o(.ctors)
 *(EXCLUDE_FILE(*crtend.o *crtend?.o) .ctors)
 *(SORT(.ctors.*))
 *(.ctors)
 *crtbegin.o(.dtors)
 *crtbegin?.o(.dtors)
 *(EXCLUDE_FILE(*crtend.o *crtend?.o) .dtors)
 *(SORT(.dtors.*))
 *(.dtors)
 *(.rodata .rodata.*)
 .rodata.SPI_MASTER_ADC_MOSI
                0x08029548        0x8 ./Dave/Generated/SPI_MASTER/spi_master_conf.o
                0x08029548                SPI_MASTER_ADC_MOSI
 .rodata.SPI_MASTER_ADC_MISO
                0x08029550        0x8 ./Dave/Generated/SPI_MASTER/spi_master_conf.o
                0x08029550                SPI_MASTER_ADC_MISO
 .rodata.SPI_MASTER_ADC_SCLKOUT
                0x08029558        0x8 ./Dave/Generated/SPI_MASTER/spi_master_conf.o
                0x08029558                SPI_MASTER_ADC_SCLKOUT
 .rodata.SPI_MASTER_ADC_SCLKOUT_Config
                0x08029560       0x14 ./Dave/Generated/SPI_MASTER/spi_master_conf.o
                0x08029560                SPI_MASTER_ADC_SCLKOUT_Config
 .rodata.SPI_MASTER_ADC_SS_0
                0x08029574        0x8 ./Dave/Generated/SPI_MASTER/spi_master_conf.o
                0x08029574                SPI_MASTER_ADC_SS_0
 .rodata.SPI_MASTER_ADC_SS_0_Config
                0x0802957c       0x14 ./Dave/Generated/SPI_MASTER/spi_master_conf.o
                0x0802957c                SPI_MASTER_ADC_SS_0_Config
 .rodata.SPI_MASTER_ADC_SS_1
                0x08029590        0x8 ./Dave/Generated/SPI_MASTER/spi_master_conf.o
                0x08029590                SPI_MASTER_ADC_SS_1
 .rodata.SPI_MASTER_ADC_Config
                0x08029598       0x8c ./Dave/Generated/SPI_MASTER/spi_master_conf.o
                0x08029598                SPI_MASTER_ADC_Config
 .rodata.SPI_MASTER_TC_MOSI
                0x08029624        0x8 ./Dave/Generated/SPI_MASTER/spi_master_conf.o
                0x08029624                SPI_MASTER_TC_MOSI
 .rodata.SPI_MASTER_TC_MISO
                0x0802962c        0x8 ./Dave/Generated/SPI_MASTER/spi_master_conf.o
                0x0802962c                SPI_MASTER_TC_MISO
 .rodata.SPI_MASTER_TC_SCLKOUT
                0x08029634        0x8 ./Dave/Generated/SPI_MASTER/spi_master_conf.o
                0x08029634                SPI_MASTER_TC_SCLKOUT
 .rodata.SPI_MASTER_TC_SCLKOUT_Config
                0x0802963c       0x14 ./Dave/Generated/SPI_MASTER/spi_master_conf.o
                0x0802963c                SPI_MASTER_TC_SCLKOUT_Config
 .rodata.SPI_MASTER_TC_SS_0
                0x08029650        0x8 ./Dave/Generated/SPI_MASTER/spi_master_conf.o
                0x08029650                SPI_MASTER_TC_SS_0
 .rodata.SPI_MASTER_TC_SS_0_Config
                0x08029658       0x14 ./Dave/Generated/SPI_MASTER/spi_master_conf.o
                0x08029658                SPI_MASTER_TC_SS_0_Config
 .rodata.SPI_MASTER_TC_SS_1
                0x0802966c        0x8 ./Dave/Generated/SPI_MASTER/spi_master_conf.o
                0x0802966c                SPI_MASTER_TC_SS_1
 .rodata.SPI_MASTER_TC_SS_2
                0x08029674        0x8 ./Dave/Generated/SPI_MASTER/spi_master_conf.o
                0x08029674                SPI_MASTER_TC_SS_2
 .rodata.SPI_MASTER_TC_SS_2_Config
                0x0802967c       0x14 ./Dave/Generated/SPI_MASTER/spi_master_conf.o
                0x0802967c                SPI_MASTER_TC_SS_2_Config
 .rodata.SPI_MASTER_TC_SS_3
                0x08029690        0x8 ./Dave/Generated/SPI_MASTER/spi_master_conf.o
                0x08029690                SPI_MASTER_TC_SS_3
 .rodata.SPI_MASTER_TC_SS_3_Config
                0x08029698       0x14 ./Dave/Generated/SPI_MASTER/spi_master_conf.o
                0x08029698                SPI_MASTER_TC_SS_3_Config
 .rodata.SPI_MASTER_TC_Config
                0x080296ac       0x8c ./Dave/Generated/SPI_MASTER/spi_master_conf.o
                0x080296ac                SPI_MASTER_TC_Config
 .rodata.PIN_INTERRUPT_ADC0
                0x08029738       0x24 ./Dave/Generated/PIN_INTERRUPT/pin_interrupt_conf.o
                0x08029738                PIN_INTERRUPT_ADC0
 .rodata.PIN_INTERRUPT_ADC1
                0x0802975c       0x24 ./Dave/Generated/PIN_INTERRUPT/pin_interrupt_conf.o
                0x0802975c                PIN_INTERRUPT_ADC1
 .rodata.INTERRUPT_TC
                0x08029780        0x4 ./Dave/Generated/INTERRUPT/interrupt_conf.o
                0x08029780                INTERRUPT_TC
 .rodata.INTERRUPT_TIMESTAMP
                0x08029784        0x4 ./Dave/Generated/INTERRUPT/interrupt_conf.o
                0x08029784                INTERRUPT_TIMESTAMP
 .rodata.INTERRUPT_ETH
                0x08029788        0x4 ./Dave/Generated/INTERRUPT/interrupt_conf.o
                0x08029788                INTERRUPT_ETH
 .rodata.e_eeprom_xmc4_fce
                0x0802978c        0xc ./Dave/Generated/E_EEPROM_XMC4/e_eeprom_xmc4.o
 .rodata.eth_phy_config
                0x08029798        0x8 ./Dave/Generated/ETH_LWIP/lwip/port/netif/ethernetif.o
                0x08029798                eth_phy_config
 .rodata.ethbroadcast
                0x080297a0        0x8 ./Dave/Generated/ETH_LWIP/lwip/netif/etharp.o
                0x080297a0                ethbroadcast
 .rodata.ethzero
                0x080297a8        0x8 ./Dave/Generated/ETH_LWIP/lwip/netif/etharp.o
                0x080297a8                ethzero
 .rodata.ip_addr_any
                0x080297b0        0x4 ./Dave/Generated/ETH_LWIP/lwip/core/ipv4/ip_addr.o
                0x080297b0                ip_addr_any
 .rodata.memp_sizes
                0x080297b4        0xc ./Dave/Generated/ETH_LWIP/lwip/core/memp.o
 .rodata.memp_num
                0x080297c0        0xc ./Dave/Generated/ETH_LWIP/lwip/core/memp.o
 .rodata.LED_INDICATOR
                0x080297cc       0x14 ./Dave/Generated/DIGITAL_IO/digital_io_conf.o
                0x080297cc                LED_INDICATOR
 .rodata        0x080297e0       0x14 ./Dave/Generated/CLOCK_XMC4/clock_xmc4_conf.o
 .rodata        0x080297f4      0x410 ./main.o
 .rodata.str1.1
                0x08029c04        0x2 c:/infineon/tools/dave ide/4.5.0.202105191637/eclipse/arm-gcc-49/bin/../lib/gcc/arm-none-eabi/4.9.3/../../../../arm-none-eabi/lib/armv7e-m/softfp\libg_nano.a(lib_a-impure.o)
 .rodata._ctype_
                0x08029c06      0x101 c:/infineon/tools/dave ide/4.5.0.202105191637/eclipse/arm-gcc-49/bin/../lib/gcc/arm-none-eabi/4.9.3/../../../../arm-none-eabi/lib/armv7e-m/softfp\libg_nano.a(lib_a-ctype_.o)
                0x08029c06                _ctype_
 *(.gnu.linkonce.r*)
 *(vtable)
                0x08029d08                . = ALIGN (0x4)
 *fill*         0x08029d07        0x1 

.glue_7         0x08029d08        0x0 load address 0x0c029d08
 .glue_7        0x00000000        0x0 linker stubs

.glue_7t        0x08029d08        0x0 load address 0x0c029d08
 .glue_7t       0x00000000        0x0 linker stubs

.vfp11_veneer   0x08029d08        0x0 load address 0x0c029d08
 .vfp11_veneer  0x00000000        0x0 linker stubs

.v4_bx          0x08029d08        0x0 load address 0x0c029d08
 .v4_bx         0x00000000        0x0 linker stubs

.iplt           0x08029d08        0x0 load address 0x0c029d08
 .iplt          0x00000000        0x0 ./Startup/startup_XMC4700.o

.eh_frame_hdr
 *(.eh_frame_hdr)

.eh_frame       0x08029d08       0x28 load address 0x0c029d08
 *(.eh_frame)
 .eh_frame      0x08029d08       0x28 c:/infineon/tools/dave ide/4.5.0.202105191637/eclipse/arm-gcc-49/bin/../lib/gcc/arm-none-eabi/4.9.3/../../../../arm-none-eabi/lib/armv7e-m/softfp\libg_nano.a(lib_a-strcmp.o)

.rel.dyn        0x08029d30        0x0 load address 0x0c029d30
 .rel.iplt      0x00000000        0x0 ./Startup/startup_XMC4700.o

.ARM.extab
 *(.ARM.extab* .gnu.linkonce.armextab.*)
                0x08029d30                . = ALIGN (0x4)
                0x08029d30                __exidx_start = .

.ARM.exidx
 *(.ARM.exidx* .gnu.linkonce.armexidx.*)
                0x08029d30                __exidx_end = .
                0x08029d30                . = ALIGN (0x4)

Stack           0x1ffe8000      0x800
                0x1ffe8000                __stack_start = .
                0x1ffe8800                . = (. + stack_size)
 *fill*         0x1ffe8000      0x800 
                0x1ffe8800                __stack_end = .
                0x1ffe8800                __initial_sp = .

.ram_code       0x1ffe8800        0x0 load address 0x0c029d30
                0x1ffe8800                . = ALIGN (0x4)
                0x1ffe8800                __ram_code_start = .
 *(.ram_code)
                0x1ffe8800                . = ALIGN (0x4)
                0x1ffe8800                __ram_code_end = .
                0x0c029d30                __ram_code_load = LOADADDR (.ram_code)
                0x00000000                __ram_code_size = (__ram_code_end - __ram_code_start)

.data           0x1ffe8800      0x2f8 load address 0x0c029d30
                0x1ffe8800                . = ALIGN (0x4)
                0x1ffe8800                __data_start = .
 *(.data)
 *(.data*)
 .data.TIMER_TC_config
                0x1ffe8800        0x8 ./Dave/Generated/TIMER/timer_conf.o
                0x1ffe8800                TIMER_TC_config
 .data.TIMER_TC
                0x1ffe8808       0x28 ./Dave/Generated/TIMER/timer_conf.o
                0x1ffe8808                TIMER_TC
 .data.TIMER_TIMESTAMP_config
                0x1ffe8830        0x8 ./Dave/Generated/TIMER/timer_conf.o
                0x1ffe8830                TIMER_TIMESTAMP_config
 .data.TIMER_TIMESTAMP
                0x1ffe8838       0x28 ./Dave/Generated/TIMER/timer_conf.o
                0x1ffe8838                TIMER_TIMESTAMP
 .data.dummy_data.8938
                0x1ffe8860        0x4 ./Dave/Generated/SPI_MASTER/spi_master.o
 .data.SPI_MASTER_ADC_MOSI_Config
                0x1ffe8864       0x14 ./Dave/Generated/SPI_MASTER/spi_master_conf.o
                0x1ffe8864                SPI_MASTER_ADC_MOSI_Config
 .data.SPI_MASTER_ADC_SS_1_Config
                0x1ffe8878       0x14 ./Dave/Generated/SPI_MASTER/spi_master_conf.o
                0x1ffe8878                SPI_MASTER_ADC_SS_1_Config
 .data.SPI_MASTER_ADC_Channel_Config
                0x1ffe888c        0x8 ./Dave/Generated/SPI_MASTER/spi_master_conf.o
                0x1ffe888c                SPI_MASTER_ADC_Channel_Config
 .data.SPI_MASTER_ADC_dma_ch_tx_config
                0x1ffe8894       0x24 ./Dave/Generated/SPI_MASTER/spi_master_conf.o
                0x1ffe8894                SPI_MASTER_ADC_dma_ch_tx_config
 .data.SPI_MASTER_ADC_dma_ch_rx_config
                0x1ffe88b8       0x24 ./Dave/Generated/SPI_MASTER/spi_master_conf.o
                0x1ffe88b8                SPI_MASTER_ADC_dma_ch_rx_config
 .data.SPI_MASTER_ADC_runtime
                0x1ffe88dc       0x24 ./Dave/Generated/SPI_MASTER/spi_master_conf.o
                0x1ffe88dc                SPI_MASTER_ADC_runtime
 .data.SPI_MASTER_ADC
                0x1ffe8900       0x20 ./Dave/Generated/SPI_MASTER/spi_master_conf.o
                0x1ffe8900                SPI_MASTER_ADC
 .data.SPI_MASTER_TC_MOSI_Config
                0x1ffe8920       0x14 ./Dave/Generated/SPI_MASTER/spi_master_conf.o
                0x1ffe8920                SPI_MASTER_TC_MOSI_Config
 .data.SPI_MASTER_TC_SS_1_Config
                0x1ffe8934       0x14 ./Dave/Generated/SPI_MASTER/spi_master_conf.o
                0x1ffe8934                SPI_MASTER_TC_SS_1_Config
 .data.SPI_MASTER_TC_Channel_Config
                0x1ffe8948        0x8 ./Dave/Generated/SPI_MASTER/spi_master_conf.o
                0x1ffe8948                SPI_MASTER_TC_Channel_Config
 .data.SPI_MASTER_TC_dma_ch_tx_config
                0x1ffe8950       0x24 ./Dave/Generated/SPI_MASTER/spi_master_conf.o
                0x1ffe8950                SPI_MASTER_TC_dma_ch_tx_config
 .data.SPI_MASTER_TC_dma_ch_rx_config
                0x1ffe8974       0x24 ./Dave/Generated/SPI_MASTER/spi_master_conf.o
                0x1ffe8974                SPI_MASTER_TC_dma_ch_rx_config
 .data.SPI_MASTER_TC_runtime
                0x1ffe8998       0x24 ./Dave/Generated/SPI_MASTER/spi_master_conf.o
                0x1ffe8998                SPI_MASTER_TC_runtime
 .data.SPI_MASTER_TC
                0x1ffe89bc       0x20 ./Dave/Generated/SPI_MASTER/spi_master_conf.o
                0x1ffe89bc                SPI_MASTER_TC
 .data.GLOBAL_DMA_0_CONFIG
                0x1ffe89dc        0x4 ./Dave/Generated/GLOBAL_DMA/global_dma_conf.o
                0x1ffe89dc                GLOBAL_DMA_0_CONFIG
 .data.GLOBAL_DMA_0
                0x1ffe89e0        0xc ./Dave/Generated/GLOBAL_DMA/global_dma_conf.o
                0x1ffe89e0                GLOBAL_DMA_0
 .data.GLOBAL_DMA_1_CONFIG
                0x1ffe89ec        0x4 ./Dave/Generated/GLOBAL_DMA/global_dma_conf.o
                0x1ffe89ec                GLOBAL_DMA_1_CONFIG
 .data.GLOBAL_DMA_1
                0x1ffe89f0        0xc ./Dave/Generated/GLOBAL_DMA/global_dma_conf.o
                0x1ffe89f0                GLOBAL_DMA_1
 .data.GLOBAL_CCU4_0
                0x1ffe89fc       0x10 ./Dave/Generated/GLOBAL_CCU4/global_ccu4_conf.o
                0x1ffe89fc                GLOBAL_CCU4_0
 .data.e_eeprom_xmc4_sector_info
                0x1ffe8a0c       0x10 ./Dave/Generated/E_EEPROM_XMC4/e_eeprom_xmc4.o
 *fill*         0x1ffe8a1c        0x4 
 .data.eth_mac  0x1ffe8a20       0x30 ./Dave/Generated/ETH_LWIP/lwip/port/netif/ethernetif.o
                0x1ffe8a20                eth_mac
 .data.xnetif   0x1ffe8a50       0x38 ./Dave/Generated/ETH_LWIP/lwip/port/netif/ethernetif.o
                0x1ffe8a50                xnetif
 .data.udp_port
                0x1ffe8a88        0x2 ./Dave/Generated/ETH_LWIP/lwip/core/udp.o
 *fill*         0x1ffe8a8a        0x2 
 .data.help_msg
                0x1ffe8a8c        0x4 ./main.o
                0x1ffe8a8c                help_msg
 .data.impure_data
                0x1ffe8a90       0x60 c:/infineon/tools/dave ide/4.5.0.202105191637/eclipse/arm-gcc-49/bin/../lib/gcc/arm-none-eabi/4.9.3/../../../../arm-none-eabi/lib/armv7e-m/softfp\libg_nano.a(lib_a-impure.o)
 .data._impure_ptr
                0x1ffe8af0        0x4 c:/infineon/tools/dave ide/4.5.0.202105191637/eclipse/arm-gcc-49/bin/../lib/gcc/arm-none-eabi/4.9.3/../../../../arm-none-eabi/lib/armv7e-m/softfp\libg_nano.a(lib_a-impure.o)
                0x1ffe8af0                _impure_ptr
 .data.__ctype_ptr__
                0x1ffe8af4        0x4 c:/infineon/tools/dave ide/4.5.0.202105191637/eclipse/arm-gcc-49/bin/../lib/gcc/arm-none-eabi/4.9.3/../../../../arm-none-eabi/lib/armv7e-m/softfp\libg_nano.a(lib_a-ctype_.o)
                0x1ffe8af4                __ctype_ptr__
 *(*.data)
 *(.gnu.linkonce.d*)
                0x1ffe8af8                . = ALIGN (0x4)
                0x1ffe8af8                PROVIDE (__preinit_array_start, .)
 *(.preinit_array)
                0x1ffe8af8                PROVIDE (__preinit_array_end, .)
                0x1ffe8af8                . = ALIGN (0x4)
                0x1ffe8af8                PROVIDE (__init_array_start, .)
 *(SORT(.init_array.*))
 *(.init_array)
                0x1ffe8af8                PROVIDE (__init_array_end, .)
                0x1ffe8af8                . = ALIGN (0x4)
                0x1ffe8af8                PROVIDE (__fini_array_start, .)
 *(SORT(.fini_array.*))
 *(.fini_array)
                0x1ffe8af8                PROVIDE (__fini_array_end, .)
                0x1ffe8af8                . = ALIGN (0x4)
                0x1ffe8af8                __data_end = .
                0x0c029d30                __data_load = LOADADDR (.data)
                0x000002f8                __data_size = (__data_end - __data_start)
                0x0000a028                __text_size = (((__exidx_end - sText) + __data_size) + __ram_code_size)
                0x0802a028                eText = (sText + __text_size)

.igot.plt       0x1ffe8af8        0x0 load address 0x0c02a028
 .igot.plt      0x00000000        0x0 ./Startup/startup_XMC4700.o

.bss            0x1ffe8af8     0x7e14 load address 0x0c02a028
                0x1ffe8af8                . = ALIGN (0x4)
                0x1ffe8af8                __bss_start = .
 *(.bss)
 *(.bss*)
 .bss.heap_ptr.4327
                0x1ffe8af8        0x4 ./Libraries/Newlib/syscalls.o
 .bss.g_timer_list
                0x1ffe8afc        0x4 ./Dave/Generated/SYSTIMER/systimer.o
                0x1ffe8afc                g_timer_list
 .bss.g_timer_tracker
                0x1ffe8b00        0x4 ./Dave/Generated/SYSTIMER/systimer.o
                0x1ffe8b00                g_timer_tracker
 .bss.g_systick_count
                0x1ffe8b04        0x4 ./Dave/Generated/SYSTIMER/systimer.o
                0x1ffe8b04                g_systick_count
 .bss.SYSTIMER_0
                0x1ffe8b08        0x4 ./Dave/Generated/SYSTIMER/systimer_conf.o
                0x1ffe8b08                SYSTIMER_0
 .bss.SPI_MASTER_ADC_MISO_Config
                0x1ffe8b0c       0x14 ./Dave/Generated/SPI_MASTER/spi_master_conf.o
                0x1ffe8b0c                SPI_MASTER_ADC_MISO_Config
 .bss.SPI_MASTER_TC_MISO_Config
                0x1ffe8b20       0x14 ./Dave/Generated/SPI_MASTER/spi_master_conf.o
                0x1ffe8b20                SPI_MASTER_TC_MISO_Config
 .bss.e_eeprom_xmc4_data_buffer
                0x1ffe8b34     0x1000 ./Dave/Generated/E_EEPROM_XMC4/e_eeprom_xmc4.o
 .bss.E_EEPROM_XMC4_0
                0x1ffe9b34        0x4 ./Dave/Generated/E_EEPROM_XMC4/e_eeprom_xmc4_conf.o
                0x1ffe9b34                E_EEPROM_XMC4_0
 .bss.arp_table
                0x1ffe9b38       0xc8 ./Dave/Generated/ETH_LWIP/lwip/netif/etharp.o
 .bss.etharp_cached_entry
                0x1ffe9c00        0x1 ./Dave/Generated/ETH_LWIP/lwip/netif/etharp.o
 *fill*         0x1ffe9c01        0x3 
 .bss.igmp_group_list
                0x1ffe9c04        0x4 ./Dave/Generated/ETH_LWIP/lwip/core/ipv4/igmp.o
 .bss.allsystems
                0x1ffe9c08        0x4 ./Dave/Generated/ETH_LWIP/lwip/core/ipv4/igmp.o
 .bss.allrouters
                0x1ffe9c0c        0x4 ./Dave/Generated/ETH_LWIP/lwip/core/ipv4/igmp.o
 .bss.ip_id     0x1ffe9c10        0x2 ./Dave/Generated/ETH_LWIP/lwip/core/ipv4/ip.o
 *fill*         0x1ffe9c12        0x2 
 .bss.ram       0x1ffe9c14        0x4 ./Dave/Generated/ETH_LWIP/lwip/core/mem.o
 .bss.ram_end   0x1ffe9c18        0x4 ./Dave/Generated/ETH_LWIP/lwip/core/mem.o
 .bss.lfree     0x1ffe9c1c        0x4 ./Dave/Generated/ETH_LWIP/lwip/core/mem.o
 .bss.memp_tab  0x1ffe9c20       0x18 ./Dave/Generated/ETH_LWIP/lwip/core/memp.o
 .bss.memp_memory
                0x1ffe9c38     0x6414 ./Dave/Generated/ETH_LWIP/lwip/core/memp.o
 .bss.netif_num
                0x1fff004c        0x1 ./Dave/Generated/ETH_LWIP/lwip/core/netif.o
 *fill*         0x1fff004d        0x3 
 .bss.raw_pcbs  0x1fff0050        0x4 ./Dave/Generated/ETH_LWIP/lwip/core/raw.o
 .bss.next_timeout
                0x1fff0054        0x4 ./Dave/Generated/ETH_LWIP/lwip/core/timers.o
 .bss.timeouts_last_time
                0x1fff0058        0x2 ./Dave/Generated/ETH_LWIP/lwip/core/timers.o
 *fill*         0x1fff005a        0x2 
 .bss.ETH_LWIP_0
                0x1fff005c        0xc ./Dave/Generated/ETH_LWIP/eth_lwip_conf.o
                0x1fff005c                ETH_LWIP_0
 .bss.CLOCK_XMC4_0
                0x1fff0068        0x4 ./Dave/Generated/CLOCK_XMC4/clock_xmc4_conf.o
                0x1fff0068                CLOCK_XMC4_0
 .bss.sequence_number
                0x1fff006c        0x4 ./main.o
                0x1fff006c                sequence_number
 .bss.millisec  0x1fff0070        0x4 ./main.o
                0x1fff0070                millisec
 .bss.read_tc   0x1fff0074        0x1 ./main.o
                0x1fff0074                read_tc
 .bss.read_adc0
                0x1fff0075        0x1 ./main.o
                0x1fff0075                read_adc0
 .bss.read_adc1
                0x1fff0076        0x1 ./main.o
                0x1fff0076                read_adc1
 *fill*         0x1fff0077        0x1 
 .bss.configArray
                0x1fff0078       0x38 ./main.o
                0x1fff0078                configArray
 .bss.parse_uart
                0x1fff00b0        0x1 ./main.o
                0x1fff00b0                parse_uart
 *fill*         0x1fff00b1        0x3 
 .bss.__malloc_sbrk_start
                0x1fff00b4        0x4 c:/infineon/tools/dave ide/4.5.0.202105191637/eclipse/arm-gcc-49/bin/../lib/gcc/arm-none-eabi/4.9.3/../../../../arm-none-eabi/lib/armv7e-m/softfp\libg_nano.a(lib_a-nano-mallocr.o)
                0x1fff00b4                __malloc_sbrk_start
 .bss.__malloc_free_list
                0x1fff00b8        0x4 c:/infineon/tools/dave ide/4.5.0.202105191637/eclipse/arm-gcc-49/bin/../lib/gcc/arm-none-eabi/4.9.3/../../../../arm-none-eabi/lib/armv7e-m/softfp\libg_nano.a(lib_a-nano-mallocr.o)
                0x1fff00b8                __malloc_free_list
 *(COMMON)
 COMMON         0x1fff00bc       0x30 ./Libraries/XMCLib/src/xmc_dma.o
                0x1fff00bc                dma0_event_handlers
                0x1fff00dc                dma1_event_handlers
 COMMON         0x1fff00ec       0x24 ./Dave/Generated/SYSTIMER/systimer.o
                0x1fff00ec                g_timer_tbl
 COMMON         0x1fff0110       0x10 ./Dave/Generated/ETH_LWIP/lwip/core/ipv4/ip.o
                0x1fff0110                current_iphdr_src
                0x1fff0114                current_netif
                0x1fff0118                current_iphdr_dest
                0x1fff011c                current_header
 COMMON         0x1fff0120      0x654 ./Dave/Generated/ETH_LWIP/lwip/core/mem.o
                0x1fff0120                ram_heap
 COMMON         0x1fff0774        0x8 ./Dave/Generated/ETH_LWIP/lwip/core/netif.o
                0x1fff0774                netif_list
                0x1fff0778                netif_default
 COMMON         0x1fff077c        0x4 ./Dave/Generated/ETH_LWIP/lwip/core/udp.o
                0x1fff077c                udp_pcbs
 COMMON         0x1fff0780      0x188 ./main.o
                0x1fff0780                netif
                0x1fff0784                p
                0x1fff0788                tftp_pcb
                0x1fff078c                ADC1_buff
                0x1fff07ac                TC_buff
                0x1fff07c8                uart_buff
                0x1fff08c8                flash
                0x1fff08e0                ADC0_buff
                0x1fff0900                tftp_p
                0x1fff0904                pcb
 COMMON         0x1fff0908        0x4 c:/infineon/tools/dave ide/4.5.0.202105191637/eclipse/arm-gcc-49/bin/../lib/gcc/arm-none-eabi/4.9.3/../../../../arm-none-eabi/lib/armv7e-m/softfp\libg_nano.a(lib_a-reent.o)
                0x1fff0908                errno
 *(.gnu.linkonce.b*)
                0x1fff090c                . = ALIGN (0x4)
                0x1fff090c                __bss_end = .
                0x00007e14                __bss_size = (__bss_end - __bss_start)
                0x0000f6f4                __shift_loc = (__bss_end >= ORIGIN (DSRAM_1_system))?0x0:(ORIGIN (DSRAM_1_system) - __bss_end)

USB_RAM         0x20000000        0x0
                0x20000000                . = ALIGN (0x4)
                0x20000000                USB_RAM_start = .
 *(USB_RAM)
                0x20000000                . = ALIGN (0x4)
                0x20000000                USB_RAM_end = .
                0x00000000                USB_RAM_size = (USB_RAM_end - USB_RAM_start)

ETH_RAM         0x20000000     0x30a0
                0x20000000                . = ALIGN (0x4)
                0x20000000                ETH_RAM_start = .
 *(ETH_RAM)
 ETH_RAM        0x20000000     0x30a0 ./Dave/Generated/ETH_LWIP/lwip/port/netif/ethernetif.o
                0x200030a0                . = ALIGN (0x4)
                0x200030a0                ETH_RAM_end = .
                0x200030a0                . = ALIGN (0x8)
                0x200030a0                Heap_Bank1_Start = .
                0x000030a0                ETH_RAM_size = (ETH_RAM_end - ETH_RAM_start)

.no_init        0x2003ffc0       0x14
                0x2003ffc0                Heap_Bank1_End = .
 *(.no_init)
 .no_init       0x2003ffc0       0x14 ./Startup/system_XMC4700.o
                0x2003ffc0                SystemCoreClock