Archive member included because of file (symbol)

c:/infineon/tools/dave ide/4.5.0.202105191637/eclipse/arm-gcc-49/bin/../lib/gcc/arm-none-eabi/4.9.3/armv7e-m/softfp\libgcc.a(_aeabi_uldivmod.o)
                              ./Dave/Generated/TIMER/timer.o (__aeabi_uldivmod)
c:/infineon/tools/dave ide/4.5.0.202105191637/eclipse/arm-gcc-49/bin/../lib/gcc/arm-none-eabi/4.9.3/armv7e-m/softfp\libgcc.a(bpabi.o)
                              c:/infineon/tools/dave ide/4.5.0.202105191637/eclipse/arm-gcc-49/bin/../lib/gcc/arm-none-eabi/4.9.3/armv7e-m/softfp\libgcc.a(_aeabi_uldivmod.o) (__gnu_uldivmod_helper)
c:/infineon/tools/dave ide/4.5.0.202105191637/eclipse/arm-gcc-49/bin/../lib/gcc/arm-none-eabi/4.9.3/armv7e-m/softfp\libgcc.a(_dvmd_tls.o)
                              c:/infineon/tools/dave ide/4.5.0.202105191637/eclipse/arm-gcc-49/bin/../lib/gcc/arm-none-eabi/4.9.3/armv7e-m/softfp\libgcc.a(_aeabi_uldivmod.o) (__aeabi_ldiv0)
c:/infineon/tools/dave ide/4.5.0.202105191637/eclipse/arm-gcc-49/bin/../lib/gcc/arm-none-eabi/4.9.3/armv7e-m/softfp\libgcc.a(_divdi3.o)
                              c:/infineon/tools/dave ide/4.5.0.202105191637/eclipse/arm-gcc-49/bin/../lib/gcc/arm-none-eabi/4.9.3/armv7e-m/softfp\libgcc.a(bpabi.o) (__divdi3)
c:/infineon/tools/dave ide/4.5.0.202105191637/eclipse/arm-gcc-49/bin/../lib/gcc/arm-none-eabi/4.9.3/armv7e-m/softfp\libgcc.a(_udivdi3.o)
                              c:/infineon/tools/dave ide/4.5.0.202105191637/eclipse/arm-gcc-49/bin/../lib/gcc/arm-none-eabi/4.9.3/armv7e-m/softfp\libgcc.a(bpabi.o) (__udivdi3)
c:/infineon/tools/dave ide/4.5.0.202105191637/eclipse/arm-gcc-49/bin/../lib/gcc/arm-none-eabi/4.9.3/../../../../arm-none-eabi/lib/armv7e-m/softfp\libg_nano.a(lib_a-atoi.o)
                              ./main.o (atoi)
c:/infineon/tools/dave ide/4.5.0.202105191637/eclipse/arm-gcc-49/bin/../lib/gcc/arm-none-eabi/4.9.3/../../../../arm-none-eabi/lib/armv7e-m/softfp\libg_nano.a(lib_a-errno.o)
                              ./Libraries/Newlib/syscalls.o (__errno)
c:/infineon/tools/dave ide/4.5.0.202105191637/eclipse/arm-gcc-49/bin/../lib/gcc/arm-none-eabi/4.9.3/../../../../arm-none-eabi/lib/armv7e-m/softfp\libg_nano.a(lib_a-impure.o)
                              c:/infineon/tools/dave ide/4.5.0.202105191637/eclipse/arm-gcc-49/bin/../lib/gcc/arm-none-eabi/4.9.3/../../../../arm-none-eabi/lib/armv7e-m/softfp\libg_nano.a(lib_a-errno.o) (_impure_ptr)
c:/infineon/tools/dave ide/4.5.0.202105191637/eclipse/arm-gcc-49/bin/../lib/gcc/arm-none-eabi/4.9.3/../../../../arm-none-eabi/lib/armv7e-m/softfp\libg_nano.a(lib_a-init.o)
                              ./Startup/startup_XMC4700.o (__libc_init_array)
c:/infineon/tools/dave ide/4.5.0.202105191637/eclipse/arm-gcc-49/bin/../lib/gcc/arm-none-eabi/4.9.3/../../../../arm-none-eabi/lib/armv7e-m/softfp\libg_nano.a(lib_a-memcmp.o)
                              ./Dave/Generated/E_EEPROM_XMC4/e_eeprom_xmc4.o (memcmp)
c:/infineon/tools/dave ide/4.5.0.202105191637/eclipse/arm-gcc-49/bin/../lib/gcc/arm-none-eabi/4.9.3/../../../../arm-none-eabi/lib/armv7e-m/softfp\libg_nano.a(lib_a-memcpy.o)
                              ./Libraries/XMCLib/src/xmc_eth_mac.o (memcpy)
c:/infineon/tools/dave ide/4.5.0.202105191637/eclipse/arm-gcc-49/bin/../lib/gcc/arm-none-eabi/4.9.3/../../../../arm-none-eabi/lib/armv7e-m/softfp\libg_nano.a(lib_a-memset.o)
                              ./Libraries/XMCLib/src/xmc_usbd.o (memset)
c:/infineon/tools/dave ide/4.5.0.202105191637/eclipse/arm-gcc-49/bin/../lib/gcc/arm-none-eabi/4.9.3/../../../../arm-none-eabi/lib/armv7e-m/softfp\libg_nano.a(lib_a-rand.o)
                              ./Dave/Generated/ETH_LWIP/lwip/core/ipv4/igmp.o (rand)
c:/infineon/tools/dave ide/4.5.0.202105191637/eclipse/arm-gcc-49/bin/../lib/gcc/arm-none-eabi/4.9.3/../../../../arm-none-eabi/lib/armv7e-m/softfp\libg_nano.a(lib_a-strcmp.o)
                              ./main.o (strcmp)
c:/infineon/tools/dave ide/4.5.0.202105191637/eclipse/arm-gcc-49/bin/../lib/gcc/arm-none-eabi/4.9.3/../../../../arm-none-eabi/lib/armv7e-m/softfp\libg_nano.a(lib_a-strlen.o)
                              ./Dave/Generated/ETH_LWIP/lwip/core/pbuf.o (strlen)
c:/infineon/tools/dave ide/4.5.0.202105191637/eclipse/arm-gcc-49/bin/../lib/gcc/arm-none-eabi/4.9.3/../../../../arm-none-eabi/lib/armv7e-m/softfp\libg_nano.a(lib_a-strtol.o)
                              c:/infineon/tools/dave ide/4.5.0.202105191637/eclipse/arm-gcc-49/bin/../lib/gcc/arm-none-eabi/4.9.3/../../../../arm-none-eabi/lib/armv7e-m/softfp\libg_nano.a(lib_a-atoi.o) (_strtol_r)
c:/infineon/tools/dave ide/4.5.0.202105191637/eclipse/arm-gcc-49/bin/../lib/gcc/arm-none-eabi/4.9.3/../../../../arm-none-eabi/lib/armv7e-m/softfp\libg_nano.a(lib_a-ctype_.o)
                              c:/infineon/tools/dave ide/4.5.0.202105191637/eclipse/arm-gcc-49/bin/../lib/gcc/arm-none-eabi/4.9.3/../../../../arm-none-eabi/lib/armv7e-m/softfp\libg_nano.a(lib_a-strtol.o) (__ctype_ptr__)
[...]
Memory Configuration

Name             Origin             Length             Attributes
FLASH_0_cached   0x08000000         0x00010000         xr
FLASH_0_uncached 0x0c000000         0x00010000         xr
FLASH_1_cached   0x08020000         0x001e0000         xr
FLASH_1_uncached 0x0c020000         0x001e0000         xr
PSRAM_1          0x1ffe8000         0x00018000         !xr
DSRAM_1_system   0x20000000         0x00020000         !xr
DSRAM_2_comm     0x20020000         0x00020000         !xr
SRAM_combined    0x1ffe8000         0x00058000         !xr
*default*        0x00000000         0xffffffff

Linker script and memory map

LOAD ./Startup/startup_XMC4700.o
LOAD ./Startup/system_XMC4700.o
LOAD ./Libraries/XMCLib/src/xmc4_eru.o
LOAD ./Libraries/XMCLib/src/xmc4_flash.o
LOAD ./Libraries/XMCLib/src/xmc4_gpio.o
LOAD ./Libraries/XMCLib/src/xmc4_rtc.o
LOAD ./Libraries/XMCLib/src/xmc4_scu.o
LOAD ./Libraries/XMCLib/src/xmc_can.o
LOAD ./Libraries/XMCLib/src/xmc_ccu4.o
LOAD ./Libraries/XMCLib/src/xmc_ccu8.o
LOAD ./Libraries/XMCLib/src/xmc_common.o
LOAD ./Libraries/XMCLib/src/xmc_dac.o
LOAD ./Libraries/XMCLib/src/xmc_dma.o
LOAD ./Libraries/XMCLib/src/xmc_dsd.o
LOAD ./Libraries/XMCLib/src/xmc_ebu.o
LOAD ./Libraries/XMCLib/src/xmc_ecat.o
LOAD ./Libraries/XMCLib/src/xmc_eru.o
LOAD ./Libraries/XMCLib/src/xmc_eth_mac.o
LOAD ./Libraries/XMCLib/src/xmc_eth_phy_dp83848.o
LOAD ./Libraries/XMCLib/src/xmc_eth_phy_ksz8031rnl.o
LOAD ./Libraries/XMCLib/src/xmc_eth_phy_ksz8081rnb.o
LOAD ./Libraries/XMCLib/src/xmc_fce.o
LOAD ./Libraries/XMCLib/src/xmc_gpio.o
LOAD ./Libraries/XMCLib/src/xmc_hrpwm.o
LOAD ./Libraries/XMCLib/src/xmc_i2c.o
LOAD ./Libraries/XMCLib/src/xmc_i2s.o
LOAD ./Libraries/XMCLib/src/xmc_ledts.o
LOAD ./Libraries/XMCLib/src/xmc_posif.o
LOAD ./Libraries/XMCLib/src/xmc_rtc.o
LOAD ./Libraries/XMCLib/src/xmc_sdmmc.o
LOAD ./Libraries/XMCLib/src/xmc_spi.o
LOAD ./Libraries/XMCLib/src/xmc_uart.o
LOAD ./Libraries/XMCLib/src/xmc_usbd.o
LOAD ./Libraries/XMCLib/src/xmc_usbh.o
LOAD ./Libraries/XMCLib/src/xmc_usic.o
LOAD ./Libraries/XMCLib/src/xmc_vadc.o
LOAD ./Libraries/XMCLib/src/xmc_wdt.o
LOAD ./Libraries/Newlib/syscalls.o
LOAD ./Dave/Generated/UART/uart.o
LOAD ./Dave/Generated/UART/uart_conf.o
LOAD ./Dave/Generated/TIMER/timer.o
LOAD ./Dave/Generated/TIMER/timer_conf.o
LOAD ./Dave/Generated/SYSTIMER/systimer.o
LOAD ./Dave/Generated/SYSTIMER/systimer_conf.o
LOAD ./Dave/Generated/SPI_MASTER/spi_master.o
LOAD ./Dave/Generated/SPI_MASTER/spi_master_conf.o
LOAD ./Dave/Generated/PIN_INTERRUPT/pin_interrupt.o
LOAD ./Dave/Generated/PIN_INTERRUPT/pin_interrupt_conf.o
LOAD ./Dave/Generated/INTERRUPT/interrupt.o
LOAD ./Dave/Generated/INTERRUPT/interrupt_conf.o
LOAD ./Dave/Generated/GLOBAL_DMA/global_dma.o
LOAD ./Dave/Generated/GLOBAL_DMA/global_dma_conf.o
LOAD ./Dave/Generated/GLOBAL_CCU4/global_ccu4.o
LOAD ./Dave/Generated/GLOBAL_CCU4/global_ccu4_conf.o
LOAD ./Dave/Generated/E_EEPROM_XMC4/e_eeprom_xmc4.o
LOAD ./Dave/Generated/E_EEPROM_XMC4/e_eeprom_xmc4_conf.o
LOAD ./Dave/Generated/ETH_LWIP/lwip/port/netif/ethernetif.o
LOAD ./Dave/Generated/ETH_LWIP/lwip/port/include/arch/memcpy.o
LOAD ./Dave/Generated/ETH_LWIP/lwip/port/sys_arch.o
LOAD ./Dave/Generated/ETH_LWIP/lwip/netif/ppp/auth.o
LOAD ./Dave/Generated/ETH_LWIP/lwip/netif/ppp/chap.o
LOAD ./Dave/Generated/ETH_LWIP/lwip/netif/ppp/chpms.o
LOAD ./Dave/Generated/ETH_LWIP/lwip/netif/ppp/fsm.o
LOAD ./Dave/Generated/ETH_LWIP/lwip/netif/ppp/ipcp.o
LOAD ./Dave/Generated/ETH_LWIP/lwip/netif/ppp/lcp.o
LOAD ./Dave/Generated/ETH_LWIP/lwip/netif/ppp/magic.o
LOAD ./Dave/Generated/ETH_LWIP/lwip/netif/ppp/md5.o
LOAD ./Dave/Generated/ETH_LWIP/lwip/netif/ppp/pap.o
LOAD ./Dave/Generated/ETH_LWIP/lwip/netif/ppp/ppp.o
LOAD ./Dave/Generated/ETH_LWIP/lwip/netif/ppp/ppp_oe.o
LOAD ./Dave/Generated/ETH_LWIP/lwip/netif/ppp/randm.o
LOAD ./Dave/Generated/ETH_LWIP/lwip/netif/ppp/vj.o
LOAD ./Dave/Generated/ETH_LWIP/lwip/netif/etharp.o
LOAD ./Dave/Generated/ETH_LWIP/lwip/netif/slipif.o
LOAD ./Dave/Generated/ETH_LWIP/lwip/core/snmp/asn1_dec.o
LOAD ./Dave/Generated/ETH_LWIP/lwip/core/snmp/asn1_enc.o
LOAD ./Dave/Generated/ETH_LWIP/lwip/core/snmp/mib2.o
LOAD ./Dave/Generated/ETH_LWIP/lwip/core/snmp/mib_structs.o
LOAD ./Dave/Generated/ETH_LWIP/lwip/core/snmp/msg_in.o
LOAD ./Dave/Generated/ETH_LWIP/lwip/core/snmp/msg_out.o
LOAD ./Dave/Generated/ETH_LWIP/lwip/core/ipv4/autoip.o
LOAD ./Dave/Generated/ETH_LWIP/lwip/core/ipv4/icmp.o
LOAD ./Dave/Generated/ETH_LWIP/lwip/core/ipv4/igmp.o
LOAD ./Dave/Generated/ETH_LWIP/lwip/core/ipv4/inet.o
LOAD ./Dave/Generated/ETH_LWIP/lwip/core/ipv4/inet_chksum.o
LOAD ./Dave/Generated/ETH_LWIP/lwip/core/ipv4/ip.o
LOAD ./Dave/Generated/ETH_LWIP/lwip/core/ipv4/ip_addr.o
LOAD ./Dave/Generated/ETH_LWIP/lwip/core/ipv4/ip_frag.o
LOAD ./Dave/Generated/ETH_LWIP/lwip/core/def.o
LOAD ./Dave/Generated/ETH_LWIP/lwip/core/dhcp.o
LOAD ./Dave/Generated/ETH_LWIP/lwip/core/dns.o
LOAD ./Dave/Generated/ETH_LWIP/lwip/core/init.o
LOAD ./Dave/Generated/ETH_LWIP/lwip/core/mem.o
LOAD ./Dave/Generated/ETH_LWIP/lwip/core/memp.o
LOAD ./Dave/Generated/ETH_LWIP/lwip/core/netif.o
LOAD ./Dave/Generated/ETH_LWIP/lwip/core/pbuf.o
LOAD ./Dave/Generated/ETH_LWIP/lwip/core/raw.o
LOAD ./Dave/Generated/ETH_LWIP/lwip/core/stats.o
LOAD ./Dave/Generated/ETH_LWIP/lwip/core/sys.o
LOAD ./Dave/Generated/ETH_LWIP/lwip/core/tcp.o
LOAD ./Dave/Generated/ETH_LWIP/lwip/core/tcp_in.o
LOAD ./Dave/Generated/ETH_LWIP/lwip/core/tcp_out.o
LOAD ./Dave/Generated/ETH_LWIP/lwip/core/timers.o
LOAD ./Dave/Generated/ETH_LWIP/lwip/core/udp.o
LOAD ./Dave/Generated/ETH_LWIP/lwip/api/api_lib.o
LOAD ./Dave/Generated/ETH_LWIP/lwip/api/api_msg.o
LOAD ./Dave/Generated/ETH_LWIP/lwip/api/err.o
LOAD ./Dave/Generated/ETH_LWIP/lwip/api/netbuf.o
LOAD ./Dave/Generated/ETH_LWIP/lwip/api/netdb.o
LOAD ./Dave/Generated/ETH_LWIP/lwip/api/netifapi.o
LOAD ./Dave/Generated/ETH_LWIP/lwip/api/sockets.o
LOAD ./Dave/Generated/ETH_LWIP/lwip/api/tcpip.o
LOAD ./Dave/Generated/ETH_LWIP/eth_lwip.o
LOAD ./Dave/Generated/ETH_LWIP/eth_lwip_conf.o
LOAD ./Dave/Generated/ETH_LWIP/xmc_eth_phy_dp83848.o
LOAD ./Dave/Generated/ETH_LWIP/xmc_eth_phy_ksz8031rnl.o
LOAD ./Dave/Generated/ETH_LWIP/xmc_eth_phy_ksz8081rnl.o
LOAD ./Dave/Generated/DIGITAL_IO/digital_io.o
LOAD ./Dave/Generated/DIGITAL_IO/digital_io_conf.o
LOAD ./Dave/Generated/CPU_CTRL_XMC4/cpu_ctrl_xmc4.o
LOAD ./Dave/Generated/CPU_CTRL_XMC4/cpu_ctrl_xmc4_conf.o
LOAD ./Dave/Generated/CLOCK_XMC4/clock_xmc4.o
LOAD ./Dave/Generated/CLOCK_XMC4/clock_xmc4_conf.o
LOAD ./Dave/Generated/DAVE.o
LOAD ./main.o
LOAD c:/infineon/tools/dave ide/4.5.0.202105191637/eclipse/arm-gcc-49/bin/../lib/gcc/arm-none-eabi/4.9.3/../../../../arm-none-eabi/lib/armv7e-m/softfp\libm.a
START GROUP
LOAD c:/infineon/tools/dave ide/4.5.0.202105191637/eclipse/arm-gcc-49/bin/../lib/gcc/arm-none-eabi/4.9.3/armv7e-m/softfp\libgcc.a
LOAD c:/infineon/tools/dave ide/4.5.0.202105191637/eclipse/arm-gcc-49/bin/../lib/gcc/arm-none-eabi/4.9.3/../../../../arm-none-eabi/lib/armv7e-m/softfp\libg_nano.a
LOAD c:/infineon/tools/dave ide/4.5.0.202105191637/eclipse/arm-gcc-49/bin/../lib/gcc/arm-none-eabi/4.9.3/../../../../arm-none-eabi/lib/armv7e-m/softfp\libc_nano.a
END GROUP
START GROUP
LOAD c:/infineon/tools/dave ide/4.5.0.202105191637/eclipse/arm-gcc-49/bin/../lib/gcc/arm-none-eabi/4.9.3/armv7e-m/softfp\libgcc.a
LOAD c:/infineon/tools/dave ide/4.5.0.202105191637/eclipse/arm-gcc-49/bin/../lib/gcc/arm-none-eabi/4.9.3/../../../../arm-none-eabi/lib/armv7e-m/softfp\libc_nano.a
LOAD c:/infineon/tools/dave ide/4.5.0.202105191637/eclipse/arm-gcc-49/bin/../lib/gcc/arm-none-eabi/4.9.3/../../../../arm-none-eabi/lib/armv7e-m/softfp\libnosys.a
END GROUP
START GROUP
LOAD c:/infineon/tools/dave ide/4.5.0.202105191637/eclipse/arm-gcc-49/bin/../lib/gcc/arm-none-eabi/4.9.3/armv7e-m/softfp\libgcc.a
LOAD c:/infineon/tools/dave ide/4.5.0.202105191637/eclipse/arm-gcc-49/bin/../lib/gcc/arm-none-eabi/4.9.3/../../../../arm-none-eabi/lib/armv7e-m/softfp\libc_nano.a
LOAD c:/infineon/tools/dave ide/4.5.0.202105191637/eclipse/arm-gcc-49/bin/../lib/gcc/arm-none-eabi/4.9.3/../../../../arm-none-eabi/lib/armv7e-m/softfp\libnosys.a
END GROUP
                0x00000800                stack_size = DEFINED (stack_size)?stack_size:0x800
                0x00000040                no_init_size = 0x40

.reset          0x08000000      0x300 load address 0x0c000000
 *(.reset)
 .reset         0x08000000      0x29c ./Startup/startup_XMC4700.o
                0x08000000                __Vectors
                0x08000200                Reset_Handler
                0x08000298                DSD0_7_IRQHandler
                0x08000298                DebugMon_Handler
                0x08000298                VADC0_C0_0_IRQHandler
                0x08000298                CAN0_4_IRQHandler
                0x08000298                VADC0_G2_0_IRQHandler
                0x08000298                USIC0_5_IRQHandler
                0x08000298                POSIF0_0_IRQHandler
                0x08000298                POSIF1_0_IRQHandler
                0x08000298                HardFault_Handler
                0x08000298                VADC0_G1_1_IRQHandler
                0x08000298                PendSV_Handler
                0x08000298                NMI_Handler
                0x08000298                USIC1_3_IRQHandler
                0x08000298                CCU40_2_IRQHandler
                0x08000298                SCU_0_IRQHandler
                0x08000298                ERU0_0_IRQHandler
                0x08000298                CCU41_0_IRQHandler
                0x08000298                DSD0_4_IRQHandler
                0x08000298                CCU80_1_IRQHandler
                0x08000298                CCU81_0_IRQHandler
                0x08000298                UsageFault_Handler
                0x08000298                USIC0_0_IRQHandler
                0x08000298                POSIF1_1_IRQHandler
                0x08000298                CCU81_1_IRQHandler
                0x08000298                ERU1_1_IRQHandler
                0x08000298                VADC0_G2_3_IRQHandler
                0x08000298                VADC0_G2_2_IRQHandler
                0x08000298                CCU42_3_IRQHandler
                0x08000298                DSD0_5_IRQHandler
                0x08000298                VADC0_C0_3_IRQHandler
                0x08000298                CAN0_6_IRQHandler
                0x08000298                VADC0_G0_1_IRQHandler
                0x08000298                CCU81_2_IRQHandler
                0x08000298                USIC2_4_IRQHandler
                0x08000298                CCU81_3_IRQHandler
                0x08000298                CCU42_1_IRQHandler
                0x08000298                USIC1_1_IRQHandler
                0x08000298                USIC2_5_IRQHandler
                0x08000298                CCU40_0_IRQHandler
                0x08000298                CAN0_0_IRQHandler
                0x08000298                ERU1_0_IRQHandler
                0x08000298                CCU42_2_IRQHandler
                0x08000298                Default_Handler
                0x08000298                USIC1_4_IRQHandler
                0x08000298                ERU1_3_IRQHandler
                0x08000298                USIC1_0_IRQHandler
                0x08000298                POSIF0_1_IRQHandler
                0x08000298                VADC0_G0_0_IRQHandler
                0x08000298                DSD0_2_IRQHandler
                0x08000298                CCU80_3_IRQHandler
                0x08000298                CCU41_3_IRQHandler
                0x08000298                CCU80_2_IRQHandler
                0x08000298                VADC0_G1_3_IRQHandler
                0x08000298                VADC0_G0_3_IRQHandler
                0x08000298                PMU0_0_IRQHandler
                0x08000298                CAN0_7_IRQHandler
                0x08000298                DSD0_1_IRQHandler
                0x08000298                CCU41_2_IRQHandler
                0x08000298                VADC0_C0_1_IRQHandler
                0x08000298                CCU43_2_IRQHandler
                0x08000298                USIC2_2_IRQHandler
                0x08000298                MemManage_Handler
                0x08000298                VADC0_G3_1_IRQHandler
                0x08000298                DAC0_0_IRQHandler
                0x08000298                SVC_Handler
                0x08000298                VADC0_G3_3_IRQHandler
                0x08000298                ERU1_2_IRQHandler
                0x08000298                CCU41_1_IRQHandler
                0x08000298                DSD0_6_IRQHandler
                0x08000298                VADC0_G1_2_IRQHandler
                0x08000298                USIC2_3_IRQHandler
                0x08000298                CAN0_2_IRQHandler
                0x08000298                USIC2_0_IRQHandler
                0x08000298                VADC0_G0_2_IRQHandler
                0x08000298                VADC0_G2_1_IRQHandler
                0x08000298                CAN0_3_IRQHandler
                0x08000298                USIC0_3_IRQHandler
                0x08000298                DSD0_0_IRQHandler
                0x08000298                VADC0_C0_2_IRQHandler
                0x08000298                CCU42_0_IRQHandler
                0x08000298                FCE0_0_IRQHandler
                0x08000298                VADC0_G1_0_IRQHandler
                0x08000298                USB0_0_IRQHandler
                0x08000298                CAN0_5_IRQHandler
                0x08000298                CCU80_0_IRQHandler
                0x08000298                CCU40_1_IRQHandler
                0x08000298                USIC2_1_IRQHandler
                0x08000298                USIC0_1_IRQHandler
                0x08000298                VADC0_G3_2_IRQHandler
                0x08000298                CCU40_3_IRQHandler
                0x08000298                BusFault_Handler
                0x08000298                LEDTS0_0_IRQHandler
                0x08000298                USIC0_4_IRQHandler
                0x08000298                CCU43_3_IRQHandler
                0x08000298                ERU0_1_IRQHandler
                0x08000298                VADC0_G3_0_IRQHandler
                0x08000298                USIC1_2_IRQHandler
                0x08000298                DSD0_3_IRQHandler
                0x08000298                SDMMC0_0_IRQHandler
                0x08000298                CAN0_1_IRQHandler
                0x08000298                USIC0_2_IRQHandler
                0x08000298                DAC0_1_IRQHandler
                0x08000300                . = ALIGN (0x100)
 *fill*         0x0800029c       0x64 ff

.text           0x08020000     0xa700 load address 0x0c020000
                0x08020000                sText = .
 *(.text .text.* .gnu.linkonce.t.*)
 .text.SystemInit
                0x08020000       0x20 ./Startup/system_XMC4700.o
                0x08020000                SystemInit
 .text.SystemCoreClockUpdate
                0x08020020       0xd4 ./Startup/system_XMC4700.o
                0x08020020                SystemCoreClockUpdate
 .text.XMC_ERU_Enable
                0x080200f4       0x2c ./Libraries/XMCLib/src/xmc4_eru.o
                0x080200f4                XMC_ERU_Enable
 .text.XMC_FLASH_lEnterPageModeCommand
                0x08020120       0x20 ./Libraries/XMCLib/src/xmc4_flash.o
                0x08020120                XMC_FLASH_lEnterPageModeCommand
 .text.XMC_FLASH_lLoadPageCommand
                0x08020140       0x30 ./Libraries/XMCLib/src/xmc4_flash.o
                0x08020140                XMC_FLASH_lLoadPageCommand
 .text.XMC_FLASH_lWritePageCommand
                0x08020170       0x44 ./Libraries/XMCLib/src/xmc4_flash.o
                0x08020170                XMC_FLASH_lWritePageCommand
 .text.XMC_FLASH_lEraseSectorCommand
                0x080201b4       0x58 ./Libraries/XMCLib/src/xmc4_flash.o
                0x080201b4                XMC_FLASH_lEraseSectorCommand
 .text.XMC_FLASH_lClearStatusCommand
                0x0802020c       0x20 ./Libraries/XMCLib/src/xmc4_flash.o
                0x0802020c                XMC_FLASH_lClearStatusCommand
 .text.XMC_FLASH_ClearStatus
                0x0802022c        0xc ./Libraries/XMCLib/src/xmc4_flash.o
                0x0802022c                XMC_FLASH_ClearStatus
 .text.XMC_FLASH_GetStatus
                0x08020238       0x1c ./Libraries/XMCLib/src/xmc4_flash.o
                0x08020238                XMC_FLASH_GetStatus
 .text.XMC_FLASH_ProgramPage
                0x08020254       0x68 ./Libraries/XMCLib/src/xmc4_flash.o
                0x08020254                XMC_FLASH_ProgramPage
 .text.XMC_FLASH_EraseSector
                0x080202bc       0x30 ./Libraries/XMCLib/src/xmc4_flash.o
                0x080202bc                XMC_FLASH_EraseSector
 .text.XMC_GPIO_Init
                0x080202ec      0x14c ./Libraries/XMCLib/src/xmc4_gpio.o
                0x080202ec                XMC_GPIO_Init
 .text.XMC_SCU_CLOCK_GetCpuClockFrequency
                0x08020438       0x18 ./Libraries/XMCLib/src/xmc4_scu.o
 .text.XMC_SCU_GetMirrorStatus
                0x08020450       0x18 ./Libraries/XMCLib/src/xmc4_scu.o
 .text.XMC_SCU_lDelay
                0x08020468       0x44 ./Libraries/XMCLib/src/xmc4_scu.o
 .text.XMC_SCU_INTERUPT_GetEventStatus
                0x080204ac       0x18 ./Libraries/XMCLib/src/xmc4_scu.o
                0x080204ac                XMC_SCU_INTERUPT_GetEventStatus
 .text.XMC_SCU_INTERRUPT_ClearEventStatus
                0x080204c4       0x1c ./Libraries/XMCLib/src/xmc4_scu.o
                0x080204c4                XMC_SCU_INTERRUPT_ClearEventStatus
 .text.XMC_SCU_CLOCK_Init
                0x080204e0       0xf8 ./Libraries/XMCLib/src/xmc4_scu.o
                0x080204e0                XMC_SCU_CLOCK_Init
 .text.XMC_SCU_RESET_DeassertPeripheralReset
                0x080205d8       0x38 ./Libraries/XMCLib/src/xmc4_scu.o
                0x080205d8                XMC_SCU_RESET_DeassertPeripheralReset
 .text.XMC_SCU_RESET_IsPeripheralResetAsserted
                0x08020610       0x48 ./Libraries/XMCLib/src/xmc4_scu.o
                0x08020610                XMC_SCU_RESET_IsPeripheralResetAsserted
 .text.XMC_SCU_CLOCK_GetPeripheralClockFrequency
                0x08020658       0x20 ./Libraries/XMCLib/src/xmc4_scu.o
                0x08020658                XMC_SCU_CLOCK_GetPeripheralClockFrequency
 .text.XMC_SCU_CLOCK_SetSystemClockSource
                0x08020678       0x28 ./Libraries/XMCLib/src/xmc4_scu.o
                0x08020678                XMC_SCU_CLOCK_SetSystemClockSource
 .text.XMC_SCU_CLOCK_SetUsbClockSource
                0x080206a0       0x28 ./Libraries/XMCLib/src/xmc4_scu.o
                0x080206a0                XMC_SCU_CLOCK_SetUsbClockSource
 .text.XMC_SCU_CLOCK_SetWdtClockSource
                0x080206c8       0x28 ./Libraries/XMCLib/src/xmc4_scu.o
                0x080206c8                XMC_SCU_CLOCK_SetWdtClockSource
 .text.XMC_SCU_CLOCK_SetSystemPllClockSource
                0x080206f0       0x40 ./Libraries/XMCLib/src/xmc4_scu.o
                0x080206f0                XMC_SCU_CLOCK_SetSystemPllClockSource
 .text.XMC_SCU_HIB_SetRtcClockSource
                0x08020730       0x3c ./Libraries/XMCLib/src/xmc4_scu.o
                0x08020730                XMC_SCU_HIB_SetRtcClockSource
 .text.XMC_SCU_HIB_SetStandbyClockSource
                0x0802076c       0x3c ./Libraries/XMCLib/src/xmc4_scu.o
                0x0802076c                XMC_SCU_HIB_SetStandbyClockSource
 .text.XMC_SCU_CLOCK_SetSystemClockDivider
                0x080207a8       0x28 ./Libraries/XMCLib/src/xmc4_scu.o
                0x080207a8                XMC_SCU_CLOCK_SetSystemClockDivider
 .text.XMC_SCU_CLOCK_SetCcuClockDivider
                0x080207d0       0x28 ./Libraries/XMCLib/src/xmc4_scu.o
                0x080207d0                XMC_SCU_CLOCK_SetCcuClockDivider
 .text.XMC_SCU_CLOCK_SetCpuClockDivider
                0x080207f8       0x28 ./Libraries/XMCLib/src/xmc4_scu.o
                0x080207f8                XMC_SCU_CLOCK_SetCpuClockDivider
 .text.XMC_SCU_CLOCK_SetPeripheralClockDivider
                0x08020820       0x28 ./Libraries/XMCLib/src/xmc4_scu.o
                0x08020820                XMC_SCU_CLOCK_SetPeripheralClockDivider
 .text.XMC_SCU_CLOCK_SetUsbClockDivider
                0x08020848       0x28 ./Libraries/XMCLib/src/xmc4_scu.o
                0x08020848                XMC_SCU_CLOCK_SetUsbClockDivider
 .text.XMC_SCU_CLOCK_SetEbuClockDivider
                0x08020870       0x28 ./Libraries/XMCLib/src/xmc4_scu.o
                0x08020870                XMC_SCU_CLOCK_SetEbuClockDivider
 .text.XMC_SCU_CLOCK_SetWdtClockDivider
                0x08020898       0x28 ./Libraries/XMCLib/src/xmc4_scu.o
                0x08020898                XMC_SCU_CLOCK_SetWdtClockDivider
 .text.XMC_SCU_CLOCK_EnableClock
                0x080208c0       0x20 ./Libraries/XMCLib/src/xmc4_scu.o
                0x080208c0                XMC_SCU_CLOCK_EnableClock
 .text.XMC_SCU_CLOCK_UngatePeripheralClock
                0x080208e0       0x38 ./Libraries/XMCLib/src/xmc4_scu.o
                0x080208e0                XMC_SCU_CLOCK_UngatePeripheralClock
 .text.XMC_SCU_CLOCK_IsPeripheralClockGated
                0x08020918       0x48 ./Libraries/XMCLib/src/xmc4_scu.o
                0x08020918                XMC_SCU_CLOCK_IsPeripheralClockGated
 .text.XMC_SCU_CLOCK_StartUsbPll
                0x08020960       0xb4 ./Libraries/XMCLib/src/xmc4_scu.o
                0x08020960                XMC_SCU_CLOCK_StartUsbPll
 .text.XMC_SCU_CLOCK_SetBackupClockCalibrationMode
                0x08020a14       0x4c ./Libraries/XMCLib/src/xmc4_scu.o
                0x08020a14                XMC_SCU_CLOCK_SetBackupClockCalibrationMode
 .text.XMC_SCU_HIB_EnableHibernateDomain
                0x08020a60       0x58 ./Libraries/XMCLib/src/xmc4_scu.o
                0x08020a60                XMC_SCU_HIB_EnableHibernateDomain
 .text.XMC_SCU_CLOCK_IsLowPowerOscillatorStable
                0x08020ab8       0x24 ./Libraries/XMCLib/src/xmc4_scu.o
                0x08020ab8                XMC_SCU_CLOCK_IsLowPowerOscillatorStable
 .text.XMC_SCU_CLOCK_EnableLowPowerOscillator
                0x08020adc       0x70 ./Libraries/XMCLib/src/xmc4_scu.o
                0x08020adc                XMC_SCU_CLOCK_EnableLowPowerOscillator
 .text.XMC_SCU_CLOCK_EnableHighPerformanceOscillator
                0x08020b4c       0x50 ./Libraries/XMCLib/src/xmc4_scu.o
                0x08020b4c                XMC_SCU_CLOCK_EnableHighPerformanceOscillator
 .text.XMC_SCU_CLOCK_IsHighPerformanceOscillatorStable
                0x08020b9c       0x28 ./Libraries/XMCLib/src/xmc4_scu.o
                0x08020b9c                XMC_SCU_CLOCK_IsHighPerformanceOscillatorStable
 .text.XMC_SCU_CLOCK_EnableSystemPll
                0x08020bc4       0x20 ./Libraries/XMCLib/src/xmc4_scu.o
                0x08020bc4                XMC_SCU_CLOCK_EnableSystemPll
 .text.XMC_SCU_CLOCK_DisableSystemPll
                0x08020be4       0x20 ./Libraries/XMCLib/src/xmc4_scu.o
                0x08020be4                XMC_SCU_CLOCK_DisableSystemPll
 .text.XMC_SCU_CLOCK_StartSystemPll
                0x08020c04      0x19c ./Libraries/XMCLib/src/xmc4_scu.o
                0x08020c04                XMC_SCU_CLOCK_StartSystemPll
 .text.XMC_SCU_CLOCK_StepSystemPllFrequency
                0x08020da0       0x3c ./Libraries/XMCLib/src/xmc4_scu.o
                0x08020da0                XMC_SCU_CLOCK_StepSystemPllFrequency
 .text.XMC_CCU4_StartPrescaler
                0x08020ddc       0x1c ./Libraries/XMCLib/src/xmc_ccu4.o
 .text.XMC_CCU4_lDeassertReset
                0x08020df8       0x60 ./Libraries/XMCLib/src/xmc_ccu4.o
 .text.XMC_CCU4_lUngateClock
                0x08020e58       0x60 ./Libraries/XMCLib/src/xmc_ccu4.o
 .text.XMC_CCU4_EnableModule
                0x08020eb8       0x20 ./Libraries/XMCLib/src/xmc_ccu4.o
                0x08020eb8                XMC_CCU4_EnableModule
 .text.XMC_CCU4_Init
                0x08020ed8       0x3c ./Libraries/XMCLib/src/xmc_ccu4.o
                0x08020ed8                XMC_CCU4_Init
 .text.XMC_CCU4_SLICE_CompareInit
                0x08020f14       0x6c ./Libraries/XMCLib/src/xmc_ccu4.o
                0x08020f14                XMC_CCU4_SLICE_CompareInit
 .text.XMC_CCU4_SLICE_SetInterruptNode
                0x08020f80       0xc8 ./Libraries/XMCLib/src/xmc_ccu4.o
                0x08020f80                XMC_CCU4_SLICE_SetInterruptNode
 .text.XMC_DMA_GetEventStatus
                0x08021048       0x1c ./Libraries/XMCLib/src/xmc_dma.o
 .text.XMC_DMA_GetChannelsTransferCompleteStatus
                0x08021064       0x1c ./Libraries/XMCLib/src/xmc_dma.o
 .text.XMC_DMA_GetChannelsBlockCompleteStatus
                0x08021080       0x1c ./Libraries/XMCLib/src/xmc_dma.o
 .text.XMC_DMA_GetChannelsSourceTransactionCompleteStatus
                0x0802109c       0x1c ./Libraries/XMCLib/src/xmc_dma.o
 .text.XMC_DMA_GetChannelsDestinationTransactionCompleteStatus
                0x080210b8       0x1c ./Libraries/XMCLib/src/xmc_dma.o
 .text.XMC_DMA_GetChannelsErrorStatus
                0x080210d4       0x1c ./Libraries/XMCLib/src/xmc_dma.o
 .text.XMC_DMA_Init
                0x080210f0       0x14 ./Libraries/XMCLib/src/xmc_dma.o
                0x080210f0                XMC_DMA_Init
 .text.XMC_DMA_Enable
                0x08021104       0x44 ./Libraries/XMCLib/src/xmc_dma.o
                0x08021104                XMC_DMA_Enable
 .text.XMC_DMA_IsEnabled
                0x08021148       0xe4 ./Libraries/XMCLib/src/xmc_dma.o
                0x08021148                XMC_DMA_IsEnabled
 .text.XMC_DMA_EnableRequestLine
                0x0802122c       0x98 ./Libraries/XMCLib/src/xmc_dma.o
                0x0802122c                XMC_DMA_EnableRequestLine
 .text.XMC_DMA_CH_IsEnabled
                0x080212c4       0x34 ./Libraries/XMCLib/src/xmc_dma.o
                0x080212c4                XMC_DMA_CH_IsEnabled
 .text.XMC_DMA_CH_Init
                0x080212f8      0x40c ./Libraries/XMCLib/src/xmc_dma.o
                0x080212f8                XMC_DMA_CH_Init
 .text.XMC_DMA_CH_EnableEvent
                0x08021704       0x50 ./Libraries/XMCLib/src/xmc_dma.o
                0x08021704                XMC_DMA_CH_EnableEvent
 .text.XMC_DMA_CH_ClearEventStatus
                0x08021754       0x4c ./Libraries/XMCLib/src/xmc_dma.o
                0x08021754                XMC_DMA_CH_ClearEventStatus
 .text.XMC_DMA_CH_SetEventHandler
                0x080217a0       0x44 ./Libraries/XMCLib/src/xmc_dma.o
                0x080217a0                XMC_DMA_CH_SetEventHandler
 .text.XMC_DMA_IRQHandler
                0x080217e4      0x220 ./Libraries/XMCLib/src/xmc_dma.o
                0x080217e4                XMC_DMA_IRQHandler
 .text.XMC_ERU_ETL_Init
                0x08021a04       0x4c ./Libraries/XMCLib/src/xmc_eru.o
                0x08021a04                XMC_ERU_ETL_Init
 .text.XMC_ERU_OGU_SetServiceRequestMode
                0x08021a50       0x3c ./Libraries/XMCLib/src/xmc_eru.o
                0x08021a50                XMC_ERU_OGU_SetServiceRequestMode
 .text.XMC_ETH_MAC_Reset
                0x08021a8c       0x40 ./Libraries/XMCLib/src/xmc_eth_mac.o
 .text.XMC_ETH_MAC_SetAddress
                0x08021acc       0x2c ./Libraries/XMCLib/src/xmc_eth_mac.o
 .text.XMC_SCU_CLOCK_GetSystemClockFrequency
                0x08021af8       0x28 ./Libraries/XMCLib/src/xmc_eth_mac.o
 .text.XMC_SCU_CLOCK_GetEthernetClockFrequency
                0x08021b20       0x10 ./Libraries/XMCLib/src/xmc_eth_mac.o
 .text.XCM_ETH_MAC_IsNormalEvent
                0x08021b30       0x28 ./Libraries/XMCLib/src/xmc_eth_mac.o
 .text.XCM_ETH_MAC_IsAbnormalEvent
                0x08021b58       0x28 ./Libraries/XMCLib/src/xmc_eth_mac.o
 .text.XMC_ETH_MAC_InitEx
                0x08021b80       0x98 ./Libraries/XMCLib/src/xmc_eth_mac.o
                0x08021b80                XMC_ETH_MAC_InitEx
 .text.XMC_ETH_MAC_Init
                0x08021c18       0x34 ./Libraries/XMCLib/src/xmc_eth_mac.o
                0x08021c18                XMC_ETH_MAC_Init
 .text.XMC_ETH_MAC_InitRxDescriptors
                0x08021c4c       0xc8 ./Libraries/XMCLib/src/xmc_eth_mac.o
                0x08021c4c                XMC_ETH_MAC_InitRxDescriptors
 .text.XMC_ETH_MAC_InitTxDescriptors
                0x08021d14       0xb8 ./Libraries/XMCLib/src/xmc_eth_mac.o
                0x08021d14                XMC_ETH_MAC_InitTxDescriptors
 .text.XMC_ETH_MAC_GetRxFrameSize
                0x08021dcc       0x70 ./Libraries/XMCLib/src/xmc_eth_mac.o
                0x08021dcc                XMC_ETH_MAC_GetRxFrameSize
 .text.XMC_ETH_MAC_SetManagmentClockDivider
                0x08021e3c       0xa0 ./Libraries/XMCLib/src/xmc_eth_mac.o
                0x08021e3c                XMC_ETH_MAC_SetManagmentClockDivider
 .text.XMC_ETH_MAC_Enable
                0x08021edc       0x24 ./Libraries/XMCLib/src/xmc_eth_mac.o
                0x08021edc                XMC_ETH_MAC_Enable
 .text.XMC_ETH_MAC_ReadPhy
                0x08021f00       0x74 ./Libraries/XMCLib/src/xmc_eth_mac.o
                0x08021f00                XMC_ETH_MAC_ReadPhy
 .text.XMC_ETH_MAC_WritePhy
                0x08021f74       0x78 ./Libraries/XMCLib/src/xmc_eth_mac.o
                0x08021f74                XMC_ETH_MAC_WritePhy
 .text.XMC_ETH_MAC_EnableEvent
                0x08021fec       0x70 ./Libraries/XMCLib/src/xmc_eth_mac.o
                0x08021fec                XMC_ETH_MAC_EnableEvent
 .text.XMC_ETH_MAC_DisableEvent
                0x0802205c       0x4c ./Libraries/XMCLib/src/xmc_eth_mac.o
                0x0802205c                XMC_ETH_MAC_DisableEvent
 .text.XMC_ETH_MAC_ClearEventStatus
                0x080220a8       0x60 ./Libraries/XMCLib/src/xmc_eth_mac.o
                0x080220a8                XMC_ETH_MAC_ClearEventStatus
 .text.XMC_ETH_MAC_ReturnRxDescriptor
                0x08022108       0x60 ./Libraries/XMCLib/src/xmc_eth_mac.o
                0x08022108                XMC_ETH_MAC_ReturnRxDescriptor
 .text.XMC_ETH_MAC_ReturnTxDescriptor
                0x08022168       0x74 ./Libraries/XMCLib/src/xmc_eth_mac.o
                0x08022168                XMC_ETH_MAC_ReturnTxDescriptor
 .text.XMC_FCE_Init
                0x080221dc       0x2c ./Libraries/XMCLib/src/xmc_fce.o
                0x080221dc                XMC_FCE_Init
 .text.XMC_FCE_Enable
                0x08022208       0x28 ./Libraries/XMCLib/src/xmc_fce.o
                0x08022208                XMC_FCE_Enable
 .text.XMC_FCE_CalculateCRC32
                0x08022230       0x60 ./Libraries/XMCLib/src/xmc_fce.o
                0x08022230                XMC_FCE_CalculateCRC32
 .text.XMC_GPIO_SetHardwareControl
                0x08022290       0x44 ./Libraries/XMCLib/src/xmc_gpio.o
                0x08022290                XMC_GPIO_SetHardwareControl
 .text.XMC_SPI_CH_InitEx
                0x080222d4       0x8c ./Libraries/XMCLib/src/xmc_spi.o
                0x080222d4                XMC_SPI_CH_InitEx
 .text.XMC_SPI_CH_EnableSlaveSelect
                0x08022360       0x2c ./Libraries/XMCLib/src/xmc_spi.o
                0x08022360                XMC_SPI_CH_EnableSlaveSelect
 .text.XMC_SPI_CH_GetReceivedData
                0x0802238c       0x34 ./Libraries/XMCLib/src/xmc_spi.o
                0x0802238c                XMC_SPI_CH_GetReceivedData
 .text.XMC_SPI_CH_EnableEvent
                0x080223c0       0x34 ./Libraries/XMCLib/src/xmc_spi.o
                0x080223c0                XMC_SPI_CH_EnableEvent
 .text.XMC_SPI_CH_DisableEvent
                0x080223f4       0x38 ./Libraries/XMCLib/src/xmc_spi.o
                0x080223f4                XMC_SPI_CH_DisableEvent
 .text.XMC_USIC_CH_GetTransmitBufferStatus
                0x0802242c       0x20 ./Libraries/XMCLib/src/xmc_uart.o
 .text.XMC_UART_CH_ClearStatusFlag
                0x0802244c       0x1c ./Libraries/XMCLib/src/xmc_uart.o
 .text.XMC_UART_CH_InitEx
                0x08022468       0xd4 ./Libraries/XMCLib/src/xmc_uart.o
                0x08022468                XMC_UART_CH_InitEx
 .text.XMC_UART_CH_Transmit
                0x0802253c       0x4c ./Libraries/XMCLib/src/xmc_uart.o
                0x0802253c                XMC_UART_CH_Transmit
 .text.XMC_UART_CH_GetReceivedData
                0x08022588       0x34 ./Libraries/XMCLib/src/xmc_uart.o
                0x08022588                XMC_UART_CH_GetReceivedData
 .text.XMC_USIC_CH_Enable
                0x080225bc       0x98 ./Libraries/XMCLib/src/xmc_usic.o
                0x080225bc                XMC_USIC_CH_Enable
 .text.XMC_USIC_CH_SetBaudrate
                0x08022654       0xe4 ./Libraries/XMCLib/src/xmc_usic.o
                0x08022654                XMC_USIC_CH_SetBaudrate
 .text.XMC_USIC_CH_SetBaudrateEx
                0x08022738      0x100 ./Libraries/XMCLib/src/xmc_usic.o
                0x08022738                XMC_USIC_CH_SetBaudrateEx
 .text.XMC_USIC_CH_TXFIFO_Configure
                0x08022838       0x50 ./Libraries/XMCLib/src/xmc_usic.o
                0x08022838                XMC_USIC_CH_TXFIFO_Configure
 .text.XMC_USIC_CH_RXFIFO_Configure
                0x08022888       0x54 ./Libraries/XMCLib/src/xmc_usic.o
                0x08022888                XMC_USIC_CH_RXFIFO_Configure
 .text.XMC_USIC_CH_RXFIFO_SetSizeTriggerLimit
                0x080228dc       0x30 ./Libraries/XMCLib/src/xmc_usic.o
                0x080228dc                XMC_USIC_CH_RXFIFO_SetSizeTriggerLimit
 .text.XMC_USIC_CH_SetInterruptNodePointer
                0x0802290c       0x38 ./Libraries/XMCLib/src/xmc_usic.o
                0x0802290c                XMC_USIC_CH_SetInterruptNodePointer
 .text.XMC_USIC_CH_RXFIFO_SetInterruptNodePointer
                0x08022944       0x3c ./Libraries/XMCLib/src/xmc_usic.o
                0x08022944                XMC_USIC_CH_RXFIFO_SetInterruptNodePointer
 .text.XMC_USIC_Enable
                0x08022980       0xc0 ./Libraries/XMCLib/src/xmc_usic.o
                0x08022980                XMC_USIC_Enable
 .text._sbrk    0x08022a40       0x68 ./Libraries/Newlib/syscalls.o
                0x08022a40                _sbrk
 .text._init    0x08022aa8        0xc ./Libraries/Newlib/syscalls.o
                0x08022aa8                _init
 .text.XMC_USIC_CH_DisableEvent
                0x08022ab4       0x24 ./Dave/Generated/UART/uart.o
 .text.XMC_USIC_CH_RXFIFO_DisableEvent
                0x08022ad8       0x28 ./Dave/Generated/UART/uart.o
 .text.XMC_USIC_CH_RXFIFO_IsEmpty
                0x08022b00       0x28 ./Dave/Generated/UART/uart.o
 .text.UART_Init
                0x08022b28       0x24 ./Dave/Generated/UART/uart.o
                0x08022b28                UART_Init
 .text.UART_lReceiveHandler
                0x08022b4c      0x120 ./Dave/Generated/UART/uart.o
                0x08022b4c                UART_lReceiveHandler
 .text.UART_lReconfigureRxFIFO
                0x08022c6c       0x50 ./Dave/Generated/UART/uart.o
 .text.__NVIC_GetPriorityGrouping
                0x08022cbc       0x1c ./Dave/Generated/UART/uart_conf.o
 .text.__NVIC_EnableIRQ
                0x08022cd8       0x38 ./Dave/Generated/UART/uart_conf.o
 .text.__NVIC_SetPriority
                0x08022d10       0x54 ./Dave/Generated/UART/uart_conf.o
 .text.NVIC_EncodePriority
                0x08022d64       0x64 ./Dave/Generated/UART/uart_conf.o
 .text.XMC_USIC_CH_SetInputSource
                0x08022dc8       0x3c ./Dave/Generated/UART/uart_conf.o
 .text.XMC_UART_CH_Init
                0x08022e04       0x1c ./Dave/Generated/UART/uart_conf.o
 .text.XMC_UART_CH_Start
                0x08022e20       0x24 ./Dave/Generated/UART/uart_conf.o
 .text.UART_0_init
                0x08022e44       0xb0 ./Dave/Generated/UART/uart_conf.o
                0x08022e44                UART_0_init
 .text.USIC1_5_IRQHandler
                0x08022ef4       0x10 ./Dave/Generated/UART/uart_conf.o
                0x08022ef4                USIC1_5_IRQHandler
 .text.XMC_CCU4_EnableClock
                0x08022f04       0x20 ./Dave/Generated/TIMER/timer.o
 .text.XMC_CCU4_SLICE_StartTimer
                0x08022f24       0x18 ./Dave/Generated/TIMER/timer.o
 .text.XMC_CCU4_SLICE_ClearTimer
                0x08022f3c       0x18 ./Dave/Generated/TIMER/timer.o
 .text.XMC_CCU4_SLICE_SetTimerPeriodMatch
                0x08022f54       0x1c ./Dave/Generated/TIMER/timer.o
 .text.XMC_CCU4_SLICE_SetTimerCompareMatch
                0x08022f70       0x1c ./Dave/Generated/TIMER/timer.o
 .text.XMC_CCU4_EnableShadowTransfer
                0x08022f8c       0x1c ./Dave/Generated/TIMER/timer.o
 .text.XMC_CCU4_SLICE_GetTimerValue
                0x08022fa8       0x1c ./Dave/Generated/TIMER/timer.o
 .text.XMC_CCU4_SLICE_EnableEvent
                0x08022fc4       0x2c ./Dave/Generated/TIMER/timer.o
 .text.XMC_CCU4_SLICE_ClearEvent
                0x08022ff0       0x24 ./Dave/Generated/TIMER/timer.o
 .text.TIMER_Init
                0x08023014       0x3c ./Dave/Generated/TIMER/timer.o
                0x08023014                TIMER_Init
 .text.TIMER_ClearEvent
                0x08023050       0x24 ./Dave/Generated/TIMER/timer.o
                0x08023050                TIMER_ClearEvent
 .text.TIMER_GetTime
                0x08023074       0x88 ./Dave/Generated/TIMER/timer.o
                0x08023074                TIMER_GetTime
 .text.TIMER_CCU4_lInit
                0x080230fc       0x98 ./Dave/Generated/TIMER/timer.o
                0x080230fc                TIMER_CCU4_lInit
 .text.TIMER_CCU4_lShadowTransfer
                0x08023194       0x3c ./Dave/Generated/TIMER/timer.o
                0x08023194                TIMER_CCU4_lShadowTransfer
 .text.__NVIC_GetPriorityGrouping
                0x080231d0       0x1c ./Dave/Generated/SYSTIMER/systimer.o
 .text.__NVIC_SetPriority
                0x080231ec       0x54 ./Dave/Generated/SYSTIMER/systimer.o
 .text.NVIC_EncodePriority
                0x08023240       0x64 ./Dave/Generated/SYSTIMER/systimer.o
 .text.SysTick_Config
                0x080232a4       0x44 ./Dave/Generated/SYSTIMER/systimer.o
 .text.SYSTIMER_lInsertTimerList
                0x080232e8      0x1c4 ./Dave/Generated/SYSTIMER/systimer.o
 .text.SYSTIMER_lRemoveTimerList
                0x080234ac       0xc0 ./Dave/Generated/SYSTIMER/systimer.o
 .text.SYSTIMER_lTimerHandler
                0x0802356c       0xcc ./Dave/Generated/SYSTIMER/systimer.o
 .text.SysTick_Handler
                0x08023638       0x48 ./Dave/Generated/SYSTIMER/systimer.o
                0x08023638                SysTick_Handler
 .text.SYSTIMER_Init
                0x08023680       0x70 ./Dave/Generated/SYSTIMER/systimer.o
                0x08023680                SYSTIMER_Init
 .text.SYSTIMER_CreateTimer
                0x080236f0      0x13c ./Dave/Generated/SYSTIMER/systimer.o
                0x080236f0                SYSTIMER_CreateTimer
 .text.SYSTIMER_StartTimer
                0x0802382c       0x80 ./Dave/Generated/SYSTIMER/systimer.o
                0x0802382c                SYSTIMER_StartTimer
 .text.SYSTIMER_GetTickCount
                0x080238ac       0x18 ./Dave/Generated/SYSTIMER/systimer.o
                0x080238ac                SYSTIMER_GetTickCount
 .text.XMC_SPI_CH_SetTransmitMode
                0x080238c4       0x2c ./Dave/Generated/SPI_MASTER/spi_master.o
 .text.XMC_DMA_CH_Enable
                0x080238f0       0x24 ./Dave/Generated/SPI_MASTER/spi_master.o
 .text.XMC_DMA_CH_SetSourceAddress
                0x08023914       0x28 ./Dave/Generated/SPI_MASTER/spi_master.o
 .text.XMC_DMA_CH_SetDestinationAddress
                0x0802393c       0x2c ./Dave/Generated/SPI_MASTER/spi_master.o
 .text.XMC_DMA_CH_SetBlockSize
                0x08023968       0x2c ./Dave/Generated/SPI_MASTER/spi_master.o
 .text.SPI_MASTER_Init
                0x08023994       0x20 ./Dave/Generated/SPI_MASTER/spi_master.o
                0x08023994                SPI_MASTER_Init
 .text.SPI_MASTER_Transmit
                0x080239b4       0x34 ./Dave/Generated/SPI_MASTER/spi_master.o
                0x080239b4                SPI_MASTER_Transmit
 .text.SPI_MASTER_Receive
                0x080239e8       0x34 ./Dave/Generated/SPI_MASTER/spi_master.o
                0x080239e8                SPI_MASTER_Receive
 .text.SPI_MASTER_StartTransmitDMA
                0x08023a1c      0x1a8 ./Dave/Generated/SPI_MASTER/spi_master.o
                0x08023a1c                SPI_MASTER_StartTransmitDMA
 .text.SPI_MASTER_StartReceiveDMA
                0x08023bc4       0xac ./Dave/Generated/SPI_MASTER/spi_master.o
                0x08023bc4                SPI_MASTER_StartReceiveDMA
 .text.SPI_MASTER_Transfer
                0x08023c70       0xb0 ./Dave/Generated/SPI_MASTER/spi_master.o
                0x08023c70                SPI_MASTER_Transfer
 .text.SPI_MASTER_lReceiveDMA
                0x08023d20       0xb4 ./Dave/Generated/SPI_MASTER/spi_master.o
 .text.SPI_MASTER_lStdRBUFFlush
                0x08023dd4       0x1c ./Dave/Generated/SPI_MASTER/spi_master.o
 .text.XMC_USIC_CH_SetInputSource
                0x08023df0       0x3c ./Dave/Generated/SPI_MASTER/spi_master_conf.o
 .text.XMC_USIC_CH_SetWordLength
                0x08023e2c       0x2c ./Dave/Generated/SPI_MASTER/spi_master_conf.o
 .text.XMC_USIC_CH_SetFrameLength
                0x08023e58       0x2c ./Dave/Generated/SPI_MASTER/spi_master_conf.o
 .text.XMC_USIC_CH_GetTransmitBufferStatus
                0x08023e84       0x20 ./Dave/Generated/SPI_MASTER/spi_master_conf.o
 .text.XMC_USIC_CH_TriggerServiceRequest
                0x08023ea4       0x20 ./Dave/Generated/SPI_MASTER/spi_master_conf.o
 .text.XMC_USIC_CH_ConfigureShiftClockOutput
                0x08023ec4       0x2c ./Dave/Generated/SPI_MASTER/spi_master_conf.o
 .text.XMC_USIC_CH_SetMode
                0x08023ef0       0x28 ./Dave/Generated/SPI_MASTER/spi_master_conf.o
 .text.XMC_SPI_CH_Init
                0x08023f18       0x1c ./Dave/Generated/SPI_MASTER/spi_master_conf.o
 .text.XMC_SPI_CH_Start
                0x08023f34       0x18 ./Dave/Generated/SPI_MASTER/spi_master_conf.o
 .text.XMC_SPI_CH_SetBitOrderMsbFirst
                0x08023f4c       0x20 ./Dave/Generated/SPI_MASTER/spi_master_conf.o
 .text.XMC_SPI_CH_SetSlaveSelectDelay
                0x08023f6c       0x2c ./Dave/Generated/SPI_MASTER/spi_master_conf.o
 .text.XMC_SPI_CH_DisableFEM
                0x08023f98       0x20 ./Dave/Generated/SPI_MASTER/spi_master_conf.o
 .text.XMC_SPI_CH_ConfigureShiftClockOutput
                0x08023fb8       0x1c ./Dave/Generated/SPI_MASTER/spi_master_conf.o
 .text.XMC_SPI_CH_SetWordLength
                0x08023fd4       0x1c ./Dave/Generated/SPI_MASTER/spi_master_conf.o
 .text.XMC_SPI_CH_SetFrameLength
                0x08023ff0       0x1c ./Dave/Generated/SPI_MASTER/spi_master_conf.o
 .text.XMC_SPI_CH_SetInputSource
                0x0802400c       0x44 ./Dave/Generated/SPI_MASTER/spi_master_conf.o
 .text.SPI_MASTER_ADC_lInit
                0x08024050      0x150 ./Dave/Generated/SPI_MASTER/spi_master_conf.o
 .text.SPI_MASTER_ADC_DMA_tx_handler
                0x080241a0       0x38 ./Dave/Generated/SPI_MASTER/spi_master_conf.o
                0x080241a0                SPI_MASTER_ADC_DMA_tx_handler
 .text.SPI_MASTER_ADC_DMA_rx_handler
                0x080241d8       0x44 ./Dave/Generated/SPI_MASTER/spi_master_conf.o
                0x080241d8                SPI_MASTER_ADC_DMA_rx_handler
 .text.SPI_MASTER_TC_lInit
                0x0802421c      0x164 ./Dave/Generated/SPI_MASTER/spi_master_conf.o
 .text.SPI_MASTER_TC_DMA_tx_handler
                0x08024380       0x38 ./Dave/Generated/SPI_MASTER/spi_master_conf.o
                0x08024380                SPI_MASTER_TC_DMA_tx_handler
 .text.SPI_MASTER_TC_DMA_rx_handler
                0x080243b8       0x44 ./Dave/Generated/SPI_MASTER/spi_master_conf.o
                0x080243b8                SPI_MASTER_TC_DMA_rx_handler
 .text.__NVIC_GetPriorityGrouping
                0x080243fc       0x1c ./Dave/Generated/PIN_INTERRUPT/pin_interrupt.o
 .text.__NVIC_EnableIRQ
                0x08024418       0x38 ./Dave/Generated/PIN_INTERRUPT/pin_interrupt.o
 .text.__NVIC_ClearPendingIRQ
                0x08024450       0x3c ./Dave/Generated/PIN_INTERRUPT/pin_interrupt.o
 .text.__NVIC_SetPriority
                0x0802448c       0x54 ./Dave/Generated/PIN_INTERRUPT/pin_interrupt.o
 .text.NVIC_EncodePriority
                0x080244e0       0x64 ./Dave/Generated/PIN_INTERRUPT/pin_interrupt.o
 .text.PIN_INTERRUPT_Init
                0x08024544       0xa0 ./Dave/Generated/PIN_INTERRUPT/pin_interrupt.o
                0x08024544                PIN_INTERRUPT_Init
 .text.__NVIC_GetPriorityGrouping
                0x080245e4       0x1c ./Dave/Generated/INTERRUPT/interrupt.o
 .text.__NVIC_EnableIRQ
                0x08024600       0x38 ./Dave/Generated/INTERRUPT/interrupt.o
 .text.__NVIC_SetPriority
                0x08024638       0x54 ./Dave/Generated/INTERRUPT/interrupt.o
 .text.NVIC_EncodePriority
                0x0802468c       0x64 ./Dave/Generated/INTERRUPT/interrupt.o
 .text.INTERRUPT_Enable
                0x080246f0       0x1c ./Dave/Generated/INTERRUPT/interrupt.o
 .text.INTERRUPT_Init
                0x0802470c       0x4c ./Dave/Generated/INTERRUPT/interrupt.o
                0x0802470c                INTERRUPT_Init
 .text.__NVIC_GetPriorityGrouping
                0x08024758       0x1c ./Dave/Generated/GLOBAL_DMA/global_dma.o
 .text.__NVIC_EnableIRQ
                0x08024774       0x38 ./Dave/Generated/GLOBAL_DMA/global_dma.o
 .text.__NVIC_SetPriority
                0x080247ac       0x54 ./Dave/Generated/GLOBAL_DMA/global_dma.o
 .text.NVIC_EncodePriority
                0x08024800       0x64 ./Dave/Generated/GLOBAL_DMA/global_dma.o
 .text.GLOBAL_DMA_Init
                0x08024864       0x6c ./Dave/Generated/GLOBAL_DMA/global_dma.o
                0x08024864                GLOBAL_DMA_Init
 .text.GPDMA0_0_IRQHandler
                0x080248d0       0x10 ./Dave/Generated/GLOBAL_DMA/global_dma_conf.o
                0x080248d0                GPDMA0_0_IRQHandler
 .text.GPDMA1_0_IRQHandler
                0x080248e0       0x10 ./Dave/Generated/GLOBAL_DMA/global_dma_conf.o
                0x080248e0                GPDMA1_0_IRQHandler
 .text.XMC_CCU4_StartPrescaler
                0x080248f0       0x1c ./Dave/Generated/GLOBAL_CCU4/global_ccu4.o
 .text.GLOBAL_CCU4_Init
                0x0802490c       0x40 ./Dave/Generated/GLOBAL_CCU4/global_ccu4.o
                0x0802490c                GLOBAL_CCU4_Init
 .text.XMC_FLASH_SetMargin
                0x0802494c       0x34 ./Dave/Generated/E_EEPROM_XMC4/e_eeprom_xmc4.o
 .text.XMC_FLASH_EnableDoubleBitErrorTrap
                0x08024980       0x28 ./Dave/Generated/E_EEPROM_XMC4/e_eeprom_xmc4.o
 .text.XMC_FLASH_DisableDoubleBitErrorTrap
                0x080249a8       0x28 ./Dave/Generated/E_EEPROM_XMC4/e_eeprom_xmc4.o
 .text.XMC_FCE_InitializeSeedValue
                0x080249d0       0x1c ./Dave/Generated/E_EEPROM_XMC4/e_eeprom_xmc4.o
 .text.E_EEPROM_XMC4_Init
                0x080249ec       0xd4 ./Dave/Generated/E_EEPROM_XMC4/e_eeprom_xmc4.o
                0x080249ec                E_EEPROM_XMC4_Init
 .text.E_EEPROM_XMC4_WriteArray
                0x08024ac0       0x64 ./Dave/Generated/E_EEPROM_XMC4/e_eeprom_xmc4.o
                0x08024ac0                E_EEPROM_XMC4_WriteArray
 .text.E_EEPROM_XMC4_ReadArray
                0x08024b24       0x4c ./Dave/Generated/E_EEPROM_XMC4/e_eeprom_xmc4.o
                0x08024b24                E_EEPROM_XMC4_ReadArray
 .text.E_EEPROM_XMC4_UpdateFlashContents
                0x08024b70       0xa4 ./Dave/Generated/E_EEPROM_XMC4/e_eeprom_xmc4.o
                0x08024b70                E_EEPROM_XMC4_UpdateFlashContents
 .text.E_EEPROM_XMC4_IsFlashEmpty
                0x08024c14       0x28 ./Dave/Generated/E_EEPROM_XMC4/e_eeprom_xmc4.o
                0x08024c14                E_EEPROM_XMC4_IsFlashEmpty
 .text.E_EEPROM_XMC4_lWriteToFlash
                0x08024c3c       0x7c ./Dave/Generated/E_EEPROM_XMC4/e_eeprom_xmc4.o
 .text.E_EEPROM_XMC4_lInitReadSectorInfo
                0x08024cb8       0xac ./Dave/Generated/E_EEPROM_XMC4/e_eeprom_xmc4.o
 .text.E_EEPROM_XMC4_lInitEraseStateMachine
                0x08024d64       0x80 ./Dave/Generated/E_EEPROM_XMC4/e_eeprom_xmc4.o
 .text.E_EEPROM_XMC4_lCalculateCRC
                0x08024de4       0x30 ./Dave/Generated/E_EEPROM_XMC4/e_eeprom_xmc4.o
 .text.E_EEPROM_XMC4_lCopyFlashToRam
                0x08024e14       0x4c ./Dave/Generated/E_EEPROM_XMC4/e_eeprom_xmc4.o
 .text.__NVIC_GetPriorityGrouping
                0x08024e60       0x1c ./Dave/Generated/ETH_LWIP/lwip/port/netif/ethernetif.o
 .text.__NVIC_EnableIRQ
                0x08024e7c       0x38 ./Dave/Generated/ETH_LWIP/lwip/port/netif/ethernetif.o
 .text.__NVIC_DisableIRQ
                0x08024eb4       0x44 ./Dave/Generated/ETH_LWIP/lwip/port/netif/ethernetif.o
 .text.__NVIC_ClearPendingIRQ
                0x08024ef8       0x3c ./Dave/Generated/ETH_LWIP/lwip/port/netif/ethernetif.o
 .text.__NVIC_SetPriority
                0x08024f34       0x54 ./Dave/Generated/ETH_LWIP/lwip/port/netif/ethernetif.o
 .text.NVIC_EncodePriority
                0x08024f88       0x64 ./Dave/Generated/ETH_LWIP/lwip/port/netif/ethernetif.o
 .text.XMC_ETH_MAC_SetPortControl
                0x08024fec       0x20 ./Dave/Generated/ETH_LWIP/lwip/port/netif/ethernetif.o
 .text.XMC_ETH_MAC_DisableJumboFrame
                0x0802500c       0x24 ./Dave/Generated/ETH_LWIP/lwip/port/netif/ethernetif.o
 .text.XMC_ETH_MAC_SetLink
                0x08025030       0x34 ./Dave/Generated/ETH_LWIP/lwip/port/netif/ethernetif.o
 .text.XMC_ETH_MAC_IsRxDescriptorOwnedByDma
                0x08025064       0x28 ./Dave/Generated/ETH_LWIP/lwip/port/netif/ethernetif.o
 .text.XMC_ETH_MAC_IsTxDescriptorOwnedByDma
                0x0802508c       0x28 ./Dave/Generated/ETH_LWIP/lwip/port/netif/ethernetif.o
 .text.XMC_ETH_MAC_EnableRx
                0x080250b4       0x40 ./Dave/Generated/ETH_LWIP/lwip/port/netif/ethernetif.o
 .text.XMC_ETH_MAC_DisableRx
                0x080250f4       0x40 ./Dave/Generated/ETH_LWIP/lwip/port/netif/ethernetif.o
 .text.XMC_ETH_MAC_EnableTx
                0x08025134       0x40 ./Dave/Generated/ETH_LWIP/lwip/port/netif/ethernetif.o
 .text.XMC_ETH_MAC_DisableTx
                0x08025174       0x40 ./Dave/Generated/ETH_LWIP/lwip/port/netif/ethernetif.o
 .text.XMC_ETH_MAC_ResumeTx
                0x080251b4       0x30 ./Dave/Generated/ETH_LWIP/lwip/port/netif/ethernetif.o
 .text.XMC_ETH_MAC_ResumeRx
                0x080251e4       0x30 ./Dave/Generated/ETH_LWIP/lwip/port/netif/ethernetif.o
 .text.XMC_ETH_MAC_GetTxBuffer
                0x08025214       0x24 ./Dave/Generated/ETH_LWIP/lwip/port/netif/ethernetif.o
 .text.XMC_ETH_MAC_GetRxBuffer
                0x08025238       0x24 ./Dave/Generated/ETH_LWIP/lwip/port/netif/ethernetif.o
 .text.XMC_ETH_MAC_SetTxBufferSize
                0x0802525c       0x28 ./Dave/Generated/ETH_LWIP/lwip/port/netif/ethernetif.o
 .text.ethernetif_link_callback
                0x08025284      0x10c ./Dave/Generated/ETH_LWIP/lwip/port/netif/ethernetif.o
 .text.ethernetif_link_status
                0x08025390       0x60 ./Dave/Generated/ETH_LWIP/lwip/port/netif/ethernetif.o
 .text.low_level_init
                0x080253f0      0x140 ./Dave/Generated/ETH_LWIP/lwip/port/netif/ethernetif.o
 .text.low_level_output
                0x08025530       0xb0 ./Dave/Generated/ETH_LWIP/lwip/port/netif/ethernetif.o
 .text.low_level_input
                0x080255e0       0xc8 ./Dave/Generated/ETH_LWIP/lwip/port/netif/ethernetif.o
 .text.ethernetif_input
                0x080256a8       0x70 ./Dave/Generated/ETH_LWIP/lwip/port/netif/ethernetif.o
 .text.ethernetif_init
                0x08025718       0x4c ./Dave/Generated/ETH_LWIP/lwip/port/netif/ethernetif.o
                0x08025718                ethernetif_init
 .text.ETH0_0_IRQHandler
                0x08025764       0x1c ./Dave/Generated/ETH_LWIP/lwip/port/netif/ethernetif.o
                0x08025764                ETH0_0_IRQHandler
 .text.ETH_LWIP_Error
                0x08025780       0x24 ./Dave/Generated/ETH_LWIP/lwip/port/netif/ethernetif.o
                0x08025780                ETH_LWIP_Error
 .text.thumb2_memcpy
                0x080257a4       0x3c ./Dave/Generated/ETH_LWIP/lwip/port/include/arch/memcpy.o
                0x080257a4                thumb2_memcpy
 .text.sys_now  0x080257e0       0x28 ./Dave/Generated/ETH_LWIP/lwip/port/sys_arch.o
                0x080257e0                sys_now
 .text.etharp_free_entry
                0x08025808       0x64 ./Dave/Generated/ETH_LWIP/lwip/netif/etharp.o
 .text.etharp_tmr
                0x0802586c       0xdc ./Dave/Generated/ETH_LWIP/lwip/netif/etharp.o
                0x0802586c                etharp_tmr
 .text.etharp_find_entry
                0x08025948      0x1e8 ./Dave/Generated/ETH_LWIP/lwip/netif/etharp.o
 .text.etharp_send_ip
                0x08025b30       0x54 ./Dave/Generated/ETH_LWIP/lwip/netif/etharp.o
 .text.etharp_update_arp_entry
                0x08025b84      0x11c ./Dave/Generated/ETH_LWIP/lwip/netif/etharp.o
 .text.etharp_cleanup_netif
                0x08025ca0       0x60 ./Dave/Generated/ETH_LWIP/lwip/netif/etharp.o
                0x08025ca0                etharp_cleanup_netif
 .text.etharp_arp_input
                0x08025d00      0x184 ./Dave/Generated/ETH_LWIP/lwip/netif/etharp.o
 .text.etharp_output_to_arp_index
                0x08025e84       0x9c ./Dave/Generated/ETH_LWIP/lwip/netif/etharp.o
 .text.etharp_output
                0x08025f20      0x190 ./Dave/Generated/ETH_LWIP/lwip/netif/etharp.o
                0x08025f20                etharp_output
 .text.etharp_query
                0x080260b0      0x1f4 ./Dave/Generated/ETH_LWIP/lwip/netif/etharp.o
                0x080260b0                etharp_query
 .text.etharp_raw
                0x080262a4       0xf8 ./Dave/Generated/ETH_LWIP/lwip/netif/etharp.o
 .text.etharp_request
                0x0802639c       0x48 ./Dave/Generated/ETH_LWIP/lwip/netif/etharp.o
                0x0802639c                etharp_request
 .text.ethernet_input
                0x080263e4       0xfc ./Dave/Generated/ETH_LWIP/lwip/netif/etharp.o
                0x080263e4                ethernet_input
 .text.icmp_input
                0x080264e0      0x1c8 ./Dave/Generated/ETH_LWIP/lwip/core/ipv4/icmp.o
                0x080264e0                icmp_input
 .text.icmp_dest_unreach
                0x080266a8       0x20 ./Dave/Generated/ETH_LWIP/lwip/core/ipv4/icmp.o
                0x080266a8                icmp_dest_unreach
 .text.icmp_send_response
                0x080266c8       0xac ./Dave/Generated/ETH_LWIP/lwip/core/ipv4/icmp.o
 .text.igmp_init
                0x08026774       0x28 ./Dave/Generated/ETH_LWIP/lwip/core/ipv4/igmp.o
                0x08026774                igmp_init
 .text.igmp_start
                0x0802679c       0x54 ./Dave/Generated/ETH_LWIP/lwip/core/ipv4/igmp.o
                0x0802679c                igmp_start
 .text.igmp_report_groups
                0x080267f0       0x38 ./Dave/Generated/ETH_LWIP/lwip/core/ipv4/igmp.o
                0x080267f0                igmp_report_groups
 .text.igmp_lookfor_group
                0x08026828       0x4c ./Dave/Generated/ETH_LWIP/lwip/core/ipv4/igmp.o
                0x08026828                igmp_lookfor_group
 .text.igmp_lookup_group
                0x08026874       0x80 ./Dave/Generated/ETH_LWIP/lwip/core/ipv4/igmp.o
 .text.igmp_input
                0x080268f4      0x168 ./Dave/Generated/ETH_LWIP/lwip/core/ipv4/igmp.o
                0x080268f4                igmp_input
 .text.igmp_tmr
                0x08026a5c       0x48 ./Dave/Generated/ETH_LWIP/lwip/core/ipv4/igmp.o
                0x08026a5c                igmp_tmr
 .text.igmp_timeout
                0x08026aa4       0x20 ./Dave/Generated/ETH_LWIP/lwip/core/ipv4/igmp.o
 .text.igmp_start_timer
                0x08026ac4       0x3c ./Dave/Generated/ETH_LWIP/lwip/core/ipv4/igmp.o
 .text.igmp_delaying_member
                0x08026b00       0x48 ./Dave/Generated/ETH_LWIP/lwip/core/ipv4/igmp.o
 .text.igmp_ip_output_if
                0x08026b48       0x44 ./Dave/Generated/ETH_LWIP/lwip/core/ipv4/igmp.o
 .text.igmp_send
                0x08026b8c       0xc4 ./Dave/Generated/ETH_LWIP/lwip/core/ipv4/igmp.o
 .text.lwip_standard_chksum
                0x08026c50       0xbc ./Dave/Generated/ETH_LWIP/lwip/core/ipv4/inet_chksum.o
 .text.inet_chksum
                0x08026d0c       0x24 ./Dave/Generated/ETH_LWIP/lwip/core/ipv4/inet_chksum.o
                0x08026d0c                inet_chksum
 .text.inet_chksum_pbuf
                0x08026d30       0x98 ./Dave/Generated/ETH_LWIP/lwip/core/ipv4/inet_chksum.o
                0x08026d30                inet_chksum_pbuf
 .text.ip_route
                0x08026dc8       0x78 ./Dave/Generated/ETH_LWIP/lwip/core/ipv4/ip.o
                0x08026dc8                ip_route
 .text.ip_input
                0x08026e40      0x248 ./Dave/Generated/ETH_LWIP/lwip/core/ipv4/ip.o
                0x08026e40                ip_input
 .text.ip_output_if
                0x08027088       0x40 ./Dave/Generated/ETH_LWIP/lwip/core/ipv4/ip.o
                0x08027088                ip_output_if
 .text.ip_output_if_opt
                0x080270c8      0x15c ./Dave/Generated/ETH_LWIP/lwip/core/ipv4/ip.o
                0x080270c8                ip_output_if_opt
 .text.ip_output
                0x08027224       0x4c ./Dave/Generated/ETH_LWIP/lwip/core/ipv4/ip.o
                0x08027224                ip_output
 .text.ip4_addr_isbroadcast
                0x08027270       0x78 ./Dave/Generated/ETH_LWIP/lwip/core/ipv4/ip_addr.o
                0x08027270                ip4_addr_isbroadcast
 .text.ipaddr_aton
                0x080272e8      0x238 ./Dave/Generated/ETH_LWIP/lwip/core/ipv4/ip_addr.o
                0x080272e8                ipaddr_aton
 .text.lwip_htons
                0x08027520       0x2c ./Dave/Generated/ETH_LWIP/lwip/core/def.o
                0x08027520                lwip_htons
 .text.lwip_ntohs
                0x0802754c       0x1c ./Dave/Generated/ETH_LWIP/lwip/core/def.o
                0x0802754c                lwip_ntohs
 .text.lwip_htonl
                0x08027568       0x34 ./Dave/Generated/ETH_LWIP/lwip/core/def.o
                0x08027568                lwip_htonl
 .text.lwip_init
                0x0802759c       0x20 ./Dave/Generated/ETH_LWIP/lwip/core/init.o
                0x0802759c                lwip_init
 .text.plug_holes
                0x080275bc       0xbc ./Dave/Generated/ETH_LWIP/lwip/core/mem.o
 .text.mem_init
                0x08027678       0x78 ./Dave/Generated/ETH_LWIP/lwip/core/mem.o
                0x08027678                mem_init
 .text.mem_free
                0x080276f0       0x5c ./Dave/Generated/ETH_LWIP/lwip/core/mem.o
                0x080276f0                mem_free
 .text.mem_trim
                0x0802774c      0x174 ./Dave/Generated/ETH_LWIP/lwip/core/mem.o
                0x0802774c                mem_trim
 .text.mem_malloc
                0x080278c0      0x148 ./Dave/Generated/ETH_LWIP/lwip/core/mem.o
                0x080278c0                mem_malloc
 .text.memp_init
                0x08027a08       0x98 ./Dave/Generated/ETH_LWIP/lwip/core/memp.o
                0x08027a08                memp_init
 .text.memp_malloc
                0x08027aa0       0x44 ./Dave/Generated/ETH_LWIP/lwip/core/memp.o
                0x08027aa0                memp_malloc
 .text.memp_free
                0x08027ae4       0x3c ./Dave/Generated/ETH_LWIP/lwip/core/memp.o
                0x08027ae4                memp_free
 .text.netif_init
                0x08027b20        0xc ./Dave/Generated/ETH_LWIP/lwip/core/netif.o
                0x08027b20                netif_init
 .text.netif_add
                0x08027b2c       0xa4 ./Dave/Generated/ETH_LWIP/lwip/core/netif.o
                0x08027b2c                netif_add
 .text.netif_set_addr
                0x08027bd0       0x2c ./Dave/Generated/ETH_LWIP/lwip/core/netif.o
                0x08027bd0                netif_set_addr
 .text.netif_set_ipaddr
                0x08027bfc       0x28 ./Dave/Generated/ETH_LWIP/lwip/core/netif.o
                0x08027bfc                netif_set_ipaddr
 .text.netif_set_gw
                0x08027c24       0x28 ./Dave/Generated/ETH_LWIP/lwip/core/netif.o
                0x08027c24                netif_set_gw
 .text.netif_set_netmask
                0x08027c4c       0x28 ./Dave/Generated/ETH_LWIP/lwip/core/netif.o
                0x08027c4c                netif_set_netmask
 .text.netif_set_default
                0x08027c74       0x1c ./Dave/Generated/ETH_LWIP/lwip/core/netif.o
                0x08027c74                netif_set_default
 .text.netif_set_up
                0x08027c90       0x6c ./Dave/Generated/ETH_LWIP/lwip/core/netif.o
                0x08027c90                netif_set_up
 .text.netif_set_down
                0x08027cfc       0x44 ./Dave/Generated/ETH_LWIP/lwip/core/netif.o
                0x08027cfc                netif_set_down
 .text.netif_set_link_up
                0x08027d40       0x7c ./Dave/Generated/ETH_LWIP/lwip/core/netif.o
                0x08027d40                netif_set_link_up
 .text.netif_set_link_down
                0x08027dbc       0x40 ./Dave/Generated/ETH_LWIP/lwip/core/netif.o
                0x08027dbc                netif_set_link_down
 .text.netif_set_link_callback
                0x08027dfc       0x20 ./Dave/Generated/ETH_LWIP/lwip/core/netif.o
                0x08027dfc                netif_set_link_callback
 .text.pbuf_alloc
                0x08027e1c      0x1f4 ./Dave/Generated/ETH_LWIP/lwip/core/pbuf.o
                0x08027e1c                pbuf_alloc
 .text.pbuf_realloc
                0x08028010       0xb0 ./Dave/Generated/ETH_LWIP/lwip/core/pbuf.o
                0x08028010                pbuf_realloc
 .text.pbuf_header
                0x080280c0       0xe4 ./Dave/Generated/ETH_LWIP/lwip/core/pbuf.o
                0x080280c0                pbuf_header
 .text.pbuf_free
                0x080281a4       0x88 ./Dave/Generated/ETH_LWIP/lwip/core/pbuf.o
                0x080281a4                pbuf_free
 .text.pbuf_ref
                0x0802822c       0x24 ./Dave/Generated/ETH_LWIP/lwip/core/pbuf.o
                0x0802822c                pbuf_ref
 .text.pbuf_cat
                0x08028250       0x60 ./Dave/Generated/ETH_LWIP/lwip/core/pbuf.o
                0x08028250                pbuf_cat
 .text.pbuf_chain
                0x080282b0       0x20 ./Dave/Generated/ETH_LWIP/lwip/core/pbuf.o
                0x080282b0                pbuf_chain
 .text.pbuf_copy
                0x080282d0      0x118 ./Dave/Generated/ETH_LWIP/lwip/core/pbuf.o
                0x080282d0                pbuf_copy
 .text.raw_input
                0x080283e8       0xc0 ./Dave/Generated/ETH_LWIP/lwip/core/raw.o
                0x080283e8                raw_input
 .text.arp_timer
                0x080284a8       0x24 ./Dave/Generated/ETH_LWIP/lwip/core/timers.o
 .text.igmp_timer
                0x080284cc       0x20 ./Dave/Generated/ETH_LWIP/lwip/core/timers.o
 .text.sys_timeouts_init
                0x080284ec       0x34 ./Dave/Generated/ETH_LWIP/lwip/core/timers.o
                0x080284ec                sys_timeouts_init
 .text.sys_timeout
                0x08028520       0xdc ./Dave/Generated/ETH_LWIP/lwip/core/timers.o
                0x08028520                sys_timeout
 .text.sys_check_timeouts
                0x080285fc       0x8c ./Dave/Generated/ETH_LWIP/lwip/core/timers.o
                0x080285fc                sys_check_timeouts
 .text.udp_init
                0x08028688        0xc ./Dave/Generated/ETH_LWIP/lwip/core/udp.o
                0x08028688                udp_init
 .text.udp_new_port
                0x08028694       0x74 ./Dave/Generated/ETH_LWIP/lwip/core/udp.o
 .text.udp_input
                0x08028708      0x22c ./Dave/Generated/ETH_LWIP/lwip/core/udp.o
                0x08028708                udp_input
 .text.udp_sendto_if
                0x08028934      0x158 ./Dave/Generated/ETH_LWIP/lwip/core/udp.o
                0x08028934                udp_sendto_if
 .text.udp_bind
                0x08028a8c       0xc0 ./Dave/Generated/ETH_LWIP/lwip/core/udp.o
                0x08028a8c                udp_bind
 .text.udp_new  0x08028b4c       0x30 ./Dave/Generated/ETH_LWIP/lwip/core/udp.o
                0x08028b4c                udp_new
 .text.ETH_LWIP_Init
                0x08028b7c       0xa8 ./Dave/Generated/ETH_LWIP/eth_lwip.o
                0x08028b7c                ETH_LWIP_Init
 .text.XMC_ETH_PHY_IsDeviceIdValid
                0x08028c24       0x68 ./Dave/Generated/ETH_LWIP/xmc_eth_phy_ksz8081rnl.o
 .text.XMC_ETH_PHY_Init
                0x08028c8c       0x98 ./Dave/Generated/ETH_LWIP/xmc_eth_phy_ksz8081rnl.o
                0x08028c8c                XMC_ETH_PHY_Init
 .text.XMC_ETH_PHY_Reset
                0x08028d24       0x50 ./Dave/Generated/ETH_LWIP/xmc_eth_phy_ksz8081rnl.o
                0x08028d24                XMC_ETH_PHY_Reset
 .text.XMC_ETH_PHY_GetLinkStatus
                0x08028d74       0x34 ./Dave/Generated/ETH_LWIP/xmc_eth_phy_ksz8081rnl.o
                0x08028d74                XMC_ETH_PHY_GetLinkStatus
 .text.XMC_ETH_PHY_GetLinkSpeed
                0x08028da8       0x38 ./Dave/Generated/ETH_LWIP/xmc_eth_phy_ksz8081rnl.o
                0x08028da8                XMC_ETH_PHY_GetLinkSpeed
 .text.XMC_ETH_PHY_GetLinkDuplex
                0x08028de0       0x38 ./Dave/Generated/ETH_LWIP/xmc_eth_phy_ksz8081rnl.o
                0x08028de0                XMC_ETH_PHY_GetLinkDuplex
 .text.XMC_ETH_PHY_IsAutonegotiationCompleted
                0x08028e18       0x34 ./Dave/Generated/ETH_LWIP/xmc_eth_phy_ksz8081rnl.o
                0x08028e18                XMC_ETH_PHY_IsAutonegotiationCompleted
 .text.DIGITAL_IO_Init
                0x08028e4c       0x40 ./Dave/Generated/DIGITAL_IO/digital_io.o
                0x08028e4c                DIGITAL_IO_Init
 .text.__NVIC_SetPriorityGrouping
                0x08028e8c       0x48 ./Dave/Generated/CPU_CTRL_XMC4/cpu_ctrl_xmc4_conf.o
 .text.SystemCoreSetup
                0x08028ed4       0xa0 ./Dave/Generated/CPU_CTRL_XMC4/cpu_ctrl_xmc4_conf.o
                0x08028ed4                SystemCoreSetup
 .text.CLOCK_XMC4_Init
                0x08028f74       0x20 ./Dave/Generated/CLOCK_XMC4/clock_xmc4.o
                0x08028f74                CLOCK_XMC4_Init
 .text.OSCHP_GetFrequency
                0x08028f94       0x14 ./Dave/Generated/CLOCK_XMC4/clock_xmc4.o
                0x08028f94                OSCHP_GetFrequency
 .text.SystemCoreClockSetup
                0x08028fa8       0x54 ./Dave/Generated/CLOCK_XMC4/clock_xmc4_conf.o
                0x08028fa8                SystemCoreClockSetup
 .text.DAVE_Init
                0x08028ffc      0x128 ./Dave/Generated/DAVE.o
                0x08028ffc                DAVE_Init
 .text.__NVIC_EnableIRQ
                0x08029124       0x38 ./main.o
 .text.XMC_USIC_CH_SetFrameLength
                0x0802915c       0x2c ./main.o
 .text.XMC_SPI_CH_SetFrameLength
                0x08029188       0x1c ./main.o
 .text.SPI_MASTER_IsRxBusy
                0x080291a4       0x1c ./main.o
 .text.SPI_MASTER_EnableSlaveSelectSignal
                0x080291c0       0x2c ./main.o
 .text.PIN_INTERRUPT_Enable
                0x080291ec       0x1c ./main.o
 .text.INTERRUPT_Enable
                0x08029208       0x1c ./main.o
 .text.load_flash_config
                0x08029224       0xd0 ./main.o
                0x08029224                load_flash_config
 .text.local_udp_reset
                0x080292f4       0x40 ./main.o
                0x080292f4                local_udp_reset
 .text.local_udp_init
                0x08029334       0x3c ./main.o
                0x08029334                local_udp_init
 .text.send_data
                0x08029370       0x64 ./main.o
                0x08029370                send_data
 .text.send_err_msg
                0x080293d4       0x4c ./main.o
 .text.parse_command
                0x08029420      0x23c ./main.o
                0x08029420                parse_command
 .text.main     0x0802965c      0x2c0 ./main.o
                0x0802965c                main
 .text.UART_Recv_Callback
                0x0802991c       0x54 ./main.o
                0x0802991c                UART_Recv_Callback
 .text.CCU43_1_IRQHandler
                0x08029970       0x20 ./main.o
                0x08029970                CCU43_1_IRQHandler
 .text.CCU43_0_IRQHandler
                0x08029990       0x48 ./main.o
                0x08029990                CCU43_0_IRQHandler
 .text.ERU0_3_IRQHandler
                0x080299d8       0x3c ./main.o
                0x080299d8                ERU0_3_IRQHandler
 .text.ERU0_2_IRQHandler
                0x08029a14       0x3c ./main.o
                0x08029a14                ERU0_2_IRQHandler
 .text.adc_register_config
                0x08029a50      0x21c ./main.o
                0x08029a50                adc_register_config
 .text.xmc_ADC_setup
                0x08029c6c       0xe0 ./main.o
                0x08029c6c                xmc_ADC_setup
 .text.atoi     0x08029d4c        0x8 c:/infineon/tools/dave ide/4.5.0.202105191637/eclipse/arm-gcc-49/bin/../lib/gcc/arm-none-eabi/4.9.3/../../../../arm-none-eabi/lib/armv7e-m/softfp\libg_nano.a(lib_a-atoi.o)
                0x08029d4c                atoi
 .text.__errno  0x08029d54        0xc c:/infineon/tools/dave ide/4.5.0.202105191637/eclipse/arm-gcc-49/bin/../lib/gcc/arm-none-eabi/4.9.3/../../../../arm-none-eabi/lib/armv7e-m/softfp\libg_nano.a(lib_a-errno.o)
                0x08029d54                __errno
 .text.__libc_init_array
                0x08029d60       0x4c c:/infineon/tools/dave ide/4.5.0.202105191637/eclipse/arm-gcc-49/bin/../lib/gcc/arm-none-eabi/4.9.3/../../../../arm-none-eabi/lib/armv7e-m/softfp\libg_nano.a(lib_a-init.o)
                0x08029d60                __libc_init_array
 .text.memcmp   0x08029dac       0x20 c:/infineon/tools/dave ide/4.5.0.202105191637/eclipse/arm-gcc-49/bin/../lib/gcc/arm-none-eabi/4.9.3/../../../../arm-none-eabi/lib/armv7e-m/softfp\libg_nano.a(lib_a-memcmp.o)
                0x08029dac                memcmp
 .text.memcpy   0x08029dcc       0x16 c:/infineon/tools/dave ide/4.5.0.202105191637/eclipse/arm-gcc-49/bin/../lib/gcc/arm-none-eabi/4.9.3/../../../../arm-none-eabi/lib/armv7e-m/softfp\libg_nano.a(lib_a-memcpy.o)
                0x08029dcc                memcpy
 .text.memset   0x08029de2       0x10 c:/infineon/tools/dave ide/4.5.0.202105191637/eclipse/arm-gcc-49/bin/../lib/gcc/arm-none-eabi/4.9.3/../../../../arm-none-eabi/lib/armv7e-m/softfp\libg_nano.a(lib_a-memset.o)
                0x08029de2                memset
 *fill*         0x08029df2        0x2 
 .text.rand     0x08029df4       0x74 c:/infineon/tools/dave ide/4.5.0.202105191637/eclipse/arm-gcc-49/bin/../lib/gcc/arm-none-eabi/4.9.3/../../../../arm-none-eabi/lib/armv7e-m/softfp\libg_nano.a(lib_a-rand.o)
                0x08029df4                rand
 .text          0x08029e68       0x14 c:/infineon/tools/dave ide/4.5.0.202105191637/eclipse/arm-gcc-49/bin/../lib/gcc/arm-none-eabi/4.9.3/../../../../arm-none-eabi/lib/armv7e-m/softfp\libg_nano.a(lib_a-strcmp.o)
                0x08029e68                strcmp
 .text.strlen   0x08029e7c       0x10 c:/infineon/tools/dave ide/4.5.0.202105191637/eclipse/arm-gcc-49/bin/../lib/gcc/arm-none-eabi/4.9.3/../../../../arm-none-eabi/lib/armv7e-m/softfp\libg_nano.a(lib_a-strlen.o)
                0x08029e7c                strlen
 .text._strtol_r
                0x08029e8c      0x10c c:/infineon/tools/dave ide/4.5.0.202105191637/eclipse/arm-gcc-49/bin/../lib/gcc/arm-none-eabi/4.9.3/../../../../arm-none-eabi/lib/armv7e-m/softfp\libg_nano.a(lib_a-strtol.o)
                0x08029e8c                _strtol_r
 .text.strtol   0x08029f98       0x1c c:/infineon/tools/dave ide/4.5.0.202105191637/eclipse/arm-gcc-49/bin/../lib/gcc/arm-none-eabi/4.9.3/../../../../arm-none-eabi/lib/armv7e-m/softfp\libg_nano.a(lib_a-strtol.o)
                0x08029f98                strtol
 .text.malloc   0x08029fb4       0x10 c:/infineon/tools/dave ide/4.5.0.202105191637/eclipse/arm-gcc-49/bin/../lib/gcc/arm-none-eabi/4.9.3/../../../../arm-none-eabi/lib/armv7e-m/softfp\libg_nano.a(lib_a-malloc.o)
                0x08029fb4                malloc
 .text._malloc_r
                0x08029fc4       0xac c:/infineon/tools/dave ide/4.5.0.202105191637/eclipse/arm-gcc-49/bin/../lib/gcc/arm-none-eabi/4.9.3/../../../../arm-none-eabi/lib/armv7e-m/softfp\libg_nano.a(lib_a-nano-mallocr.o)
                0x08029fc4                _malloc_r
 .text._sbrk_r  0x0802a070       0x20 c:/infineon/tools/dave ide/4.5.0.202105191637/eclipse/arm-gcc-49/bin/../lib/gcc/arm-none-eabi/4.9.3/../../../../arm-none-eabi/lib/armv7e-m/softfp\libg_nano.a(lib_a-sbrkr.o)
                0x0802a070                _sbrk_r
 *(.init)
 *(.fini)
 *crtbegin.o(.ctors)
 *crtbegin?.o(.ctors)
 *(EXCLUDE_FILE(*crtend.o *crtend?.o) .ctors)
 *(SORT(.ctors.*))
 *(.ctors)
 *crtbegin.o(.dtors)
 *crtbegin?.o(.dtors)
 *(EXCLUDE_FILE(*crtend.o *crtend?.o) .dtors)
 *(SORT(.dtors.*))
 *(.dtors)
 *(.rodata .rodata.*)
 .rodata.UART_0_channel_config
                0x0802a090        0xc ./Dave/Generated/UART/uart_conf.o
                0x0802a090                UART_0_channel_config
 .rodata.UART_0_tx_pin_config
                0x0802a09c        0xc ./Dave/Generated/UART/uart_conf.o
                0x0802a09c                UART_0_tx_pin_config
 .rodata.UART_0_tx_pin
                0x0802a0a8        0xc ./Dave/Generated/UART/uart_conf.o
                0x0802a0a8                UART_0_tx_pin
 .rodata.UART_0_config
                0x0802a0b4       0x2c ./Dave/Generated/UART/uart_conf.o
                0x0802a0b4                UART_0_config
 .rodata.UART_0_rx_pin_config
                0x0802a0e0        0xc ./Dave/Generated/UART/uart_conf.o
                0x0802a0e0                UART_0_rx_pin_config
 .rodata.SPI_MASTER_ADC_MOSI
                0x0802a0ec        0x8 ./Dave/Generated/SPI_MASTER/spi_master_conf.o
                0x0802a0ec                SPI_MASTER_ADC_MOSI
 .rodata.SPI_MASTER_ADC_MISO
                0x0802a0f4        0x8 ./Dave/Generated/SPI_MASTER/spi_master_conf.o
                0x0802a0f4                SPI_MASTER_ADC_MISO
 .rodata.SPI_MASTER_ADC_SCLKOUT
                0x0802a0fc        0x8 ./Dave/Generated/SPI_MASTER/spi_master_conf.o
                0x0802a0fc                SPI_MASTER_ADC_SCLKOUT
 .rodata.SPI_MASTER_ADC_SCLKOUT_Config
                0x0802a104       0x14 ./Dave/Generated/SPI_MASTER/spi_master_conf.o
                0x0802a104                SPI_MASTER_ADC_SCLKOUT_Config
 .rodata.SPI_MASTER_ADC_SS_0
                0x0802a118        0x8 ./Dave/Generated/SPI_MASTER/spi_master_conf.o
                0x0802a118                SPI_MASTER_ADC_SS_0
 .rodata.SPI_MASTER_ADC_SS_0_Config
                0x0802a120       0x14 ./Dave/Generated/SPI_MASTER/spi_master_conf.o
                0x0802a120                SPI_MASTER_ADC_SS_0_Config
 .rodata.SPI_MASTER_ADC_SS_1
                0x0802a134        0x8 ./Dave/Generated/SPI_MASTER/spi_master_conf.o
                0x0802a134                SPI_MASTER_ADC_SS_1
 .rodata.SPI_MASTER_ADC_Config
                0x0802a13c       0x8c ./Dave/Generated/SPI_MASTER/spi_master_conf.o
                0x0802a13c                SPI_MASTER_ADC_Config
 .rodata.SPI_MASTER_TC_MOSI
                0x0802a1c8        0x8 ./Dave/Generated/SPI_MASTER/spi_master_conf.o
                0x0802a1c8                SPI_MASTER_TC_MOSI
 .rodata.SPI_MASTER_TC_MISO
                0x0802a1d0        0x8 ./Dave/Generated/SPI_MASTER/spi_master_conf.o
                0x0802a1d0                SPI_MASTER_TC_MISO
 .rodata.SPI_MASTER_TC_SCLKOUT
                0x0802a1d8        0x8 ./Dave/Generated/SPI_MASTER/spi_master_conf.o
                0x0802a1d8                SPI_MASTER_TC_SCLKOUT
 .rodata.SPI_MASTER_TC_SCLKOUT_Config
                0x0802a1e0       0x14 ./Dave/Generated/SPI_MASTER/spi_master_conf.o
                0x0802a1e0                SPI_MASTER_TC_SCLKOUT_Config
 .rodata.SPI_MASTER_TC_SS_0
                0x0802a1f4        0x8 ./Dave/Generated/SPI_MASTER/spi_master_conf.o
                0x0802a1f4                SPI_MASTER_TC_SS_0
 .rodata.SPI_MASTER_TC_SS_0_Config
                0x0802a1fc       0x14 ./Dave/Generated/SPI_MASTER/spi_master_conf.o
                0x0802a1fc                SPI_MASTER_TC_SS_0_Config
 .rodata.SPI_MASTER_TC_SS_1
                0x0802a210        0x8 ./Dave/Generated/SPI_MASTER/spi_master_conf.o
                0x0802a210                SPI_MASTER_TC_SS_1
 .rodata.SPI_MASTER_TC_SS_2
                0x0802a218        0x8 ./Dave/Generated/SPI_MASTER/spi_master_conf.o
                0x0802a218                SPI_MASTER_TC_SS_2
 .rodata.SPI_MASTER_TC_SS_2_Config
                0x0802a220       0x14 ./Dave/Generated/SPI_MASTER/spi_master_conf.o
                0x0802a220                SPI_MASTER_TC_SS_2_Config
 .rodata.SPI_MASTER_TC_SS_3
                0x0802a234        0x8 ./Dave/Generated/SPI_MASTER/spi_master_conf.o
                0x0802a234                SPI_MASTER_TC_SS_3
 .rodata.SPI_MASTER_TC_SS_3_Config
                0x0802a23c       0x14 ./Dave/Generated/SPI_MASTER/spi_master_conf.o
                0x0802a23c                SPI_MASTER_TC_SS_3_Config
 .rodata.SPI_MASTER_TC_Config
                0x0802a250       0x8c ./Dave/Generated/SPI_MASTER/spi_master_conf.o
                0x0802a250                SPI_MASTER_TC_Config
 .rodata.PIN_INTERRUPT_ADC0
                0x0802a2dc       0x24 ./Dave/Generated/PIN_INTERRUPT/pin_interrupt_conf.o
                0x0802a2dc                PIN_INTERRUPT_ADC0
 .rodata.PIN_INTERRUPT_ADC1
                0x0802a300       0x24 ./Dave/Generated/PIN_INTERRUPT/pin_interrupt_conf.o
                0x0802a300                PIN_INTERRUPT_ADC1
 .rodata.INTERRUPT_TC
                0x0802a324        0x4 ./Dave/Generated/INTERRUPT/interrupt_conf.o
                0x0802a324                INTERRUPT_TC
 .rodata.INTERRUPT_TIMESTAMP
                0x0802a328        0x4 ./Dave/Generated/INTERRUPT/interrupt_conf.o
                0x0802a328                INTERRUPT_TIMESTAMP
 .rodata.INTERRUPT_ETH
                0x0802a32c        0x4 ./Dave/Generated/INTERRUPT/interrupt_conf.o
                0x0802a32c                INTERRUPT_ETH
 .rodata.e_eeprom_xmc4_fce
                0x0802a330        0xc ./Dave/Generated/E_EEPROM_XMC4/e_eeprom_xmc4.o
 .rodata.eth_phy_config
                0x0802a33c        0x8 ./Dave/Generated/ETH_LWIP/lwip/port/netif/ethernetif.o
                0x0802a33c                eth_phy_config
 .rodata.ethbroadcast
                0x0802a344        0x8 ./Dave/Generated/ETH_LWIP/lwip/netif/etharp.o
                0x0802a344                ethbroadcast
 .rodata.ethzero
                0x0802a34c        0x8 ./Dave/Generated/ETH_LWIP/lwip/netif/etharp.o
                0x0802a34c                ethzero
 .rodata.ip_addr_any
                0x0802a354        0x4 ./Dave/Generated/ETH_LWIP/lwip/core/ipv4/ip_addr.o
                0x0802a354                ip_addr_any
 .rodata.memp_sizes
                0x0802a358        0xc ./Dave/Generated/ETH_LWIP/lwip/core/memp.o
 .rodata.memp_num
                0x0802a364        0xc ./Dave/Generated/ETH_LWIP/lwip/core/memp.o
 .rodata.LED_INDICATOR
                0x0802a370       0x14 ./Dave/Generated/DIGITAL_IO/digital_io_conf.o
                0x0802a370                LED_INDICATOR
 .rodata        0x0802a384       0x14 ./Dave/Generated/CLOCK_XMC4/clock_xmc4_conf.o
 .rodata        0x0802a398      0x264 ./main.o
 .rodata.str1.1
                0x0802a5fc        0x2 c:/infineon/tools/dave ide/4.5.0.202105191637/eclipse/arm-gcc-49/bin/../lib/gcc/arm-none-eabi/4.9.3/../../../../arm-none-eabi/lib/armv7e-m/softfp\libg_nano.a(lib_a-impure.o)
 .rodata._ctype_
                0x0802a5fe      0x101 c:/infineon/tools/dave ide/4.5.0.202105191637/eclipse/arm-gcc-49/bin/../lib/gcc/arm-none-eabi/4.9.3/../../../../arm-none-eabi/lib/armv7e-m/softfp\libg_nano.a(lib_a-ctype_.o)
                0x0802a5fe                _ctype_
 *(.gnu.linkonce.r*)
 *(vtable)
                0x0802a700                . = ALIGN (0x4)
 *fill*         0x0802a6ff        0x1 

.glue_7         0x0802a700        0x0 load address 0x0c02a700
 .glue_7        0x00000000        0x0 linker stubs

.glue_7t        0x0802a700        0x0 load address 0x0c02a700
 .glue_7t       0x00000000        0x0 linker stubs

.vfp11_veneer   0x0802a700        0x0 load address 0x0c02a700
 .vfp11_veneer  0x00000000        0x0 linker stubs

.v4_bx          0x0802a700        0x0 load address 0x0c02a700
 .v4_bx         0x00000000        0x0 linker stubs

.iplt           0x0802a700        0x0 load address 0x0c02a700
 .iplt          0x00000000        0x0 ./Startup/startup_XMC4700.o

.eh_frame_hdr
 *(.eh_frame_hdr)

.eh_frame       0x0802a700       0x28 load address 0x0c02a700
 *(.eh_frame)
 .eh_frame      0x0802a700       0x28 c:/infineon/tools/dave ide/4.5.0.202105191637/eclipse/arm-gcc-49/bin/../lib/gcc/arm-none-eabi/4.9.3/../../../../arm-none-eabi/lib/armv7e-m/softfp\libg_nano.a(lib_a-strcmp.o)

.rel.dyn        0x0802a728        0x0 load address 0x0c02a728
 .rel.iplt      0x00000000        0x0 ./Startup/startup_XMC4700.o

.ARM.extab
 *(.ARM.extab* .gnu.linkonce.armextab.*)
                0x0802a728                . = ALIGN (0x4)
                0x0802a728                __exidx_start = .

.ARM.exidx
 *(.ARM.exidx* .gnu.linkonce.armexidx.*)
                0x0802a728                __exidx_end = .
                0x0802a728                . = ALIGN (0x4)

Stack           0x1ffe8000      0x800
                0x1ffe8000                __stack_start = .
                0x1ffe8800                . = (. + stack_size)
 *fill*         0x1ffe8000      0x800 
                0x1ffe8800                __stack_end = .
                0x1ffe8800                __initial_sp = .

.ram_code       0x1ffe8800        0x0 load address 0x0c02a728
                0x1ffe8800                . = ALIGN (0x4)
                0x1ffe8800                __ram_code_start = .
 *(.ram_code)
                0x1ffe8800                . = ALIGN (0x4)
                0x1ffe8800                __ram_code_end = .
                0x0c02a728                __ram_code_load = LOADADDR (.ram_code)
                0x00000000                __ram_code_size = (__ram_code_end - __ram_code_start)

.data           0x1ffe8800      0x310 load address 0x0c02a728
                0x1ffe8800                . = ALIGN (0x4)
                0x1ffe8800                __data_start = .
 *(.data)
 *(.data*)
 .data.UART_0   0x1ffe8800        0xc ./Dave/Generated/UART/uart_conf.o
                0x1ffe8800                UART_0
 .data.TIMER_TC_config
                0x1ffe880c        0x8 ./Dave/Generated/TIMER/timer_conf.o
                0x1ffe880c                TIMER_TC_config
 .data.TIMER_TC
                0x1ffe8814       0x28 ./Dave/Generated/TIMER/timer_conf.o
                0x1ffe8814                TIMER_TC
 .data.TIMER_TIMESTAMP_config
                0x1ffe883c        0x8 ./Dave/Generated/TIMER/timer_conf.o
                0x1ffe883c                TIMER_TIMESTAMP_config
 .data.TIMER_TIMESTAMP
                0x1ffe8844       0x28 ./Dave/Generated/TIMER/timer_conf.o
                0x1ffe8844                TIMER_TIMESTAMP
 .data.dummy_data.9106
                0x1ffe886c        0x4 ./Dave/Generated/SPI_MASTER/spi_master.o
 .data.SPI_MASTER_ADC_MOSI_Config
                0x1ffe8870       0x14 ./Dave/Generated/SPI_MASTER/spi_master_conf.o
                0x1ffe8870                SPI_MASTER_ADC_MOSI_Config
 .data.SPI_MASTER_ADC_SS_1_Config
                0x1ffe8884       0x14 ./Dave/Generated/SPI_MASTER/spi_master_conf.o
                0x1ffe8884                SPI_MASTER_ADC_SS_1_Config
 .data.SPI_MASTER_ADC_Channel_Config
                0x1ffe8898        0xc ./Dave/Generated/SPI_MASTER/spi_master_conf.o
                0x1ffe8898                SPI_MASTER_ADC_Channel_Config
 .data.SPI_MASTER_ADC_dma_ch_tx_config
                0x1ffe88a4       0x24 ./Dave/Generated/SPI_MASTER/spi_master_conf.o
                0x1ffe88a4                SPI_MASTER_ADC_dma_ch_tx_config
 .data.SPI_MASTER_ADC_dma_ch_rx_config
                0x1ffe88c8       0x24 ./Dave/Generated/SPI_MASTER/spi_master_conf.o
                0x1ffe88c8                SPI_MASTER_ADC_dma_ch_rx_config
 .data.SPI_MASTER_ADC_runtime
                0x1ffe88ec       0x24 ./Dave/Generated/SPI_MASTER/spi_master_conf.o
                0x1ffe88ec                SPI_MASTER_ADC_runtime
 .data.SPI_MASTER_ADC
                0x1ffe8910       0x20 ./Dave/Generated/SPI_MASTER/spi_master_conf.o
                0x1ffe8910                SPI_MASTER_ADC
 .data.SPI_MASTER_TC_MOSI_Config
                0x1ffe8930       0x14 ./Dave/Generated/SPI_MASTER/spi_master_conf.o
                0x1ffe8930                SPI_MASTER_TC_MOSI_Config
 .data.SPI_MASTER_TC_SS_1_Config
                0x1ffe8944       0x14 ./Dave/Generated/SPI_MASTER/spi_master_conf.o
                0x1ffe8944                SPI_MASTER_TC_SS_1_Config
 .data.SPI_MASTER_TC_Channel_Config
                0x1ffe8958        0xc ./Dave/Generated/SPI_MASTER/spi_master_conf.o
                0x1ffe8958                SPI_MASTER_TC_Channel_Config
 .data.SPI_MASTER_TC_dma_ch_tx_config
                0x1ffe8964       0x24 ./Dave/Generated/SPI_MASTER/spi_master_conf.o
                0x1ffe8964                SPI_MASTER_TC_dma_ch_tx_config
 .data.SPI_MASTER_TC_dma_ch_rx_config
                0x1ffe8988       0x24 ./Dave/Generated/SPI_MASTER/spi_master_conf.o
                0x1ffe8988                SPI_MASTER_TC_dma_ch_rx_config
 .data.SPI_MASTER_TC_runtime
                0x1ffe89ac       0x24 ./Dave/Generated/SPI_MASTER/spi_master_conf.o
                0x1ffe89ac                SPI_MASTER_TC_runtime
 .data.SPI_MASTER_TC
                0x1ffe89d0       0x20 ./Dave/Generated/SPI_MASTER/spi_master_conf.o
                0x1ffe89d0                SPI_MASTER_TC
 .data.GLOBAL_DMA_0_CONFIG
                0x1ffe89f0        0x4 ./Dave/Generated/GLOBAL_DMA/global_dma_conf.o
                0x1ffe89f0                GLOBAL_DMA_0_CONFIG
 .data.GLOBAL_DMA_0
                0x1ffe89f4        0xc ./Dave/Generated/GLOBAL_DMA/global_dma_conf.o
                0x1ffe89f4                GLOBAL_DMA_0
 .data.GLOBAL_DMA_1_CONFIG
                0x1ffe8a00        0x4 ./Dave/Generated/GLOBAL_DMA/global_dma_conf.o
                0x1ffe8a00                GLOBAL_DMA_1_CONFIG
 .data.GLOBAL_DMA_1
                0x1ffe8a04        0xc ./Dave/Generated/GLOBAL_DMA/global_dma_conf.o
                0x1ffe8a04                GLOBAL_DMA_1
 .data.GLOBAL_CCU4_0
                0x1ffe8a10       0x10 ./Dave/Generated/GLOBAL_CCU4/global_ccu4_conf.o
                0x1ffe8a10                GLOBAL_CCU4_0
 .data.e_eeprom_xmc4_sector_info
                0x1ffe8a20       0x10 ./Dave/Generated/E_EEPROM_XMC4/e_eeprom_xmc4.o
 .data.eth_mac  0x1ffe8a30       0x30 ./Dave/Generated/ETH_LWIP/lwip/port/netif/ethernetif.o
                0x1ffe8a30                eth_mac
 .data.xnetif   0x1ffe8a60       0x38 ./Dave/Generated/ETH_LWIP/lwip/port/netif/ethernetif.o
                0x1ffe8a60                xnetif
 .data.udp_port
                0x1ffe8a98        0x2 ./Dave/Generated/ETH_LWIP/lwip/core/udp.o
 *fill*         0x1ffe8a9a        0x2 
 .data.help_msg
                0x1ffe8a9c        0x4 ./main.o
                0x1ffe8a9c                help_msg
 .data.err_msg  0x1ffe8aa0        0x4 ./main.o
                0x1ffe8aa0                err_msg
 .data.okay_msg
                0x1ffe8aa4        0x4 ./main.o
                0x1ffe8aa4                okay_msg
 .data.impure_data
                0x1ffe8aa8       0x60 c:/infineon/tools/dave ide/4.5.0.202105191637/eclipse/arm-gcc-49/bin/../lib/gcc/arm-none-eabi/4.9.3/../../../../arm-none-eabi/lib/armv7e-m/softfp\libg_nano.a(lib_a-impure.o)
 .data._impure_ptr
                0x1ffe8b08        0x4 c:/infineon/tools/dave ide/4.5.0.202105191637/eclipse/arm-gcc-49/bin/../lib/gcc/arm-none-eabi/4.9.3/../../../../arm-none-eabi/lib/armv7e-m/softfp\libg_nano.a(lib_a-impure.o)
                0x1ffe8b08                _impure_ptr
 .data.__ctype_ptr__
                0x1ffe8b0c        0x4 c:/infineon/tools/dave ide/4.5.0.202105191637/eclipse/arm-gcc-49/bin/../lib/gcc/arm-none-eabi/4.9.3/../../../../arm-none-eabi/lib/armv7e-m/softfp\libg_nano.a(lib_a-ctype_.o)
                0x1ffe8b0c                __ctype_ptr__
 *(*.data)
 *(.gnu.linkonce.d*)
                0x1ffe8b10                . = ALIGN (0x4)
                0x1ffe8b10                PROVIDE (__preinit_array_start, .)
 *(.preinit_array)
                0x1ffe8b10                PROVIDE (__preinit_array_end, .)
                0x1ffe8b10                . = ALIGN (0x4)
                0x1ffe8b10                PROVIDE (__init_array_start, .)
 *(SORT(.init_array.*))
 *(.init_array)
                0x1ffe8b10                PROVIDE (__init_array_end, .)
                0x1ffe8b10                . = ALIGN (0x4)
                0x1ffe8b10                PROVIDE (__fini_array_start, .)
 *(SORT(.fini_array.*))
 *(.fini_array)
                0x1ffe8b10                PROVIDE (__fini_array_end, .)
                0x1ffe8b10                . = ALIGN (0x4)
                0x1ffe8b10                __data_end = .
                0x0c02a728                __data_load = LOADADDR (.data)
                0x00000310                __data_size = (__data_end - __data_start)
                0x0000aa38                __text_size = (((__exidx_end - sText) + __data_size) + __ram_code_size)
                0x0802aa38                eText = (sText + __text_size)

.igot.plt       0x1ffe8b10        0x0 load address 0x0c02aa38
 .igot.plt      0x00000000        0x0 ./Startup/startup_XMC4700.o

.bss            0x1ffe8b10     0x7e28 load address 0x0c02aa38
                0x1ffe8b10                . = ALIGN (0x4)
                0x1ffe8b10                __bss_start = .
 *(.bss)
 *(.bss*)
 .bss.dma0_event_handlers
                0x1ffe8b10       0x20 ./Libraries/XMCLib/src/xmc_dma.o
 .bss.dma1_event_handlers
                0x1ffe8b30       0x10 ./Libraries/XMCLib/src/xmc_dma.o
 .bss.heap_ptr.4331
                0x1ffe8b40        0x4 ./Libraries/Newlib/syscalls.o
 .bss.UART_0_runtime
                0x1ffe8b44       0x1c ./Dave/Generated/UART/uart_conf.o
                0x1ffe8b44                UART_0_runtime
 .bss.g_timer_list
                0x1ffe8b60        0x4 ./Dave/Generated/SYSTIMER/systimer.o
                0x1ffe8b60                g_timer_list
 .bss.g_timer_tracker
                0x1ffe8b64        0x4 ./Dave/Generated/SYSTIMER/systimer.o
                0x1ffe8b64                g_timer_tracker
 .bss.g_systick_count
                0x1ffe8b68        0x4 ./Dave/Generated/SYSTIMER/systimer.o
                0x1ffe8b68                g_systick_count
 .bss.SYSTIMER_0
                0x1ffe8b6c        0x4 ./Dave/Generated/SYSTIMER/systimer_conf.o
                0x1ffe8b6c                SYSTIMER_0
 .bss.SPI_MASTER_ADC_MISO_Config
                0x1ffe8b70       0x14 ./Dave/Generated/SPI_MASTER/spi_master_conf.o
                0x1ffe8b70                SPI_MASTER_ADC_MISO_Config
 .bss.SPI_MASTER_TC_MISO_Config
                0x1ffe8b84       0x14 ./Dave/Generated/SPI_MASTER/spi_master_conf.o
                0x1ffe8b84                SPI_MASTER_TC_MISO_Config
 .bss.e_eeprom_xmc4_data_buffer
                0x1ffe8b98     0x1000 ./Dave/Generated/E_EEPROM_XMC4/e_eeprom_xmc4.o
 .bss.E_EEPROM_XMC4_0
                0x1ffe9b98        0x4 ./Dave/Generated/E_EEPROM_XMC4/e_eeprom_xmc4_conf.o
                0x1ffe9b98                E_EEPROM_XMC4_0
 .bss.arp_table
                0x1ffe9b9c       0xc8 ./Dave/Generated/ETH_LWIP/lwip/netif/etharp.o
 .bss.etharp_cached_entry
                0x1ffe9c64        0x1 ./Dave/Generated/ETH_LWIP/lwip/netif/etharp.o
 *fill*         0x1ffe9c65        0x3 
 .bss.igmp_group_list
                0x1ffe9c68        0x4 ./Dave/Generated/ETH_LWIP/lwip/core/ipv4/igmp.o
 .bss.allsystems
                0x1ffe9c6c        0x4 ./Dave/Generated/ETH_LWIP/lwip/core/ipv4/igmp.o
 .bss.allrouters
                0x1ffe9c70        0x4 ./Dave/Generated/ETH_LWIP/lwip/core/ipv4/igmp.o
 .bss.ip_id     0x1ffe9c74        0x2 ./Dave/Generated/ETH_LWIP/lwip/core/ipv4/ip.o
 *fill*         0x1ffe9c76        0x2 
 .bss.ram       0x1ffe9c78        0x4 ./Dave/Generated/ETH_LWIP/lwip/core/mem.o
 .bss.ram_end   0x1ffe9c7c        0x4 ./Dave/Generated/ETH_LWIP/lwip/core/mem.o
 .bss.lfree     0x1ffe9c80        0x4 ./Dave/Generated/ETH_LWIP/lwip/core/mem.o
 .bss.memp_tab  0x1ffe9c84       0x18 ./Dave/Generated/ETH_LWIP/lwip/core/memp.o
 .bss.memp_memory